Archive member included because of file (symbol)

C:/ISIS/workspace-yarka/yarka12_GlobusSatProject2/satellite-subsystems/demo/..//satellite-subsystems/lib\libSatelliteSubsystems.a(IsisTRXUV.o)
                              ./src/Demos/IsisTRXUVdemo.o (IsisTrxuv_initialize)
C:/ISIS/workspace-yarka/yarka12_GlobusSatProject2/satellite-subsystems/demo/..//satellite-subsystems/lib\libSatelliteSubsystems.a(IsisMTQv2.o)
                              ./src/Demos/IsisMTQv2demo.o (IsisMTQv2_initialize)
C:/ISIS/workspace-yarka/yarka12_GlobusSatProject2/satellite-subsystems/demo/..//satellite-subsystems/lib\libSatelliteSubsystems.a(imepsv2_piu.o)
                              ./src/Demos/isis_eps_demo.o (IMEPSV2_PIU_Init)
C:/ISIS/workspace-yarka/yarka12_GlobusSatProject2/satellite-subsystems/demo/..//satellite-subsystems/lib\libSatelliteSubsystems.a(isis_ants2.o)
                              ./src/Demos/isis_ants2_demo.o (ISIS_ANTS2_Init)
C:/ISIS/workspace-yarka/yarka12_GlobusSatProject2/satellite-subsystems/demo/..//satellite-subsystems/lib\libSatelliteSubsystems.a(IsisAntS.o)
                              ./src/Demos/IsisAntSdemo.o (IsisAntS_initialize)
C:/ISIS/workspace-yarka/yarka12_GlobusSatProject2/satellite-subsystems/demo/..//satellite-subsystems/lib\libSatelliteSubsystems.a(IsisTRXCommon.o)
                              C:/ISIS/workspace-yarka/yarka12_GlobusSatProject2/satellite-subsystems/demo/..//satellite-subsystems/lib\libSatelliteSubsystems.a(IsisTRXUV.o) (IsisTrxCommon_componentReset)
C:/ISIS/workspace-yarka/yarka12_GlobusSatProject2/satellite-subsystems/demo/..//satellite-subsystems/lib\libSatelliteSubsystems.a(GomEPS.o)
                              ./src/Demos/GomEPSdemo.o (GomEpsInitialize)
C:/ISIS/workspace-yarka/yarka12_GlobusSatProject2/satellite-subsystems/demo/..//satellite-subsystems/lib\libSatelliteSubsystems.a(cspaceADCS.o)
                              ./src/Demos/cspaceADCSdemo.o (cspaceADCS_initialize)
C:/ISIS/workspace-yarka/yarka12_GlobusSatProject2/satellite-subsystems/demo/..//satellite-subsystems/lib\libSatelliteSubsystems.a(IsisSolarPanel.o)
                              ./src/Demos/IsisSPdemo.o (IsisSolarPanel_getTemperature)
C:/ISIS/workspace-yarka/yarka12_GlobusSatProject2/satellite-subsystems/demo/..//satellite-subsystems/lib\libSatelliteSubsystems.a(IsisTRXVU.o)
                              ./src/Demos/IsisTRXVUdemo.o (IsisTrxvu_initialize)
C:/ISIS/workspace-yarka/yarka12_GlobusSatProject2/satellite-subsystems/demo/..//satellite-subsystems/lib\libSatelliteSubsystems.a(isis_hstxs.o)
                              ./src/Demos/IsisHSTxSdemo.o (ISIS_HSTXS_Init)
C:/ISIS/workspace-yarka/yarka12_GlobusSatProject2/satellite-subsystems/demo/..//satellite-subsystems/lib\libSatelliteSubsystems.a(IsisMTQv1.o)
                              ./src/Demos/IsisMTQv1demo.o (isisMTQv1_initialize)
C:/ISIS/workspace-yarka/yarka12_GlobusSatProject2/satellite-subsystems/demo/..//satellite-subsystems/lib\libSatelliteSubsystems.a(IsisSolarPanelv2.o)
                              ./src/Demos/IsisSPv2demo.o (IsisSolarPanelv2_initialize)
C:/ISIS/workspace-yarka/yarka12_GlobusSatProject2/satellite-subsystems/demo/..//satellite-subsystems/lib\libSatelliteSubsystems.a(version.o)
                              ./src/main.o (SatelliteSubsystemsVersionRevision)
C:/ISIS/workspace-yarka/yarka12_GlobusSatProject2/satellite-subsystems/demo/..//satellite-subsystems/lib\libSatelliteSubsystems.a(gecko_driver.o)
                              ./src/Demos/ScsGeckoDemo.o (GECKO_SetReg)
C:/ISIS/workspace-yarka/yarka12_GlobusSatProject2/satellite-subsystems/demo/..//satellite-subsystems/lib\libSatelliteSubsystems.a(gecko_use_cases.o)
                              ./src/Demos/ScsGeckoDemo.o (GECKO_UC_Init)
c:/isis/application/toolchain/bin/../lib/gcc/arm-none-eabi/4.7.4/../../../../arm-none-eabi/lib\libm.a(lib_a-w_exp.o)
                              ./src/Demos/common.o (exp)
c:/isis/application/toolchain/bin/../lib/gcc/arm-none-eabi/4.7.4/../../../../arm-none-eabi/lib\libm.a(lib_a-w_log.o)
                              C:/ISIS/workspace-yarka/yarka12_GlobusSatProject2/satellite-subsystems/demo/..//satellite-subsystems/lib\libSatelliteSubsystems.a(gecko_driver.o) (log)
c:/isis/application/toolchain/bin/../lib/gcc/arm-none-eabi/4.7.4/../../../../arm-none-eabi/lib\libm.a(lib_a-e_exp.o)
                              c:/isis/application/toolchain/bin/../lib/gcc/arm-none-eabi/4.7.4/../../../../arm-none-eabi/lib\libm.a(lib_a-w_exp.o) (__ieee754_exp)
c:/isis/application/toolchain/bin/../lib/gcc/arm-none-eabi/4.7.4/../../../../arm-none-eabi/lib\libm.a(lib_a-e_log.o)
                              c:/isis/application/toolchain/bin/../lib/gcc/arm-none-eabi/4.7.4/../../../../arm-none-eabi/lib\libm.a(lib_a-w_log.o) (__ieee754_log)
c:/isis/application/toolchain/bin/../lib/gcc/arm-none-eabi/4.7.4/../../../../arm-none-eabi/lib\libm.a(lib_a-s_finite.o)
[...]
Memory Configuration

Name             Origin             Length             Attributes
sram0            0x00200000         0x00004000         w !xr
sram1            0x00300000         0x00004000         w !xr
sdram            0x20000000         0x02000000         w !xr
*default*        0x00000000         0xffffffff

Linker script and memory map

LOAD c:/isis/application/toolchain/bin/../lib/gcc/arm-none-eabi/4.7.4/../../../../arm-none-eabi/lib\libc.a
LOAD ./src/Demos/GomEPSdemo.o
LOAD ./src/Demos/IsisAntSdemo.o
LOAD ./src/Demos/IsisHSTxSdemo.o
LOAD ./src/Demos/IsisMTQv1demo.o
LOAD ./src/Demos/IsisMTQv2demo.o
LOAD ./src/Demos/IsisSPdemo.o
LOAD ./src/Demos/IsisSPv2demo.o
LOAD ./src/Demos/IsisTRXUVdemo.o
LOAD ./src/Demos/IsisTRXVUdemo.o
LOAD ./src/Demos/ScsGeckoDemo.o
LOAD ./src/Demos/common.o
LOAD ./src/Demos/cspaceADCSdemo.o
LOAD ./src/Demos/input.o
LOAD ./src/Demos/isis_ants2_demo.o
LOAD ./src/Demos/isis_eps_demo.o
LOAD ./src/Demos/tausat2_pdhudemo.o
LOAD ./src/Demos/trxvu_frame_ready.o
LOAD ./src/main.o
LOAD C:/ISIS/workspace-yarka/yarka12_GlobusSatProject2/satellite-subsystems/demo/..//satellite-subsystems/lib\libSatelliteSubsystems.a
LOAD c:/isis/application/toolchain/bin/../lib/gcc/arm-none-eabi/4.7.4/../../../../arm-none-eabi/lib\libm.a
LOAD C:/ISIS/workspace-yarka/yarka12_GlobusSatProject2/satellite-subsystems/demo/../..//hal/hcc/lib\libHCC.a
LOAD C:/ISIS/workspace-yarka/yarka12_GlobusSatProject2/satellite-subsystems/demo/../..//hal/hal/lib\libHAL.a
LOAD C:/ISIS/workspace-yarka/yarka12_GlobusSatProject2/satellite-subsystems/demo/../..//hal/freertos/lib\libFreeRTOS.a
LOAD C:/ISIS/workspace-yarka/yarka12_GlobusSatProject2/satellite-subsystems/demo/../..//hal/at91/lib\libAt91.a
START GROUP
LOAD c:/isis/application/toolchain/bin/../lib/gcc/arm-none-eabi/4.7.4\libgcc.a
LOAD c:/isis/application/toolchain/bin/../lib/gcc/arm-none-eabi/4.7.4/../../../../arm-none-eabi/lib\libc.a
END GROUP

.fixed          0x20000000    0x2ca60
                0x20000000                . = ALIGN (0x4)
                0x20000000                _sfixed = .
 *(.startup)
 .startup       0x20000000      0x184 C:/ISIS/workspace-yarka/yarka12_GlobusSatProject2/satellite-subsystems/demo/../..//hal/at91/lib\libAt91.a(board_cstartup.o)
                0x20000000                entry
 *(.text)
 .text          0x20000184       0x64 C:/ISIS/workspace-yarka/yarka12_GlobusSatProject2/satellite-subsystems/demo/../..//hal/at91/lib\libAt91.a(cp15_asm.o)
                0x20000184                _readControlRegister
                0x20000190                _writeControlRegister
                0x20000198                _waitForInterrupt
                0x200001a4                _writeTTB
                0x200001ac                _writeDomain
                0x200001b4                _writeITLBLockdown
                0x200001bc                _prefetchICacheLine
                0x200001c4                _flushDCache
                0x200001d0                _flushWriteBuffer
                0x200001dc                _invalidateIDTLBs
 .text          0x200001e8      0x114 c:/isis/application/toolchain/bin/../lib/gcc/arm-none-eabi/4.7.4\libgcc.a(_udivsi3.o)
                0x200001e8                __aeabi_uidiv
                0x200001e8                __udivsi3
                0x200002dc                __aeabi_uidivmod
 .text          0x200002fc      0x148 c:/isis/application/toolchain/bin/../lib/gcc/arm-none-eabi/4.7.4\libgcc.a(_divsi3.o)
                0x200002fc                __divsi3
                0x200002fc                __aeabi_idiv
                0x20000424                __aeabi_idivmod
 .text          0x20000444        0x4 c:/isis/application/toolchain/bin/../lib/gcc/arm-none-eabi/4.7.4\libgcc.a(_dvmd_tls.o)
                0x20000444                __aeabi_idiv0
                0x20000444                __aeabi_ldiv0
 .text          0x20000448      0x41c c:/isis/application/toolchain/bin/../lib/gcc/arm-none-eabi/4.7.4\libgcc.a(_arm_addsubdf3.o)
                0x20000448                __aeabi_drsub
                0x20000450                __aeabi_dsub
                0x20000450                __subdf3
                0x20000454                __aeabi_dadd
                0x20000454                __adddf3
                0x20000764                __floatunsidf
                0x20000764                __aeabi_ui2d
                0x20000788                __floatsidf
                0x20000788                __aeabi_i2d
                0x200007b0                __aeabi_f2d
                0x200007b0                __extendsfdf2
                0x200007f0                __floatundidf
                0x200007f0                __aeabi_ul2d
                0x20000804                __floatdidf
                0x20000804                __aeabi_l2d
 .text          0x20000864      0x49c c:/isis/application/toolchain/bin/../lib/gcc/arm-none-eabi/4.7.4\libgcc.a(_arm_muldivdf3.o)
                0x20000864                __aeabi_dmul
                0x20000864                __muldf3
                0x20000af4                __divdf3
                0x20000af4                __aeabi_ddiv
 .text          0x20000d00      0x144 c:/isis/application/toolchain/bin/../lib/gcc/arm-none-eabi/4.7.4\libgcc.a(_arm_cmpdf2.o)
                0x20000d00                __gtdf2
                0x20000d00                __gedf2
                0x20000d08                __ltdf2
                0x20000d08                __ledf2
                0x20000d10                __nedf2
                0x20000d10                __eqdf2
                0x20000d10                __cmpdf2
                0x20000d98                __aeabi_cdrcmple
                0x20000db4                __aeabi_cdcmpeq
                0x20000db4                __aeabi_cdcmple
                0x20000dcc                __aeabi_dcmpeq
                0x20000de4                __aeabi_dcmplt
                0x20000dfc                __aeabi_dcmple
                0x20000e14                __aeabi_dcmpge
                0x20000e2c                __aeabi_dcmpgt
 .text          0x20000e44       0x5c c:/isis/application/toolchain/bin/../lib/gcc/arm-none-eabi/4.7.4\libgcc.a(_arm_fixdfsi.o)
                0x20000e44                __aeabi_d2iz
                0x20000e44                __fixdfsi
 .text          0x20000ea0       0x54 c:/isis/application/toolchain/bin/../lib/gcc/arm-none-eabi/4.7.4\libgcc.a(_arm_fixunsdfsi.o)
                0x20000ea0                __aeabi_d2uiz
                0x20000ea0                __fixunsdfsi
 .text          0x20000ef4       0xa0 c:/isis/application/toolchain/bin/../lib/gcc/arm-none-eabi/4.7.4\libgcc.a(_arm_truncdfsf2.o)
                0x20000ef4                __truncdfsf2
                0x20000ef4                __aeabi_d2f
 .text          0x20000f94      0x2ac c:/isis/application/toolchain/bin/../lib/gcc/arm-none-eabi/4.7.4\libgcc.a(_arm_addsubsf3.o)
                0x20000f94                __aeabi_frsub
                0x20000f9c                __subsf3
                0x20000f9c                __aeabi_fsub
                0x20000fa0                __aeabi_fadd
                0x20000fa0                __addsf3
                0x2000115c                __aeabi_ui2f
                0x2000115c                __floatunsisf
                0x20001164                __aeabi_i2f
                0x20001164                __floatsisf
                0x20001184                __aeabi_ul2f
                0x20001184                __floatundisf
                0x20001194                __aeabi_l2f
                0x20001194                __floatdisf
 .text          0x20001240      0x2f8 c:/isis/application/toolchain/bin/../lib/gcc/arm-none-eabi/4.7.4\libgcc.a(_arm_muldivsf3.o)
                0x20001240                __mulsf3
                0x20001240                __aeabi_fmul
                0x200013d8                __aeabi_fdiv
                0x200013d8                __divsf3
 .text          0x20001538       0x3c c:/isis/application/toolchain/bin/../lib/gcc/arm-none-eabi/4.7.4\libgcc.a(_aeabi_uldivmod.o)
                0x20001538                __aeabi_uldivmod
 .text          0x20001574       0x84 c:/isis/application/toolchain/bin/../lib/gcc/arm-none-eabi/4.7.4\libgcc.a(bpabi.o)
                0x20001574                __gnu_ldivmod_helper
                0x200015b8                __gnu_uldivmod_helper
 .text          0x200015f8      0x4f0 c:/isis/application/toolchain/bin/../lib/gcc/arm-none-eabi/4.7.4\libgcc.a(_divdi3.o)
                0x200015f8                __divdi3
 .text          0x20001ae8      0x488 c:/isis/application/toolchain/bin/../lib/gcc/arm-none-eabi/4.7.4\libgcc.a(_udivdi3.o)
                0x20001ae8                __udivdi3
 .text          0x20001f70       0x48 c:/isis/application/toolchain/bin/../lib/gcc/arm-none-eabi/4.7.4\libgcc.a(_clzsi2.o)
                0x20001f70                __clzsi2
 *(.text*)
 .text.EPS_Get_State
                0x20001fb8       0xdc ./src/Demos/GomEPSdemo.o
                0x20001fb8                EPS_Get_State
 .text.GomEPSdemoInit
                0x20002094       0x5c ./src/Demos/GomEPSdemo.o
                0x20002094                GomEPSdemoInit
 .text.GomEPSdemoLoop
                0x200020f0     0x10d0 ./src/Demos/GomEPSdemo.o
                0x200020f0                GomEPSdemoLoop
 .text.GomEPSdemoMain
                0x200031c0       0x1c ./src/Demos/GomEPSdemo.o
                0x200031c0                GomEPSdemoMain
 .text.GomEPStest
                0x200031dc       0x10 ./src/Demos/GomEPSdemo.o
                0x200031dc                GomEPStest
 .text.printDeploymentStatus
                0x200031ec       0x38 ./src/Demos/IsisAntSdemo.o
 .text.getStatusAntSTest
                0x20003224       0xe8 ./src/Demos/IsisAntSdemo.o
 .text.telemAntSTest
                0x2000330c      0x108 ./src/Demos/IsisAntSdemo.o
 .text.setARMStatus
                0x20003414       0xdc ./src/Demos/IsisAntSdemo.o
 .text.autoDeploymentAntSTest
                0x200034f0       0xb0 ./src/Demos/IsisAntSdemo.o
 .text.manualDeploymentAntSTest
                0x200035a0       0xf8 ./src/Demos/IsisAntSdemo.o
 .text.selectAndExecuteAntSDemoTest
                0x20003698      0x350 ./src/Demos/IsisAntSdemo.o
                0x20003698                selectAndExecuteAntSDemoTest
 .text.AntStest
                0x200039e8       0x80 ./src/Demos/IsisAntSdemo.o
                0x200039e8                AntStest
 .text.IsisHSTxSdemoInit
                0x20003a68       0x64 ./src/Demos/IsisHSTxSdemo.o
                0x20003a68                IsisHSTxSdemoInit
 .text.IsisHSTxSdemoLoop
                0x20003acc      0xb94 ./src/Demos/IsisHSTxSdemo.o
                0x20003acc                IsisHSTxSdemoLoop
 .text.IsisHSTxSdemoMain
                0x20004660       0x1c ./src/Demos/IsisHSTxSdemo.o
                0x20004660                IsisHSTxSdemoMain
 .text.HSTxStest
                0x2000467c       0x10 ./src/Demos/IsisHSTxSdemo.o
                0x2000467c                HSTxStest
 .text._parse_resp
                0x2000468c      0x13c ./src/Demos/IsisMTQv2demo.o
 .text._parse_selftest_step
                0x200047c8      0x388 ./src/Demos/IsisMTQv2demo.o
 .text._get_axis_inputs
                0x20004b50      0x194 ./src/Demos/IsisMTQv2demo.o
 .text._startSelfTest
                0x20004ce4      0x1a8 ./src/Demos/IsisMTQv2demo.o
 .text._getSelftestDataAllAxis
                0x20004e8c      0x190 ./src/Demos/IsisMTQv2demo.o
 .text.IsisMTQv2demoInit
                0x2000501c       0x5c ./src/Demos/IsisMTQv2demo.o
                0x2000501c                IsisMTQv2demoInit
 .text.IsisMTQv2demoLoop
                0x20005078     0x1604 ./src/Demos/IsisMTQv2demo.o
                0x20005078                IsisMTQv2demoLoop
 .text.IsisMTQv2demoMain
                0x2000667c       0x1c ./src/Demos/IsisMTQv2demo.o
                0x2000667c                IsisMTQv2demoMain
 .text.IsisMTQv2test
                0x20006698       0x10 ./src/Demos/IsisMTQv2demo.o
                0x20006698                IsisMTQv2test
 .text.SolarPanelv2_Temperature
                0x200066a8       0x9c ./src/Demos/IsisSPv2demo.o
                0x200066a8                SolarPanelv2_Temperature
 .text.selectAndExecuteSolarPanelsv2DemoTest
                0x20006744       0x6c ./src/Demos/IsisSPv2demo.o
                0x20006744                selectAndExecuteSolarPanelsv2DemoTest
 .text.SolarPanelsv2_mainDemo
                0x200067b0       0x14 ./src/Demos/IsisSPv2demo.o
                0x200067b0                SolarPanelsv2_mainDemo
 .text.SolarPanelv2test
                0x200067c4       0x74 ./src/Demos/IsisSPv2demo.o
                0x200067c4                SolarPanelv2test
 .text.initSPv2
                0x20006838       0x6c ./src/Demos/IsisSPv2demo.o
                0x20006838                initSPv2
 .text.vurc_revDInterruptCallback
                0x200068a4       0x38 ./src/Demos/IsisTRXVUdemo.o
 .text.TransponderTimerTask
                0x200068dc       0x40 ./src/Demos/IsisTRXVUdemo.o
 .text._WatchDogKickTask
                0x2000691c       0x2c ./src/Demos/IsisTRXVUdemo.o
 .text.initSD   0x20006948       0x58 ./src/Demos/IsisTRXVUdemo.o
                0x20006948                initSD
 .text.IsisTRXVUdemoInit
                0x200069a0       0xc0 ./src/Demos/IsisTRXVUdemo.o
                0x200069a0                IsisTRXVUdemoInit
 .text.IsisTRXVUdemoLoop
                0x20006a60      0xffc ./src/Demos/IsisTRXVUdemo.o
                0x20006a60                IsisTRXVUdemoLoop
 .text.IsisTRXVUdemoMain
                0x20007a5c       0x1c ./src/Demos/IsisTRXVUdemo.o
                0x20007a5c                IsisTRXVUdemoMain
 .text.TRXVUtest
                0x20007a78       0x10 ./src/Demos/IsisTRXVUdemo.o
                0x20007a78                TRXVUtest
 .text.ing_interact
                0x20007a88      0x24c ./src/Demos/common.o
                0x20007a88                ing_interact
 .text.ing_parse
                0x20007cd4      0x448 ./src/Demos/common.o
                0x20007cd4                ing_parse
 .text.ing      0x2000811c       0x5c ./src/Demos/common.o
                0x2000811c                ing
 .text.config_param_info
                0x20008178      0x754 ./src/Demos/common.o
                0x20008178                config_param_info
 .text.print_error
                0x200088cc       0x38 ./src/Demos/common.o
                0x200088cc                print_error
 .text._GetInput
                0x20008904       0x84 ./src/Demos/input.o
 .text.INPUT_GetINT8
                0x20008988       0x98 ./src/Demos/input.o
                0x20008988                INPUT_GetINT8
 .text.INPUT_GetUINT16
                0x20008a20       0x88 ./src/Demos/input.o
                0x20008a20                INPUT_GetUINT16
 .text.INPUT_GetSTRING
                0x20008aa8       0x44 ./src/Demos/input.o
                0x20008aa8                INPUT_GetSTRING
 .text._print_eps_response
                0x20008aec       0x6c ./src/Demos/isis_eps_demo.o
 .text.isis_eps__demo__init
                0x20008b58       0xac ./src/Demos/isis_eps_demo.o
                0x20008b58                isis_eps__demo__init
 .text.isis_eps__demo__loop
                0x20008c04      0xbfc ./src/Demos/isis_eps_demo.o
                0x20008c04                isis_eps__demo__loop
 .text.isis_eps__demo__main
                0x20009800       0x1c ./src/Demos/isis_eps_demo.o
                0x20009800                isis_eps__demo__main
 .text.isis_eps__test
                0x2000981c        0x4 ./src/Demos/isis_eps_demo.o
                0x2000981c                isis_eps__test
 .text.TAUSAT2PdhuDemoInit
                0x20009820       0x20 ./src/Demos/tausat2_pdhudemo.o
                0x20009820                TAUSAT2PdhuDemoInit
 .text.TAUSAT2PdhuDemoLoop
                0x20009840      0x4ec ./src/Demos/tausat2_pdhudemo.o
                0x20009840                TAUSAT2PdhuDemoLoop
 .text.TAUSAT2PdhuDemoMain
                0x20009d2c       0x1c ./src/Demos/tausat2_pdhudemo.o
                0x20009d2c                TAUSAT2PdhuDemoMain
 .text._Handler
                0x20009d48       0x24 ./src/Demos/trxvu_frame_ready.o
 .text.TRXVU_FR_Enable
                0x20009d6c       0x44 ./src/Demos/trxvu_frame_ready.o
                0x20009d6c                TRXVU_FR_Enable
 .text.TRXVU_FR_Disable
                0x20009db0        0xc ./src/Demos/trxvu_frame_ready.o
                0x20009db0                TRXVU_FR_Disable
 .text.TRXVU_FR_IsReady
                0x20009dbc       0x14 ./src/Demos/trxvu_frame_ready.o
                0x20009dbc                TRXVU_FR_IsReady
 .text.selectAndExecuteTest
                0x20009dd0      0x150 ./src/main.o
                0x20009dd0                selectAndExecuteTest
 .text.taskMain
                0x20009f20       0x38 ./src/main.o
                0x20009f20                taskMain
 .text.startup.main
                0x20009f58      0x1f4 ./src/main.o
                0x20009f58                main
 .text._make_isisMTQtransfer.isra.0
                0x2000a14c       0x1c C:/ISIS/workspace-yarka/yarka12_GlobusSatProject2/satellite-subsystems/demo/..//satellite-subsystems/lib\libSatelliteSubsystems.a(IsisMTQv2.o)
 .text.IsisMTQv2_initialize
                0x2000a168       0xc0 C:/ISIS/workspace-yarka/yarka12_GlobusSatProject2/satellite-subsystems/demo/..//satellite-subsystems/lib\libSatelliteSubsystems.a(IsisMTQv2.o)
                0x2000a168                IsisMTQv2_initialize
 .text.IsisMTQv2_softReset
                0x2000a228       0x7c C:/ISIS/workspace-yarka/yarka12_GlobusSatProject2/satellite-subsystems/demo/..//satellite-subsystems/lib\libSatelliteSubsystems.a(IsisMTQv2.o)
                0x2000a228                IsisMTQv2_softReset
 .text.IsisMTQv2_noOperation
                0x2000a2a4       0x68 C:/ISIS/workspace-yarka/yarka12_GlobusSatProject2/satellite-subsystems/demo/..//satellite-subsystems/lib\libSatelliteSubsystems.a(IsisMTQv2.o)
                0x2000a2a4                IsisMTQv2_noOperation
 .text.IsisMTQv2_cancelOperation
                0x2000a30c       0x6c C:/ISIS/workspace-yarka/yarka12_GlobusSatProject2/satellite-subsystems/demo/..//satellite-subsystems/lib\libSatelliteSubsystems.a(IsisMTQv2.o)
                0x2000a30c                IsisMTQv2_cancelOperation
 .text.IsisMTQv2_startMTMMeasurement
                0x2000a378       0x6c C:/ISIS/workspace-yarka/yarka12_GlobusSatProject2/satellite-subsystems/demo/..//satellite-subsystems/lib\libSatelliteSubsystems.a(IsisMTQv2.o)
                0x2000a378                IsisMTQv2_startMTMMeasurement
 .text.IsisMTQv2_startMTQActuationCurrent
                0x2000a3e4       0x80 C:/ISIS/workspace-yarka/yarka12_GlobusSatProject2/satellite-subsystems/demo/..//satellite-subsystems/lib\libSatelliteSubsystems.a(IsisMTQv2.o)
                0x2000a3e4                IsisMTQv2_startMTQActuationCurrent
 .text.IsisMTQv2_startMTQActuationDipole
                0x2000a464       0x80 C:/ISIS/workspace-yarka/yarka12_GlobusSatProject2/satellite-subsystems/demo/..//satellite-subsystems/lib\libSatelliteSubsystems.a(IsisMTQv2.o)
                0x2000a464                IsisMTQv2_startMTQActuationDipole
 .text.IsisMTQv2_startMTQActuationPWM
                0x2000a4e4       0x80 C:/ISIS/workspace-yarka/yarka12_GlobusSatProject2/satellite-subsystems/demo/..//satellite-subsystems/lib\libSatelliteSubsystems.a(IsisMTQv2.o)
                0x2000a4e4                IsisMTQv2_startMTQActuationPWM
 .text.IsisMTQv2_startSelfTest
                0x2000a564       0x6c C:/ISIS/workspace-yarka/yarka12_GlobusSatProject2/satellite-subsystems/demo/..//satellite-subsystems/lib\libSatelliteSubsystems.a(IsisMTQv2.o)
                0x2000a564                IsisMTQv2_startSelfTest
 .text.IsisMTQv2_startDetumble
                0x2000a5d0       0x80 C:/ISIS/workspace-yarka/yarka12_GlobusSatProject2/satellite-subsystems/demo/..//satellite-subsystems/lib\libSatelliteSubsystems.a(IsisMTQv2.o)
                0x2000a5d0                IsisMTQv2_startDetumble
 .text.IsisMTQv2_getSystemState
                0x2000a650       0xb8 C:/ISIS/workspace-yarka/yarka12_GlobusSatProject2/satellite-subsystems/demo/..//satellite-subsystems/lib\libSatelliteSubsystems.a(IsisMTQv2.o)
                0x2000a650                IsisMTQv2_getSystemState
 .text.IsisMTQv2_getRawMTMData
                0x2000a708       0xb8 C:/ISIS/workspace-yarka/yarka12_GlobusSatProject2/satellite-subsystems/demo/..//satellite-subsystems/lib\libSatelliteSubsystems.a(IsisMTQv2.o)
                0x2000a708                IsisMTQv2_getRawMTMData
 .text.IsisMTQv2_getCalMTMData
                0x2000a7c0       0xb8 C:/ISIS/workspace-yarka/yarka12_GlobusSatProject2/satellite-subsystems/demo/..//satellite-subsystems/lib\libSatelliteSubsystems.a(IsisMTQv2.o)
                0x2000a7c0                IsisMTQv2_getCalMTMData
 .text.IsisMTQv2_getCoilCurrent
                0x2000a878       0xb0 C:/ISIS/workspace-yarka/yarka12_GlobusSatProject2/satellite-subsystems/demo/..//satellite-subsystems/lib\libSatelliteSubsystems.a(IsisMTQv2.o)
                0x2000a878                IsisMTQv2_getCoilCurrent
 .text.IsisMTQv2_getCoilTemperature
                0x2000a928       0xb0 C:/ISIS/workspace-yarka/yarka12_GlobusSatProject2/satellite-subsystems/demo/..//satellite-subsystems/lib\libSatelliteSubsystems.a(IsisMTQv2.o)
                0x2000a928                IsisMTQv2_getCoilTemperature
 .text.IsisMTQv2_getCmdActuationDipole
                0x2000a9d8       0xb0 C:/ISIS/workspace-yarka/yarka12_GlobusSatProject2/satellite-subsystems/demo/..//satellite-subsystems/lib\libSatelliteSubsystems.a(IsisMTQv2.o)
                0x2000a9d8                IsisMTQv2_getCmdActuationDipole
 .text.IsisMTQv2_getSelftestDataSingleAxis
                0x2000aa88      0x104 C:/ISIS/workspace-yarka/yarka12_GlobusSatProject2/satellite-subsystems/demo/..//satellite-subsystems/lib\libSatelliteSubsystems.a(IsisMTQv2.o)
                0x2000aa88                IsisMTQv2_getSelftestDataSingleAxis
 .text.IsisMTQv2_getSelftestDataAllAxis
                0x2000ab8c      0x1dc C:/ISIS/workspace-yarka/yarka12_GlobusSatProject2/satellite-subsystems/demo/..//satellite-subsystems/lib\libSatelliteSubsystems.a(IsisMTQv2.o)
                0x2000ab8c                IsisMTQv2_getSelftestDataAllAxis
 .text.IsisMTQv2_getDetumbleData
                0x2000ad68       0xb8 C:/ISIS/workspace-yarka/yarka12_GlobusSatProject2/satellite-subsystems/demo/..//satellite-subsystems/lib\libSatelliteSubsystems.a(IsisMTQv2.o)
                0x2000ad68                IsisMTQv2_getDetumbleData
 .text.IsisMTQv2_getRawHKData
                0x2000ae20       0xb8 C:/ISIS/workspace-yarka/yarka12_GlobusSatProject2/satellite-subsystems/demo/..//satellite-subsystems/lib\libSatelliteSubsystems.a(IsisMTQv2.o)
                0x2000ae20                IsisMTQv2_getRawHKData
 .text.IsisMTQv2_getEngHKData
                0x2000aed8       0xb8 C:/ISIS/workspace-yarka/yarka12_GlobusSatProject2/satellite-subsystems/demo/..//satellite-subsystems/lib\libSatelliteSubsystems.a(IsisMTQv2.o)
                0x2000aed8                IsisMTQv2_getEngHKData
 .text.IsisMTQv2_getParSize
                0x2000af90       0x74 C:/ISIS/workspace-yarka/yarka12_GlobusSatProject2/satellite-subsystems/demo/..//satellite-subsystems/lib\libSatelliteSubsystems.a(IsisMTQv2.o)
                0x2000af90                IsisMTQv2_getParSize
 .text.IsisMTQv2_getParameter
                0x2000b004      0x13c C:/ISIS/workspace-yarka/yarka12_GlobusSatProject2/satellite-subsystems/demo/..//satellite-subsystems/lib\libSatelliteSubsystems.a(IsisMTQv2.o)
                0x2000b004                IsisMTQv2_getParameter
 .text.IsisMTQv2_setParameter
                0x2000b140      0x158 C:/ISIS/workspace-yarka/yarka12_GlobusSatProject2/satellite-subsystems/demo/..//satellite-subsystems/lib\libSatelliteSubsystems.a(IsisMTQv2.o)
                0x2000b140                IsisMTQv2_setParameter
 .text.IsisMTQv2_resetParameter
                0x2000b298      0x13c C:/ISIS/workspace-yarka/yarka12_GlobusSatProject2/satellite-subsystems/demo/..//satellite-subsystems/lib\libSatelliteSubsystems.a(IsisMTQv2.o)
                0x2000b298                IsisMTQv2_resetParameter
 .text._I2C_Send
                0x2000b3d4       0x38 C:/ISIS/workspace-yarka/yarka12_GlobusSatProject2/satellite-subsystems/demo/..//satellite-subsystems/lib\libSatelliteSubsystems.a(imepsv2_piu.o)
 .text.IMEPSV2_PIU_Init
                0x2000b40c       0x70 C:/ISIS/workspace-yarka/yarka12_GlobusSatProject2/satellite-subsystems/demo/..//satellite-subsystems/lib\libSatelliteSubsystems.a(imepsv2_piu.o)
                0x2000b40c                IMEPSV2_PIU_Init
 .text.imepsv2_piu__cancel
                0x2000b47c       0x60 C:/ISIS/workspace-yarka/yarka12_GlobusSatProject2/satellite-subsystems/demo/..//satellite-subsystems/lib\libSatelliteSubsystems.a(imepsv2_piu.o)
                0x2000b47c                imepsv2_piu__cancel
 .text.imepsv2_piu__gethousekeepingeng
                0x2000b4dc       0x60 C:/ISIS/workspace-yarka/yarka12_GlobusSatProject2/satellite-subsystems/demo/..//satellite-subsystems/lib\libSatelliteSubsystems.a(imepsv2_piu.o)
                0x2000b4dc                imepsv2_piu__gethousekeepingeng
 .text.imepsv2_piu__gethousekeepingraw
                0x2000b53c       0x60 C:/ISIS/workspace-yarka/yarka12_GlobusSatProject2/satellite-subsystems/demo/..//satellite-subsystems/lib\libSatelliteSubsystems.a(imepsv2_piu.o)
                0x2000b53c                imepsv2_piu__gethousekeepingraw
 .text.imepsv2_piu__getsystemstatus
                0x2000b59c       0x60 C:/ISIS/workspace-yarka/yarka12_GlobusSatProject2/satellite-subsystems/demo/..//satellite-subsystems/lib\libSatelliteSubsystems.a(imepsv2_piu.o)
                0x2000b59c                imepsv2_piu__getsystemstatus
 .text.imepsv2_piu__outputbuschanneloff
                0x2000b5fc       0x5c C:/ISIS/workspace-yarka/yarka12_GlobusSatProject2/satellite-subsystems/demo/..//satellite-subsystems/lib\libSatelliteSubsystems.a(imepsv2_piu.o)
                0x2000b5fc                imepsv2_piu__outputbuschanneloff
 .text.imepsv2_piu__outputbuschannelon
                0x2000b658       0x5c C:/ISIS/workspace-yarka/yarka12_GlobusSatProject2/satellite-subsystems/demo/..//satellite-subsystems/lib\libSatelliteSubsystems.a(imepsv2_piu.o)
                0x2000b658                imepsv2_piu__outputbuschannelon
 .text.imepsv2_piu__reset
                0x2000b6b4       0x60 C:/ISIS/workspace-yarka/yarka12_GlobusSatProject2/satellite-subsystems/demo/..//satellite-subsystems/lib\libSatelliteSubsystems.a(imepsv2_piu.o)
                0x2000b6b4                imepsv2_piu__reset
 .text.imepsv2_piu__resetwatchdog
                0x2000b714       0x60 C:/ISIS/workspace-yarka/yarka12_GlobusSatProject2/satellite-subsystems/demo/..//satellite-subsystems/lib\libSatelliteSubsystems.a(imepsv2_piu.o)
                0x2000b714                imepsv2_piu__resetwatchdog
 .text.imepsv2_piu__switchtonominal
                0x2000b774       0x60 C:/ISIS/workspace-yarka/yarka12_GlobusSatProject2/satellite-subsystems/demo/..//satellite-subsystems/lib\libSatelliteSubsystems.a(imepsv2_piu.o)
                0x2000b774                imepsv2_piu__switchtonominal
 .text.imepsv2_piu__switchtosafety
                0x2000b7d4       0x60 C:/ISIS/workspace-yarka/yarka12_GlobusSatProject2/satellite-subsystems/demo/..//satellite-subsystems/lib\libSatelliteSubsystems.a(imepsv2_piu.o)
                0x2000b7d4                imepsv2_piu__switchtosafety
 .text.checkInputsValid
                0x2000b834       0x2c C:/ISIS/workspace-yarka/yarka12_GlobusSatProject2/satellite-subsystems/demo/..//satellite-subsystems/lib\libSatelliteSubsystems.a(IsisAntS.o)
 .text.makeAntStransfer.isra.0
                0x2000b860       0x1c C:/ISIS/workspace-yarka/yarka12_GlobusSatProject2/satellite-subsystems/demo/..//satellite-subsystems/lib\libSatelliteSubsystems.a(IsisAntS.o)
 .text.IsisAntS_initialize
                0x2000b87c      0x104 C:/ISIS/workspace-yarka/yarka12_GlobusSatProject2/satellite-subsystems/demo/..//satellite-subsystems/lib\libSatelliteSubsystems.a(IsisAntS.o)
                0x2000b87c                IsisAntS_initialize
 .text.IsisAntS_setArmStatus
                0x2000b980       0x74 C:/ISIS/workspace-yarka/yarka12_GlobusSatProject2/satellite-subsystems/demo/..//satellite-subsystems/lib\libSatelliteSubsystems.a(IsisAntS.o)
                0x2000b980                IsisAntS_setArmStatus
 .text.IsisAntS_attemptDeployment
                0x2000b9f4       0xa8 C:/ISIS/workspace-yarka/yarka12_GlobusSatProject2/satellite-subsystems/demo/..//satellite-subsystems/lib\libSatelliteSubsystems.a(IsisAntS.o)
                0x2000b9f4                IsisAntS_attemptDeployment
 .text.IsisAntS_getStatusData
                0x2000ba9c       0x90 C:/ISIS/workspace-yarka/yarka12_GlobusSatProject2/satellite-subsystems/demo/..//satellite-subsystems/lib\libSatelliteSubsystems.a(IsisAntS.o)
                0x2000ba9c                IsisAntS_getStatusData
 .text.IsisAntS_getTemperature
                0x2000bb2c       0x90 C:/ISIS/workspace-yarka/yarka12_GlobusSatProject2/satellite-subsystems/demo/..//satellite-subsystems/lib\libSatelliteSubsystems.a(IsisAntS.o)
                0x2000bb2c                IsisAntS_getTemperature
 .text.IsisAntS_getUptime
                0x2000bbbc       0x90 C:/ISIS/workspace-yarka/yarka12_GlobusSatProject2/satellite-subsystems/demo/..//satellite-subsystems/lib\libSatelliteSubsystems.a(IsisAntS.o)
                0x2000bbbc                IsisAntS_getUptime
 .text.IsisAntS_getAlltelemetry
                0x2000bc4c       0x90 C:/ISIS/workspace-yarka/yarka12_GlobusSatProject2/satellite-subsystems/demo/..//satellite-subsystems/lib\libSatelliteSubsystems.a(IsisAntS.o)
                0x2000bc4c                IsisAntS_getAlltelemetry
 .text.IsisAntS_reset
                0x2000bcdc       0x78 C:/ISIS/workspace-yarka/yarka12_GlobusSatProject2/satellite-subsystems/demo/..//satellite-subsystems/lib\libSatelliteSubsystems.a(IsisAntS.o)
                0x2000bcdc                IsisAntS_reset
 .text.IsisAntS_autoDeployment
                0x2000bd54       0x7c C:/ISIS/workspace-yarka/yarka12_GlobusSatProject2/satellite-subsystems/demo/..//satellite-subsystems/lib\libSatelliteSubsystems.a(IsisAntS.o)
                0x2000bd54                IsisAntS_autoDeployment
 .text.makeTRXCommonTransfer
                0x2000bdd0       0x1c C:/ISIS/workspace-yarka/yarka12_GlobusSatProject2/satellite-subsystems/demo/..//satellite-subsystems/lib\libSatelliteSubsystems.a(IsisTRXCommon.o)
 .text.IsisTrxCommon_componentReset
                0x2000bdec       0x48 C:/ISIS/workspace-yarka/yarka12_GlobusSatProject2/satellite-subsystems/demo/..//satellite-subsystems/lib\libSatelliteSubsystems.a(IsisTRXCommon.o)
                0x2000bdec                IsisTrxCommon_componentReset
 .text.IsisTrxCommon_TxSendAX25DefClSign
                0x2000be34       0x88 C:/ISIS/workspace-yarka/yarka12_GlobusSatProject2/satellite-subsystems/demo/..//satellite-subsystems/lib\libSatelliteSubsystems.a(IsisTRXCommon.o)
                0x2000be34                IsisTrxCommon_TxSendAX25DefClSign
 .text.IsisTrxCommon_TxSetAx25BeaconOvrClSign
                0x2000bebc       0xbc C:/ISIS/workspace-yarka/yarka12_GlobusSatProject2/satellite-subsystems/demo/..//satellite-subsystems/lib\libSatelliteSubsystems.a(IsisTRXCommon.o)
                0x2000bebc                IsisTrxCommon_TxSetAx25BeaconOvrClSign
 .text.IsisTrxCommon_TxClearBeacon
                0x2000bf78       0x44 C:/ISIS/workspace-yarka/yarka12_GlobusSatProject2/satellite-subsystems/demo/..//satellite-subsystems/lib\libSatelliteSubsystems.a(IsisTRXCommon.o)
                0x2000bf78                IsisTrxCommon_TxClearBeacon
 .text.IsisTrxCommon_TxSetIdlestate
                0x2000bfbc       0x48 C:/ISIS/workspace-yarka/yarka12_GlobusSatProject2/satellite-subsystems/demo/..//satellite-subsystems/lib\libSatelliteSubsystems.a(IsisTRXCommon.o)
                0x2000bfbc                IsisTrxCommon_TxSetIdlestate
 .text.IsisTrxCommon_TxSetAx25Bitrate
                0x2000c004       0x48 C:/ISIS/workspace-yarka/yarka12_GlobusSatProject2/satellite-subsystems/demo/..//satellite-subsystems/lib\libSatelliteSubsystems.a(IsisTRXCommon.o)
                0x2000c004                IsisTrxCommon_TxSetAx25Bitrate
 .text.IsisTrxCommon_RxGetFrameCount
                0x2000c04c       0x4c C:/ISIS/workspace-yarka/yarka12_GlobusSatProject2/satellite-subsystems/demo/..//satellite-subsystems/lib\libSatelliteSubsystems.a(IsisTRXCommon.o)
                0x2000c04c                IsisTrxCommon_RxGetFrameCount
 .text.IsisTrxCommon_GetUptime
                0x2000c098       0x50 C:/ISIS/workspace-yarka/yarka12_GlobusSatProject2/satellite-subsystems/demo/..//satellite-subsystems/lib\libSatelliteSubsystems.a(IsisTRXCommon.o)
                0x2000c098                IsisTrxCommon_GetUptime
 .text.makeEPStransfer.isra.0
                0x2000c0e8       0x1c C:/ISIS/workspace-yarka/yarka12_GlobusSatProject2/satellite-subsystems/demo/..//satellite-subsystems/lib\libSatelliteSubsystems.a(GomEPS.o)
 .text.GomEpsInitialize
                0x2000c104       0x98 C:/ISIS/workspace-yarka/yarka12_GlobusSatProject2/satellite-subsystems/demo/..//satellite-subsystems/lib\libSatelliteSubsystems.a(GomEPS.o)
                0x2000c104                GomEpsInitialize
 .text.GomEpsSoftReset
                0x2000c19c       0x7c C:/ISIS/workspace-yarka/yarka12_GlobusSatProject2/satellite-subsystems/demo/..//satellite-subsystems/lib\libSatelliteSubsystems.a(GomEPS.o)
                0x2000c19c                GomEpsSoftReset
 .text.GomEpsHardReset
                0x2000c218       0x6c C:/ISIS/workspace-yarka/yarka12_GlobusSatProject2/satellite-subsystems/demo/..//satellite-subsystems/lib\libSatelliteSubsystems.a(GomEPS.o)
                0x2000c218                GomEpsHardReset
 .text.GomEpsGetHkData_param
                0x2000c284       0xe4 C:/ISIS/workspace-yarka/yarka12_GlobusSatProject2/satellite-subsystems/demo/..//satellite-subsystems/lib\libSatelliteSubsystems.a(GomEPS.o)
                0x2000c284                GomEpsGetHkData_param
 .text.GomEpsGetHkData_general
                0x2000c368      0x164 C:/ISIS/workspace-yarka/yarka12_GlobusSatProject2/satellite-subsystems/demo/..//satellite-subsystems/lib\libSatelliteSubsystems.a(GomEPS.o)
                0x2000c368                GomEpsGetHkData_general
 .text.GomEpsGetHkData_vi
                0x2000c4cc       0xb8 C:/ISIS/workspace-yarka/yarka12_GlobusSatProject2/satellite-subsystems/demo/..//satellite-subsystems/lib\libSatelliteSubsystems.a(GomEPS.o)
                0x2000c4cc                GomEpsGetHkData_vi
 .text.GomEpsGetHkData_out
                0x2000c584       0xdc C:/ISIS/workspace-yarka/yarka12_GlobusSatProject2/satellite-subsystems/demo/..//satellite-subsystems/lib\libSatelliteSubsystems.a(GomEPS.o)
                0x2000c584                GomEpsGetHkData_out
 .text.GomEpsGetHkData_wdt
                0x2000c660      0x104 C:/ISIS/workspace-yarka/yarka12_GlobusSatProject2/satellite-subsystems/demo/..//satellite-subsystems/lib\libSatelliteSubsystems.a(GomEPS.o)
                0x2000c660                GomEpsGetHkData_wdt
 .text.GomEpsGetHkData_basic
                0x2000c764       0xd4 C:/ISIS/workspace-yarka/yarka12_GlobusSatProject2/satellite-subsystems/demo/..//satellite-subsystems/lib\libSatelliteSubsystems.a(GomEPS.o)
                0x2000c764                GomEpsGetHkData_basic
 .text.GomEpsSetSingleOutput
                0x2000c838       0x80 C:/ISIS/workspace-yarka/yarka12_GlobusSatProject2/satellite-subsystems/demo/..//satellite-subsystems/lib\libSatelliteSubsystems.a(GomEPS.o)
                0x2000c838                GomEpsSetSingleOutput
 .text.makeTRXVUtransfer.isra.0
                0x2000c8b8       0x1c C:/ISIS/workspace-yarka/yarka12_GlobusSatProject2/satellite-subsystems/demo/..//satellite-subsystems/lib\libSatelliteSubsystems.a(IsisTRXVU.o)
 .text.IsisTrxvu_initialize
                0x2000c8d4      0x134 C:/ISIS/workspace-yarka/yarka12_GlobusSatProject2/satellite-subsystems/demo/..//satellite-subsystems/lib\libSatelliteSubsystems.a(IsisTRXVU.o)
                0x2000c8d4                IsisTrxvu_initialize
 .text.IsisTrxvu_componentSoftReset
                0x2000ca08       0x34 C:/ISIS/workspace-yarka/yarka12_GlobusSatProject2/satellite-subsystems/demo/..//satellite-subsystems/lib\libSatelliteSubsystems.a(IsisTRXVU.o)
                0x2000ca08                IsisTrxvu_componentSoftReset
 .text.IsisTrxvu_componentHardReset
                0x2000ca3c       0x70 C:/ISIS/workspace-yarka/yarka12_GlobusSatProject2/satellite-subsystems/demo/..//satellite-subsystems/lib\libSatelliteSubsystems.a(IsisTRXVU.o)
                0x2000ca3c                IsisTrxvu_componentHardReset
 .text.IsisTrxvu_tcSendAX25DefClSign
                0x2000caac       0x70 C:/ISIS/workspace-yarka/yarka12_GlobusSatProject2/satellite-subsystems/demo/..//satellite-subsystems/lib\libSatelliteSubsystems.a(IsisTRXVU.o)
                0x2000caac                IsisTrxvu_tcSendAX25DefClSign
 .text.IsisTrxvu_tcSetAx25BeaconOvrClSign
                0x2000cb1c       0x94 C:/ISIS/workspace-yarka/yarka12_GlobusSatProject2/satellite-subsystems/demo/..//satellite-subsystems/lib\libSatelliteSubsystems.a(IsisTRXVU.o)
                0x2000cb1c                IsisTrxvu_tcSetAx25BeaconOvrClSign
 .text.IsisTrxvu_tcClearBeacon
                0x2000cbb0       0x48 C:/ISIS/workspace-yarka/yarka12_GlobusSatProject2/satellite-subsystems/demo/..//satellite-subsystems/lib\libSatelliteSubsystems.a(IsisTRXVU.o)
                0x2000cbb0                IsisTrxvu_tcClearBeacon
 .text.IsisTrxvu_tcSetIdlestate
                0x2000cbf8       0x54 C:/ISIS/workspace-yarka/yarka12_GlobusSatProject2/satellite-subsystems/demo/..//satellite-subsystems/lib\libSatelliteSubsystems.a(IsisTRXVU.o)
                0x2000cbf8                IsisTrxvu_tcSetIdlestate
 .text.IsisTrxvu_tcSetAx25Bitrate
                0x2000cc4c       0x7c C:/ISIS/workspace-yarka/yarka12_GlobusSatProject2/satellite-subsystems/demo/..//satellite-subsystems/lib\libSatelliteSubsystems.a(IsisTRXVU.o)
                0x2000cc4c                IsisTrxvu_tcSetAx25Bitrate
 .text.IsisTrxvu_tcGetUptime
                0x2000ccc8       0x60 C:/ISIS/workspace-yarka/yarka12_GlobusSatProject2/satellite-subsystems/demo/..//satellite-subsystems/lib\libSatelliteSubsystems.a(IsisTRXVU.o)
                0x2000ccc8                IsisTrxvu_tcGetUptime
 .text.IsisTrxvu_tcGetTelemetryAll
                0x2000cd28       0x80 C:/ISIS/workspace-yarka/yarka12_GlobusSatProject2/satellite-subsystems/demo/..//satellite-subsystems/lib\libSatelliteSubsystems.a(IsisTRXVU.o)
                0x2000cd28                IsisTrxvu_tcGetTelemetryAll
 .text.IsisTrxvu_rcGetFrameCount
                0x2000cda8       0x5c C:/ISIS/workspace-yarka/yarka12_GlobusSatProject2/satellite-subsystems/demo/..//satellite-subsystems/lib\libSatelliteSubsystems.a(IsisTRXVU.o)
                0x2000cda8                IsisTrxvu_rcGetFrameCount
 .text.IsisTrxvu_rcGetCommandFrame
                0x2000ce04      0x19c C:/ISIS/workspace-yarka/yarka12_GlobusSatProject2/satellite-subsystems/demo/..//satellite-subsystems/lib\libSatelliteSubsystems.a(IsisTRXVU.o)
                0x2000ce04                IsisTrxvu_rcGetCommandFrame
 .text.IsisTrxvu_rcGetTelemetryAll
                0x2000cfa0       0x7c C:/ISIS/workspace-yarka/yarka12_GlobusSatProject2/satellite-subsystems/demo/..//satellite-subsystems/lib\libSatelliteSubsystems.a(IsisTRXVU.o)
                0x2000cfa0                IsisTrxvu_rcGetTelemetryAll
 .text._ISIS_HSTXS_I2C_Send.constprop.0
                0x2000d01c       0x38 C:/ISIS/workspace-yarka/yarka12_GlobusSatProject2/satellite-subsystems/demo/..//satellite-subsystems/lib\libSatelliteSubsystems.a(isis_hstxs.o)
 .text.ISIS_HSTXS_Init
                0x2000d054       0x74 C:/ISIS/workspace-yarka/yarka12_GlobusSatProject2/satellite-subsystems/demo/..//satellite-subsystems/lib\libSatelliteSubsystems.a(isis_hstxs.o)
                0x2000d054                ISIS_HSTXS_Init
 .text.isis_hstxs__get_engine_status
                0x2000d0c8       0x5c C:/ISIS/workspace-yarka/yarka12_GlobusSatProject2/satellite-subsystems/demo/..//satellite-subsystems/lib\libSatelliteSubsystems.a(isis_hstxs.o)
                0x2000d0c8                isis_hstxs__get_engine_status
 .text.isis_hstxs__get_general_status
                0x2000d124       0x5c C:/ISIS/workspace-yarka/yarka12_GlobusSatProject2/satellite-subsystems/demo/..//satellite-subsystems/lib\libSatelliteSubsystems.a(isis_hstxs.o)
                0x2000d124                isis_hstxs__get_general_status
 .text.isis_hstxs__get_telemetry
                0x2000d180       0x60 C:/ISIS/workspace-yarka/yarka12_GlobusSatProject2/satellite-subsystems/demo/..//satellite-subsystems/lib\libSatelliteSubsystems.a(isis_hstxs.o)
                0x2000d180                isis_hstxs__get_telemetry
 .text.isis_hstxs__get_tx_frequency
                0x2000d1e0       0x5c C:/ISIS/workspace-yarka/yarka12_GlobusSatProject2/satellite-subsystems/demo/..//satellite-subsystems/lib\libSatelliteSubsystems.a(isis_hstxs.o)
                0x2000d1e0                isis_hstxs__get_tx_frequency
 .text.isis_hstxs__get_uptime
                0x2000d23c       0x5c C:/ISIS/workspace-yarka/yarka12_GlobusSatProject2/satellite-subsystems/demo/..//satellite-subsystems/lib\libSatelliteSubsystems.a(isis_hstxs.o)
                0x2000d23c                isis_hstxs__get_uptime
 .text.isis_hstxs__reset
                0x2000d298       0x4c C:/ISIS/workspace-yarka/yarka12_GlobusSatProject2/satellite-subsystems/demo/..//satellite-subsystems/lib\libSatelliteSubsystems.a(isis_hstxs.o)
                0x2000d298                isis_hstxs__reset
 .text.isis_hstxs__set_fecf
                0x2000d2e4       0x4c C:/ISIS/workspace-yarka/yarka12_GlobusSatProject2/satellite-subsystems/demo/..//satellite-subsystems/lib\libSatelliteSubsystems.a(isis_hstxs.o)
                0x2000d2e4                isis_hstxs__set_fecf
 .text.isis_hstxs__set_modulation_scheme
                0x2000d330       0x4c C:/ISIS/workspace-yarka/yarka12_GlobusSatProject2/satellite-subsystems/demo/..//satellite-subsystems/lib\libSatelliteSubsystems.a(isis_hstxs.o)
                0x2000d330                isis_hstxs__set_modulation_scheme
 .text.isis_hstxs__set_sup_mode
                0x2000d37c       0x50 C:/ISIS/workspace-yarka/yarka12_GlobusSatProject2/satellite-subsystems/demo/..//satellite-subsystems/lib\libSatelliteSubsystems.a(isis_hstxs.o)
                0x2000d37c                isis_hstxs__set_sup_mode
 .text.isis_hstxs__set_symbolrate
                0x2000d3cc       0x4c C:/ISIS/workspace-yarka/yarka12_GlobusSatProject2/satellite-subsystems/demo/..//satellite-subsystems/lib\libSatelliteSubsystems.a(isis_hstxs.o)
                0x2000d3cc                isis_hstxs__set_symbolrate
 .text.isis_hstxs__set_tx_frequency
                0x2000d418       0x58 C:/ISIS/workspace-yarka/yarka12_GlobusSatProject2/satellite-subsystems/demo/..//satellite-subsystems/lib\libSatelliteSubsystems.a(isis_hstxs.o)
                0x2000d418                isis_hstxs__set_tx_frequency
 .text.isis_hstxs__set_tx_mode
                0x2000d470       0x4c C:/ISIS/workspace-yarka/yarka12_GlobusSatProject2/satellite-subsystems/demo/..//satellite-subsystems/lib\libSatelliteSubsystems.a(isis_hstxs.o)
                0x2000d470                isis_hstxs__set_tx_mode
 .text.isis_hstxs__write_and_send_frame
                0x2000d4bc       0xdc C:/ISIS/workspace-yarka/yarka12_GlobusSatProject2/satellite-subsystems/demo/..//satellite-subsystems/lib\libSatelliteSubsystems.a(isis_hstxs.o)
                0x2000d4bc                isis_hstxs__write_and_send_frame
 .text._WaitForStartup
                0x2000d598       0x68 C:/ISIS/workspace-yarka/yarka12_GlobusSatProject2/satellite-subsystems/demo/..//satellite-subsystems/lib\libSatelliteSubsystems.a(IsisSolarPanelv2.o)
 .text._SpiWriteRead.constprop.0
                0x2000d600       0x38 C:/ISIS/workspace-yarka/yarka12_GlobusSatProject2/satellite-subsystems/demo/..//satellite-subsystems/lib\libSatelliteSubsystems.a(IsisSolarPanelv2.o)
 .text._AssignAllChannels
                0x2000d638       0x84 C:/ISIS/workspace-yarka/yarka12_GlobusSatProject2/satellite-subsystems/demo/..//satellite-subsystems/lib\libSatelliteSubsystems.a(IsisSolarPanelv2.o)
 .text.IsisSolarPanelv2_initialize
                0x2000d6bc       0x88 C:/ISIS/workspace-yarka/yarka12_GlobusSatProject2/satellite-subsystems/demo/..//satellite-subsystems/lib\libSatelliteSubsystems.a(IsisSolarPanelv2.o)
                0x2000d6bc                IsisSolarPanelv2_initialize
 .text.IsisSolarPanelv2_getTemperature
                0x2000d744      0x18c C:/ISIS/workspace-yarka/yarka12_GlobusSatProject2/satellite-subsystems/demo/..//satellite-subsystems/lib\libSatelliteSubsystems.a(IsisSolarPanelv2.o)
                0x2000d744                IsisSolarPanelv2_getTemperature
 .text.IsisSolarPanelv2_sleep
                0x2000d8d0       0x50 C:/ISIS/workspace-yarka/yarka12_GlobusSatProject2/satellite-subsystems/demo/..//satellite-subsystems/lib\libSatelliteSubsystems.a(IsisSolarPanelv2.o)
                0x2000d8d0                IsisSolarPanelv2_sleep
 .text.IsisSolarPanelv2_wakeup
                0x2000d920       0x54 C:/ISIS/workspace-yarka/yarka12_GlobusSatProject2/satellite-subsystems/demo/..//satellite-subsystems/lib\libSatelliteSubsystems.a(IsisSolarPanelv2.o)
                0x2000d920                IsisSolarPanelv2_wakeup
 *fill*         0x2000d974        0x4 00
 .text.exp      0x2000d978      0x190 c:/isis/application/toolchain/bin/../lib/gcc/arm-none-eabi/4.7.4/../../../../arm-none-eabi/lib\libm.a(lib_a-w_exp.o)
                0x2000d978                exp
 .text.__ieee754_exp
                0x2000db08      0x448 c:/isis/application/toolchain/bin/../lib/gcc/arm-none-eabi/4.7.4/../../../../arm-none-eabi/lib\libm.a(lib_a-e_exp.o)
                0x2000db08                __ieee754_exp
 .text.finite   0x2000df50       0x10 c:/isis/application/toolchain/bin/../lib/gcc/arm-none-eabi/4.7.4/../../../../arm-none-eabi/lib\libm.a(lib_a-s_finite.o)
                0x2000df50                finite
 .text.__fpclassifyd
                0x2000df60       0x6c c:/isis/application/toolchain/bin/../lib/gcc/arm-none-eabi/4.7.4/../../../../arm-none-eabi/lib\libm.a(lib_a-s_fpclassify.o)
                0x2000df60                __fpclassifyd
 .text.matherr  0x2000dfcc        0x8 c:/isis/application/toolchain/bin/../lib/gcc/arm-none-eabi/4.7.4/../../../../arm-none-eabi/lib\libm.a(lib_a-s_matherr.o)
                0x2000dfcc                matherr
 .text.fm_initvolume
                0x2000dfd4       0x4c C:/ISIS/workspace-yarka/yarka12_GlobusSatProject2/satellite-subsystems/demo/../..//hal/hcc/lib\libHCC.a(fat_m.o)
                0x2000dfd4                fm_initvolume
 .text.fm_getdrive
                0x2000e020       0x44 C:/ISIS/workspace-yarka/yarka12_GlobusSatProject2/satellite-subsystems/demo/../..//hal/hcc/lib\libHCC.a(fat_m.o)
                0x2000e020                fm_getdrive
 .text.fm_getfreespace
                0x2000e064       0x44 C:/ISIS/workspace-yarka/yarka12_GlobusSatProject2/satellite-subsystems/demo/../..//hal/hcc/lib\libHCC.a(fat_m.o)
                0x2000e064                fm_getfreespace
 .text._get8bit
                0x2000e0a8       0x34 C:/ISIS/workspace-yarka/yarka12_GlobusSatProject2/satellite-subsystems/demo/../..//hal/hcc/lib\libHCC.a(fat_common.o)
 .text._get16bitl
                0x2000e0dc       0x18 C:/ISIS/workspace-yarka/yarka12_GlobusSatProject2/satellite-subsystems/demo/../..//hal/hcc/lib\libHCC.a(fat_common.o)
 .text._f_setcardremoved
                0x2000e0f4       0x58 C:/ISIS/workspace-yarka/yarka12_GlobusSatProject2/satellite-subsystems/demo/../..//hal/hcc/lib\libHCC.a(fat_common.o)
 .text._f_drvreadsector
                0x2000e14c       0x58 C:/ISIS/workspace-yarka/yarka12_GlobusSatProject2/satellite-subsystems/demo/../..//hal/hcc/lib\libHCC.a(fat_common.o)
 .text._f_close_drive_files
                0x2000e1a4       0x54 C:/ISIS/workspace-yarka/yarka12_GlobusSatProject2/satellite-subsystems/demo/../..//hal/hcc/lib\libHCC.a(fat_common.o)
 .text._f_drvwritesector
                0x2000e1f8       0x70 C:/ISIS/workspace-yarka/yarka12_GlobusSatProject2/satellite-subsystems/demo/../..//hal/hcc/lib\libHCC.a(fat_common.o)
 .text._f_inc_mount_count
                0x2000e268       0x58 C:/ISIS/workspace-yarka/yarka12_GlobusSatProject2/satellite-subsystems/demo/../..//hal/hcc/lib\libHCC.a(fat_common.o)
 .text._f_drvgetphy
                0x2000e2c0       0xb4 C:/ISIS/workspace-yarka/yarka12_GlobusSatProject2/satellite-subsystems/demo/../..//hal/hcc/lib\libHCC.a(fat_common.o)
 .text.fn_init  0x2000e374      0x164 C:/ISIS/workspace-yarka/yarka12_GlobusSatProject2/satellite-subsystems/demo/../..//hal/hcc/lib\libHCC.a(fat_common.o)
                0x2000e374                fn_init
 .text.fn_start
                0x2000e4d8        0x8 C:/ISIS/workspace-yarka/yarka12_GlobusSatProject2/satellite-subsystems/demo/../..//hal/hcc/lib\libHCC.a(fat_common.o)
                0x2000e4d8                fn_start
 .text._f_get16bitl
                0x2000e4e0       0x18 C:/ISIS/workspace-yarka/yarka12_GlobusSatProject2/satellite-subsystems/demo/../..//hal/hcc/lib\libHCC.a(fat_common.o)
                0x2000e4e0                _f_get16bitl
 .text._f_set16bitl
                0x2000e4f8       0x10 C:/ISIS/workspace-yarka/yarka12_GlobusSatProject2/satellite-subsystems/demo/../..//hal/hcc/lib\libHCC.a(fat_common.o)
                0x2000e4f8                _f_set16bitl
 .text._f_get32bitl
                0x2000e508       0x24 C:/ISIS/workspace-yarka/yarka12_GlobusSatProject2/satellite-subsystems/demo/../..//hal/hcc/lib\libHCC.a(fat_common.o)
                0x2000e508                _f_get32bitl
 .text._f_set32bitl
                0x2000e52c       0x20 C:/ISIS/workspace-yarka/yarka12_GlobusSatProject2/satellite-subsystems/demo/../..//hal/hcc/lib\libHCC.a(fat_common.o)
                0x2000e52c                _f_set32bitl
 .text._f_checkstatus
                0x2000e54c       0x7c C:/ISIS/workspace-yarka/yarka12_GlobusSatProject2/satellite-subsystems/demo/../..//hal/hcc/lib\libHCC.a(fat_common.o)
                0x2000e54c                _f_checkstatus
 .text._f_writesector
                0x2000e5c8      0x140 C:/ISIS/workspace-yarka/yarka12_GlobusSatProject2/satellite-subsystems/demo/../..//hal/hcc/lib\libHCC.a(fat_common.o)
                0x2000e5c8                _f_writesector
 .text._f_readsector
                0x2000e708      0x108 C:/ISIS/workspace-yarka/yarka12_GlobusSatProject2/satellite-subsystems/demo/../..//hal/hcc/lib\libHCC.a(fat_common.o)
                0x2000e708                _f_readsector
 .text._f_getmaxcluster
                0x2000e810       0x3c C:/ISIS/workspace-yarka/yarka12_GlobusSatProject2/satellite-subsystems/demo/../..//hal/hcc/lib\libHCC.a(fat_common.o)
                0x2000e810                _f_getmaxcluster
 .text._f_buildsectors
                0x2000e84c       0xe4 C:/ISIS/workspace-yarka/yarka12_GlobusSatProject2/satellite-subsystems/demo/../..//hal/hcc/lib\libHCC.a(fat_common.o)
 .text._f_flushcffiles
                0x2000e930       0xc0 C:/ISIS/workspace-yarka/yarka12_GlobusSatProject2/satellite-subsystems/demo/../..//hal/hcc/lib\libHCC.a(fat_common.o)
                0x2000e930                _f_flushcffiles
 .text._f_fatcache_flush
                0x2000e9f0      0x134 C:/ISIS/workspace-yarka/yarka12_GlobusSatProject2/satellite-subsystems/demo/../..//hal/hcc/lib\libHCC.a(fat_common.o)
                0x2000e9f0                _f_fatcache_flush
 .text._f_writefatsector
                0x2000eb24       0x7c C:/ISIS/workspace-yarka/yarka12_GlobusSatProject2/satellite-subsystems/demo/../..//hal/hcc/lib\libHCC.a(fat_common.o)
                0x2000eb24                _f_writefatsector
 .text._f_getfatsector
                0x2000eba0      0x1d0 C:/ISIS/workspace-yarka/yarka12_GlobusSatProject2/satellite-subsystems/demo/../..//hal/hcc/lib\libHCC.a(fat_common.o)
 .text._f_setclustervalue
                0x2000ed70      0x1d8 C:/ISIS/workspace-yarka/yarka12_GlobusSatProject2/satellite-subsystems/demo/../..//hal/hcc/lib\libHCC.a(fat_common.o)
                0x2000ed70                _f_setclustervalue
 .text._f_getclustervalue
                0x2000ef48      0x18c C:/ISIS/workspace-yarka/yarka12_GlobusSatProject2/satellite-subsystems/demo/../..//hal/hcc/lib\libHCC.a(fat_common.o)
                0x2000ef48                _f_getclustervalue
 .text.fn_createdriver
                0x2000f0d4       0x78 C:/ISIS/workspace-yarka/yarka12_GlobusSatProject2/satellite-subsystems/demo/../..//hal/hcc/lib\libHCC.a(fat_common.o)
                0x2000f0d4                fn_createdriver
 .text._f_clustertopos
                0x2000f14c       0x68 C:/ISIS/workspace-yarka/yarka12_GlobusSatProject2/satellite-subsystems/demo/../..//hal/hcc/lib\libHCC.a(fat_common.o)
                0x2000f14c                _f_clustertopos
 .text._f_getdecluster
                0x2000f1b4       0x44 C:/ISIS/workspace-yarka/yarka12_GlobusSatProject2/satellite-subsystems/demo/../..//hal/hcc/lib\libHCC.a(fat_common.o)
                0x2000f1b4                _f_getdecluster
 .text._f_setdecluster
                0x2000f1f8       0x34 C:/ISIS/workspace-yarka/yarka12_GlobusSatProject2/satellite-subsystems/demo/../..//hal/hcc/lib\libHCC.a(fat_common.o)
                0x2000f1f8                _f_setdecluster
 .text.fn_getdrive
                0x2000f22c       0x10 C:/ISIS/workspace-yarka/yarka12_GlobusSatProject2/satellite-subsystems/demo/../..//hal/hcc/lib\libHCC.a(fat_common.o)
                0x2000f22c                fn_getdrive
 .text._f_getcurrenttimedate
                0x2000f23c       0x78 C:/ISIS/workspace-yarka/yarka12_GlobusSatProject2/satellite-subsystems/demo/../..//hal/hcc/lib\libHCC.a(fat_common.o)
                0x2000f23c                _f_getcurrenttimedate
 .text._f_initentry
                0x2000f2b4       0x6c C:/ISIS/workspace-yarka/yarka12_GlobusSatProject2/satellite-subsystems/demo/../..//hal/hcc/lib\libHCC.a(fat_common.o)
                0x2000f2b4                _f_initentry
 .text._f_alloccluster
                0x2000f320      0x178 C:/ISIS/workspace-yarka/yarka12_GlobusSatProject2/satellite-subsystems/demo/../..//hal/hcc/lib\libHCC.a(fat_common.o)
                0x2000f320                _f_alloccluster
 .text.fnGetTask
                0x2000f498       0x78 C:/ISIS/workspace-yarka/yarka12_GlobusSatProject2/satellite-subsystems/demo/../..//hal/hcc/lib\libHCC.a(fat_common.o)
                0x2000f498                fnGetTask
 .text.f_enterFS
                0x2000f510       0x9c C:/ISIS/workspace-yarka/yarka12_GlobusSatProject2/satellite-subsystems/demo/../..//hal/hcc/lib\libHCC.a(fat_common.o)
                0x2000f510                f_enterFS
 .text._f_mutex_get
                0x2000f5ac       0x5c C:/ISIS/workspace-yarka/yarka12_GlobusSatProject2/satellite-subsystems/demo/../..//hal/hcc/lib\libHCC.a(fat_common.o)
                0x2000f5ac                _f_mutex_get
 .text._f_getvolume
                0x2000f608      0x638 C:/ISIS/workspace-yarka/yarka12_GlobusSatProject2/satellite-subsystems/demo/../..//hal/hcc/lib\libHCC.a(fat_common.o)
                0x2000f608                _f_getvolume
 .text.fn_getfreespace
                0x2000fc40      0x264 C:/ISIS/workspace-yarka/yarka12_GlobusSatProject2/satellite-subsystems/demo/../..//hal/hcc/lib\libHCC.a(fat_common.o)
                0x2000fc40                fn_getfreespace
 .text.fn_initvolumepartition_sub
                0x2000fea4       0x74 C:/ISIS/workspace-yarka/yarka12_GlobusSatProject2/satellite-subsystems/demo/../..//hal/hcc/lib\libHCC.a(fat_common.o)
 .text.fn_initvolumepartition
                0x2000ff18       0x5c C:/ISIS/workspace-yarka/yarka12_GlobusSatProject2/satellite-subsystems/demo/../..//hal/hcc/lib\libHCC.a(fat_common.o)
                0x2000ff18                fn_initvolumepartition
 .text.fn_initvolume
                0x2000ff74       0x70 C:/ISIS/workspace-yarka/yarka12_GlobusSatProject2/satellite-subsystems/demo/../..//hal/hcc/lib\libHCC.a(fat_common.o)
                0x2000ff74                fn_initvolume
 .text._f_mutex_put
                0x2000ffe4       0x20 C:/ISIS/workspace-yarka/yarka12_GlobusSatProject2/satellite-subsystems/demo/../..//hal/hcc/lib\libHCC.a(fat_common.o)
                0x2000ffe4                _f_mutex_put
 .text._s_getnextsector
                0x20010004       0x70 C:/ISIS/workspace-yarka/yarka12_GlobusSatProject2/satellite-subsystems/demo/../..//hal/hcc/lib\libHCC.a(safefat.o)
 .text._s_clearclustercontent
                0x20010074       0x9c C:/ISIS/workspace-yarka/yarka12_GlobusSatProject2/satellite-subsystems/demo/../..//hal/hcc/lib\libHCC.a(safefat.o)
 .text._s_checkzeroclusteratend
                0x20010110       0x9c C:/ISIS/workspace-yarka/yarka12_GlobusSatProject2/satellite-subsystems/demo/../..//hal/hcc/lib\libHCC.a(safefat.o)
 .text._s_writedirsector
                0x200101ac       0x64 C:/ISIS/workspace-yarka/yarka12_GlobusSatProject2/satellite-subsystems/demo/../..//hal/hcc/lib\libHCC.a(safefat.o)
 .text._s_getdirsector
                0x20010210       0x90 C:/ISIS/workspace-yarka/yarka12_GlobusSatProject2/satellite-subsystems/demo/../..//hal/hcc/lib\libHCC.a(safefat.o)
 .text._s_findfile
                0x200102a0      0x17c C:/ISIS/workspace-yarka/yarka12_GlobusSatProject2/satellite-subsystems/demo/../..//hal/hcc/lib\libHCC.a(safefat.o)
 .text._s_open  0x2001041c       0x8c C:/ISIS/workspace-yarka/yarka12_GlobusSatProject2/satellite-subsystems/demo/../..//hal/hcc/lib\libHCC.a(safefat.o)
 .text._s_open_saf
                0x200104a8       0x8c C:/ISIS/workspace-yarka/yarka12_GlobusSatProject2/satellite-subsystems/demo/../..//hal/hcc/lib\libHCC.a(safefat.o)
 .text._s_flush
                0x20010534       0x3c C:/ISIS/workspace-yarka/yarka12_GlobusSatProject2/satellite-subsystems/demo/../..//hal/hcc/lib\libHCC.a(safefat.o)
 .text._s_read  0x20010570      0x110 C:/ISIS/workspace-yarka/yarka12_GlobusSatProject2/satellite-subsystems/demo/../..//hal/hcc/lib\libHCC.a(safefat.o)
 .text._s_cmd_validatecfn
                0x20010680      0x1b8 C:/ISIS/workspace-yarka/yarka12_GlobusSatProject2/satellite-subsystems/demo/../..//hal/hcc/lib\libHCC.a(safefat.o)
 .text._s_write
                0x20010838      0x25c C:/ISIS/workspace-yarka/yarka12_GlobusSatProject2/satellite-subsystems/demo/../..//hal/hcc/lib\libHCC.a(safefat.o)
 .text._s_seek  0x20010a94      0x108 C:/ISIS/workspace-yarka/yarka12_GlobusSatProject2/satellite-subsystems/demo/../..//hal/hcc/lib\libHCC.a(safefat.o)
 .text._s_cmd_seteof
                0x20010b9c      0x1f8 C:/ISIS/workspace-yarka/yarka12_GlobusSatProject2/satellite-subsystems/demo/../..//hal/hcc/lib\libHCC.a(safefat.o)
 .text._s_addentry.part.3
                0x20010d94      0x1cc C:/ISIS/workspace-yarka/yarka12_GlobusSatProject2/satellite-subsystems/demo/../..//hal/hcc/lib\libHCC.a(safefat.o)
 .text._s_createfile
                0x20010f60      0x104 C:/ISIS/workspace-yarka/yarka12_GlobusSatProject2/satellite-subsystems/demo/../..//hal/hcc/lib\libHCC.a(safefat.o)
 .text._s_findsaffile
                0x20011064      0x10c C:/ISIS/workspace-yarka/yarka12_GlobusSatProject2/satellite-subsystems/demo/../..//hal/hcc/lib\libHCC.a(safefat.o)
 .text._s_restoreclusters
                0x20011170      0x150 C:/ISIS/workspace-yarka/yarka12_GlobusSatProject2/satellite-subsystems/demo/../..//hal/hcc/lib\libHCC.a(safefat.o)
                0x20011170                _s_restoreclusters
 .text.safe_entercommand
                0x200112c0       0x2c C:/ISIS/workspace-yarka/yarka12_GlobusSatProject2/satellite-subsystems/demo/../..//hal/hcc/lib\libHCC.a(safefat.o)
                0x200112c0                safe_entercommand
 .text.safe_ready
                0x200112ec       0x84 C:/ISIS/workspace-yarka/yarka12_GlobusSatProject2/satellite-subsystems/demo/../..//hal/hcc/lib\libHCC.a(safefat.o)
                0x200112ec                safe_ready
 .text.safe_copycfn
                0x20011370       0x64 C:/ISIS/workspace-yarka/yarka12_GlobusSatProject2/satellite-subsystems/demo/../..//hal/hcc/lib\libHCC.a(safefat.o)
                0x20011370                safe_copycfn
 .text.safe_cfremove
                0x200113d4       0x64 C:/ISIS/workspace-yarka/yarka12_GlobusSatProject2/satellite-subsystems/demo/../..//hal/hcc/lib\libHCC.a(safefat.o)
                0x200113d4                safe_cfremove
 .text.safe_writede
                0x20011438       0x8c C:/ISIS/workspace-yarka/yarka12_GlobusSatProject2/satellite-subsystems/demo/../..//hal/hcc/lib\libHCC.a(safefat.o)
                0x20011438                safe_writede
 .text.safe_deletechain
                0x200114c4      0x108 C:/ISIS/workspace-yarka/yarka12_GlobusSatProject2/satellite-subsystems/demo/../..//hal/hcc/lib\libHCC.a(safefat.o)
                0x200114c4                safe_deletechain
 .text.safe_reset
                0x200115cc       0x48 C:/ISIS/workspace-yarka/yarka12_GlobusSatProject2/satellite-subsystems/demo/../..//hal/hcc/lib\libHCC.a(safefat.o)
                0x200115cc                safe_reset
 .text.safe_loadcommands
                0x20011614       0x24 C:/ISIS/workspace-yarka/yarka12_GlobusSatProject2/satellite-subsystems/demo/../..//hal/hcc/lib\libHCC.a(safefat.o)
                0x20011614                safe_loadcommands
 .text.cf_copyclustercontent
                0x20011638       0xb4 C:/ISIS/workspace-yarka/yarka12_GlobusSatProject2/satellite-subsystems/demo/../..//hal/hcc/lib\libHCC.a(safefat.o)
                0x20011638                cf_copyclustercontent
 .text.cf_copycfn
                0x200116ec      0x2dc C:/ISIS/workspace-yarka/yarka12_GlobusSatProject2/satellite-subsystems/demo/../..//hal/hcc/lib\libHCC.a(safefat.o)
                0x200116ec                cf_copycfn
 .text.cf_remove
                0x200119c8      0x20c C:/ISIS/workspace-yarka/yarka12_GlobusSatProject2/satellite-subsystems/demo/../..//hal/hcc/lib\libHCC.a(safefat.o)
                0x200119c8                cf_remove
 .text.safe_docommands
                0x20011bd4      0x388 C:/ISIS/workspace-yarka/yarka12_GlobusSatProject2/satellite-subsystems/demo/../..//hal/hcc/lib\libHCC.a(safefat.o)
                0x20011bd4                safe_docommands
 .text.safe_poweron
                0x20011f5c      0x3f4 C:/ISIS/workspace-yarka/yarka12_GlobusSatProject2/satellite-subsystems/demo/../..//hal/hcc/lib\libHCC.a(safefat.o)
                0x20011f5c                safe_poweron
 .text.cf_flush
                0x20012350       0x20 C:/ISIS/workspace-yarka/yarka12_GlobusSatProject2/satellite-subsystems/demo/../..//hal/hcc/lib\libHCC.a(safefat.o)
                0x20012350                cf_flush
 .text.mcipdc_cmd
                0x20012370      0x10c C:/ISIS/workspace-yarka/yarka12_GlobusSatProject2/satellite-subsystems/demo/../..//hal/hcc/lib\libHCC.a(atmel_mcipdc.o)
 .text.mcipdc_set_speed
                0x2001247c       0x58 C:/ISIS/workspace-yarka/yarka12_GlobusSatProject2/satellite-subsystems/demo/../..//hal/hcc/lib\libHCC.a(atmel_mcipdc.o)
 .text._get_csd_bits
                0x200124d4       0x78 C:/ISIS/workspace-yarka/yarka12_GlobusSatProject2/satellite-subsystems/demo/../..//hal/hcc/lib\libHCC.a(atmel_mcipdc.o)
 .text.mcipdc_release
                0x2001254c       0x30 C:/ISIS/workspace-yarka/yarka12_GlobusSatProject2/satellite-subsystems/demo/../..//hal/hcc/lib\libHCC.a(atmel_mcipdc.o)
 .text.mcipdc_getphy
                0x2001257c       0x50 C:/ISIS/workspace-yarka/yarka12_GlobusSatProject2/satellite-subsystems/demo/../..//hal/hcc/lib\libHCC.a(atmel_mcipdc.o)
 .text.mcipdc_getstatus
                0x200125cc      0x594 C:/ISIS/workspace-yarka/yarka12_GlobusSatProject2/satellite-subsystems/demo/../..//hal/hcc/lib\libHCC.a(atmel_mcipdc.o)
 .text.mcipdc_stop
                0x20012b60       0x90 C:/ISIS/workspace-yarka/yarka12_GlobusSatProject2/satellite-subsystems/demo/../..//hal/hcc/lib\libHCC.a(atmel_mcipdc.o)
                0x20012b60                mcipdc_stop
 .text.mcipdc_write.isra.2
                0x20012bf0      0x178 C:/ISIS/workspace-yarka/yarka12_GlobusSatProject2/satellite-subsystems/demo/../..//hal/hcc/lib\libHCC.a(atmel_mcipdc.o)
 .text.mcipdc_writemultiplesector
                0x20012d68       0x98 C:/ISIS/workspace-yarka/yarka12_GlobusSatProject2/satellite-subsystems/demo/../..//hal/hcc/lib\libHCC.a(atmel_mcipdc.o)
                0x20012d68                mcipdc_writemultiplesector
 .text.mcipdc_writesector
                0x20012e00       0x3c C:/ISIS/workspace-yarka/yarka12_GlobusSatProject2/satellite-subsystems/demo/../..//hal/hcc/lib\libHCC.a(atmel_mcipdc.o)
                0x20012e00                mcipdc_writesector
 .text.mcipdc_read.isra.5
                0x20012e3c      0x160 C:/ISIS/workspace-yarka/yarka12_GlobusSatProject2/satellite-subsystems/demo/../..//hal/hcc/lib\libHCC.a(atmel_mcipdc.o)
 .text.mcipdc_readmultiplesector
                0x20012f9c       0x9c C:/ISIS/workspace-yarka/yarka12_GlobusSatProject2/satellite-subsystems/demo/../..//hal/hcc/lib\libHCC.a(atmel_mcipdc.o)
                0x20012f9c                mcipdc_readmultiplesector
 .text.mcipdc_readsector
                0x20013038       0x58 C:/ISIS/workspace-yarka/yarka12_GlobusSatProject2/satellite-subsystems/demo/../..//hal/hcc/lib\libHCC.a(atmel_mcipdc.o)
                0x20013038                mcipdc_readsector
 .text.atmel_mcipdc_initfunc
                0x20013090       0xf4 C:/ISIS/workspace-yarka/yarka12_GlobusSatProject2/satellite-subsystems/demo/../..//hal/hcc/lib\libHCC.a(atmel_mcipdc.o)
                0x20013090                atmel_mcipdc_initfunc
 .text.oal_task_get_id
                0x20013184        0x4 C:/ISIS/workspace-yarka/yarka12_GlobusSatProject2/satellite-subsystems/demo/../..//hal/hcc/lib\libHCC.a(oalp_task.o)
                0x20013184                oal_task_get_id
 .text.oal_mutex_create
                0x20013188       0x20 C:/ISIS/workspace-yarka/yarka12_GlobusSatProject2/satellite-subsystems/demo/../..//hal/hcc/lib\libHCC.a(oalp_mutex.o)
                0x20013188                oal_mutex_create
 .text.oal_mutex_delete
                0x200131a8       0x14 C:/ISIS/workspace-yarka/yarka12_GlobusSatProject2/satellite-subsystems/demo/../..//hal/hcc/lib\libHCC.a(oalp_mutex.o)
                0x200131a8                oal_mutex_delete
 .text.oal_mutex_get
                0x200131bc       0x28 C:/ISIS/workspace-yarka/yarka12_GlobusSatProject2/satellite-subsystems/demo/../..//hal/hcc/lib\libHCC.a(oalp_mutex.o)
                0x200131bc                oal_mutex_get
 .text.oal_mutex_put
                0x200131e4       0x28 C:/ISIS/workspace-yarka/yarka12_GlobusSatProject2/satellite-subsystems/demo/../..//hal/hcc/lib\libHCC.a(oalp_mutex.o)
                0x200131e4                oal_mutex_put
 .text.mcipdc_hw_init
                0x2001320c       0xac C:/ISIS/workspace-yarka/yarka12_GlobusSatProject2/satellite-subsystems/demo/../..//hal/hcc/lib\libHCC.a(atmel_mcipdc_hw.o)
                0x2001320c                mcipdc_hw_init
 .text.mcipdc_hw_delete
                0x200132b8       0x4c C:/ISIS/workspace-yarka/yarka12_GlobusSatProject2/satellite-subsystems/demo/../..//hal/hcc/lib\libHCC.a(atmel_mcipdc_hw.o)
                0x200132b8                mcipdc_hw_delete
 .text.mcipdc_hw_card_plugged
                0x20013304       0x14 C:/ISIS/workspace-yarka/yarka12_GlobusSatProject2/satellite-subsystems/demo/../..//hal/hcc/lib\libHCC.a(atmel_mcipdc_hw.o)
                0x20013304                mcipdc_hw_card_plugged
 .text.mcipdc_hw_card_writeprotect
                0x20013318       0x14 C:/ISIS/workspace-yarka/yarka12_GlobusSatProject2/satellite-subsystems/demo/../..//hal/hcc/lib\libHCC.a(atmel_mcipdc_hw.o)
                0x20013318                mcipdc_hw_card_writeprotect
 .text.psp_getcurrenttimedate
                0x2001332c       0x50 C:/ISIS/workspace-yarka/yarka12_GlobusSatProject2/satellite-subsystems/demo/../..//hal/hcc/lib\libHCC.a(psp_rtc.o)
                0x2001332c                psp_getcurrenttimedate
 .text._hcc_get_buf_dsc
                0x2001337c       0x24 C:/ISIS/workspace-yarka/yarka12_GlobusSatProject2/satellite-subsystems/demo/../..//hal/hcc/lib\libHCC.a(hcc_mem.o)
 .text._hcc_check_free_pages
                0x200133a0       0xa8 C:/ISIS/workspace-yarka/yarka12_GlobusSatProject2/satellite-subsystems/demo/../..//hal/hcc/lib\libHCC.a(hcc_mem.o)
 .text._hcc_mark_pages
                0x20013448       0x78 C:/ISIS/workspace-yarka/yarka12_GlobusSatProject2/satellite-subsystems/demo/../..//hal/hcc/lib\libHCC.a(hcc_mem.o)
 .text._hcc_clear_lock_dsc
                0x200134c0       0x44 C:/ISIS/workspace-yarka/yarka12_GlobusSatProject2/satellite-subsystems/demo/../..//hal/hcc/lib\libHCC.a(hcc_mem.o)
 .text._hcc_unlock_access
                0x20013504        0xc C:/ISIS/workspace-yarka/yarka12_GlobusSatProject2/satellite-subsystems/demo/../..//hal/hcc/lib\libHCC.a(hcc_mem.o)
 .text._hcc_lock_access
                0x20013510       0x98 C:/ISIS/workspace-yarka/yarka12_GlobusSatProject2/satellite-subsystems/demo/../..//hal/hcc/lib\libHCC.a(hcc_mem.o)
 .text.hcc_mem_alloc
                0x200135a8      0x2a0 C:/ISIS/workspace-yarka/yarka12_GlobusSatProject2/satellite-subsystems/demo/../..//hal/hcc/lib\libHCC.a(hcc_mem.o)
                0x200135a8                hcc_mem_alloc
 .text.hcc_mem_free
                0x20013848       0xb8 C:/ISIS/workspace-yarka/yarka12_GlobusSatProject2/satellite-subsystems/demo/../..//hal/hcc/lib\libHCC.a(hcc_mem.o)
                0x20013848                hcc_mem_free
 .text.hcc_mem_add
                0x20013900      0x13c C:/ISIS/workspace-yarka/yarka12_GlobusSatProject2/satellite-subsystems/demo/../..//hal/hcc/lib\libHCC.a(hcc_mem.o)
                0x20013900                hcc_mem_add
 .text.hcc_mem_init
                0x20013a3c       0xa0 C:/ISIS/workspace-yarka/yarka12_GlobusSatProject2/satellite-subsystems/demo/../..//hal/hcc/lib\libHCC.a(hcc_mem.o)
                0x20013a3c                hcc_mem_init
 .text.hcc_mem_buf_alloc
                0x20013adc       0x70 C:/ISIS/workspace-yarka/yarka12_GlobusSatProject2/satellite-subsystems/demo/../..//hal/hcc/lib\libHCC.a(psp_hcc_mem.o)
                0x20013adc                hcc_mem_buf_alloc
 .text.Supervisor_prepareAndCommunicateSPI
                0x20013b4c       0x80 C:/ISIS/workspace-yarka/yarka12_GlobusSatProject2/satellite-subsystems/demo/../..//hal/hal/lib\libHAL.a(supervisor.o)
 .text.Supervisor_performCommunication
                0x20013bcc      0x260 C:/ISIS/workspace-yarka/yarka12_GlobusSatProject2/satellite-subsystems/demo/../..//hal/hal/lib\libHAL.a(supervisor.o)
 .text.Supervisor_start
                0x20013e2c      0x16c C:/ISIS/workspace-yarka/yarka12_GlobusSatProject2/satellite-subsystems/demo/../..//hal/hal/lib\libHAL.a(supervisor.o)
                0x20013e2c                Supervisor_start
 .text.Supervisor_getHousekeeping
                0x20013f98       0x18 C:/ISIS/workspace-yarka/yarka12_GlobusSatProject2/satellite-subsystems/demo/../..//hal/hal/lib\libHAL.a(supervisor.o)
                0x20013f98                Supervisor_getHousekeeping
 .text.Supervisor_calculateAdcValues
                0x20013fb0      0x1b4 C:/ISIS/workspace-yarka/yarka12_GlobusSatProject2/satellite-subsystems/demo/../..//hal/hal/lib\libHAL.a(supervisor.o)
                0x20013fb0                Supervisor_calculateAdcValues
 .text.checksum_calculateCRC8
                0x20014164       0x6c C:/ISIS/workspace-yarka/yarka12_GlobusSatProject2/satellite-subsystems/demo/../..//hal/hal/lib\libHAL.a(checksum.o)
                0x20014164                checksum_calculateCRC8
 .text.checksum_prepareLUTCRC8
                0x200141d0       0x44 C:/ISIS/workspace-yarka/yarka12_GlobusSatProject2/satellite-subsystems/demo/../..//hal/hal/lib\libHAL.a(checksum.o)
                0x200141d0                checksum_prepareLUTCRC8
 .text.clearPDCtransfers
                0x20014214       0x48 C:/ISIS/workspace-yarka/yarka12_GlobusSatProject2/satellite-subsystems/demo/../..//hal/hal/lib\libHAL.a(SPI.o)
 .text.waitForTransfer.part.0
                0x2001425c       0x44 C:/ISIS/workspace-yarka/yarka12_GlobusSatProject2/satellite-subsystems/demo/../..//hal/hal/lib\libHAL.a(SPI.o)
 .text.SPI_internalCallback
                0x200142a0       0x3c C:/ISIS/workspace-yarka/yarka12_GlobusSatProject2/satellite-subsystems/demo/../..//hal/hal/lib\libHAL.a(SPI.o)
 .text.SPI_stop
                0x200142dc      0x16c C:/ISIS/workspace-yarka/yarka12_GlobusSatProject2/satellite-subsystems/demo/../..//hal/hal/lib\libHAL.a(SPI.o)
                0x200142dc                SPI_stop
 .text.SPI_start
                0x20014448      0x2b4 C:/ISIS/workspace-yarka/yarka12_GlobusSatProject2/satellite-subsystems/demo/../..//hal/hal/lib\libHAL.a(SPI.o)
                0x20014448                SPI_start
 .text.SPI_queueTransfer
                0x200146fc       0xec C:/ISIS/workspace-yarka/yarka12_GlobusSatProject2/satellite-subsystems/demo/../..//hal/hal/lib\libHAL.a(SPI.o)
                0x200146fc                SPI_queueTransfer
 .text.SPI_writeRead
                0x200147e8      0x100 C:/ISIS/workspace-yarka/yarka12_GlobusSatProject2/satellite-subsystems/demo/../..//hal/hal/lib\libHAL.a(SPI.o)
                0x200147e8                SPI_writeRead
 .text.SPI_getDriverState
                0x200148e8       0x1c C:/ISIS/workspace-yarka/yarka12_GlobusSatProject2/satellite-subsystems/demo/../..//hal/hal/lib\libHAL.a(SPI.o)
                0x200148e8                SPI_getDriverState
 .text.uSdelay.constprop.0
                0x20014904       0x4c C:/ISIS/workspace-yarka/yarka12_GlobusSatProject2/satellite-subsystems/demo/../..//hal/hal/lib\libHAL.a(LED.o)
 .text.LED_start
                0x20014950       0x10 C:/ISIS/workspace-yarka/yarka12_GlobusSatProject2/satellite-subsystems/demo/../..//hal/hal/lib\libHAL.a(LED.o)
                0x20014950                LED_start
 .text.LED_glow
                0x20014960       0x30 C:/ISIS/workspace-yarka/yarka12_GlobusSatProject2/satellite-subsystems/demo/../..//hal/hal/lib\libHAL.a(LED.o)
                0x20014960                LED_glow
 .text.LED_dark
                0x20014990       0x30 C:/ISIS/workspace-yarka/yarka12_GlobusSatProject2/satellite-subsystems/demo/../..//hal/hal/lib\libHAL.a(LED.o)
                0x20014990                LED_dark
 .text.LED_toggle
                0x200149c0       0x1c C:/ISIS/workspace-yarka/yarka12_GlobusSatProject2/satellite-subsystems/demo/../..//hal/hal/lib\libHAL.a(LED.o)
                0x200149c0                LED_toggle
 .text.LED_wave
                0x200149dc       0x80 C:/ISIS/workspace-yarka/yarka12_GlobusSatProject2/satellite-subsystems/demo/../..//hal/hal/lib\libHAL.a(LED.o)
                0x200149dc                LED_wave
 .text.LED_waveReverse
                0x20014a5c       0x80 C:/ISIS/workspace-yarka/yarka12_GlobusSatProject2/satellite-subsystems/demo/../..//hal/hal/lib\libHAL.a(LED.o)
                0x20014a5c                LED_waveReverse
 .text.I2C_internalCallback
                0x20014adc       0x3c C:/ISIS/workspace-yarka/yarka12_GlobusSatProject2/satellite-subsystems/demo/../..//hal/hal/lib\libHAL.a(I2C.o)
 .text.I2C_queueTransfer
                0x20014b18      0x110 C:/ISIS/workspace-yarka/yarka12_GlobusSatProject2/satellite-subsystems/demo/../..//hal/hal/lib\libHAL.a(I2C.o)
                0x20014b18                I2C_queueTransfer
 .text.I2C_doBlockingTransfer
                0x20014c28      0x110 C:/ISIS/workspace-yarka/yarka12_GlobusSatProject2/satellite-subsystems/demo/../..//hal/hal/lib\libHAL.a(I2C.o)
 .text.I2C_write
                0x20014d38       0x60 C:/ISIS/workspace-yarka/yarka12_GlobusSatProject2/satellite-subsystems/demo/../..//hal/hal/lib\libHAL.a(I2C.o)
                0x20014d38                I2C_write
 .text.I2C_writeRead
                0x20014d98       0xa0 C:/ISIS/workspace-yarka/yarka12_GlobusSatProject2/satellite-subsystems/demo/../..//hal/hal/lib\libHAL.a(I2C.o)
                0x20014d98                I2C_writeRead
 .text.I2C_stop
                0x20014e38       0xf8 C:/ISIS/workspace-yarka/yarka12_GlobusSatProject2/satellite-subsystems/demo/../..//hal/hal/lib\libHAL.a(I2C.o)
                0x20014e38                I2C_stop
 .text.I2C_setTransferTimeout
                0x20014f30       0x1c C:/ISIS/workspace-yarka/yarka12_GlobusSatProject2/satellite-subsystems/demo/../..//hal/hal/lib\libHAL.a(I2C.o)
                0x20014f30                I2C_setTransferTimeout
 .text.I2C_start
                0x20014f4c      0x200 C:/ISIS/workspace-yarka/yarka12_GlobusSatProject2/satellite-subsystems/demo/../..//hal/hal/lib\libHAL.a(I2C.o)
                0x20014f4c                I2C_start
 .text.I2C_getDriverState
                0x2001514c       0x10 C:/ISIS/workspace-yarka/yarka12_GlobusSatProject2/satellite-subsystems/demo/../..//hal/hal/lib\libHAL.a(I2C.o)
                0x2001514c                I2C_getDriverState
 .text.Time_isLeapYear
                0x2001515c       0x4c C:/ISIS/workspace-yarka/yarka12_GlobusSatProject2/satellite-subsystems/demo/../..//hal/hal/lib\libHAL.a(Time.o)
                0x2001515c                Time_isLeapYear
 .text.Time_calculateSecondsOfYear
                0x200151a8       0x78 C:/ISIS/workspace-yarka/yarka12_GlobusSatProject2/satellite-subsystems/demo/../..//hal/hal/lib\libHAL.a(Time.o)
 .text.Time_get
                0x20015220      0x200 C:/ISIS/workspace-yarka/yarka12_GlobusSatProject2/satellite-subsystems/demo/../..//hal/hal/lib\libHAL.a(Time.o)
                0x20015220                Time_get
 .text.WDT_start
                0x20015420       0x3c C:/ISIS/workspace-yarka/yarka12_GlobusSatProject2/satellite-subsystems/demo/../..//hal/hal/lib\libHAL.a(WatchDogTimerNoOS.o)
                0x20015420                WDT_start
 .text.RTT_GetTime
                0x2001545c        0xc C:/ISIS/workspace-yarka/yarka12_GlobusSatProject2/satellite-subsystems/demo/../..//hal/hal/lib\libHAL.a(RTT.o)
                0x2001545c                RTT_GetTime
 .text.WDT_startWatchdogKickTask
                0x20015468       0x88 C:/ISIS/workspace-yarka/yarka12_GlobusSatProject2/satellite-subsystems/demo/../..//hal/hal/lib\libHAL.a(WatchDogTimerOS.o)
                0x20015468                WDT_startWatchdogKickTask
 .text.WDT_forceKickEveryNms
                0x200154f0       0x34 C:/ISIS/workspace-yarka/yarka12_GlobusSatProject2/satellite-subsystems/demo/../..//hal/hal/lib\libHAL.a(WatchDogTimerOS.o)
                0x200154f0                WDT_forceKickEveryNms
 .text.UTIL_DbguGetInteger
                0x20015524       0xd8 C:/ISIS/workspace-yarka/yarka12_GlobusSatProject2/satellite-subsystems/demo/../..//hal/hal/lib\libHAL.a(util.o)
                0x20015524                UTIL_DbguGetInteger
 .text.UTIL_DbguGetIntegerMinMax
                0x200155fc       0x74 C:/ISIS/workspace-yarka/yarka12_GlobusSatProject2/satellite-subsystems/demo/../..//hal/hal/lib\libHAL.a(util.o)
                0x200155fc                UTIL_DbguGetIntegerMinMax
 .text.UTIL_DbguGetHexa32
                0x20015670       0xcc C:/ISIS/workspace-yarka/yarka12_GlobusSatProject2/satellite-subsystems/demo/../..//hal/hal/lib\libHAL.a(util.o)
                0x20015670                UTIL_DbguGetHexa32
 .text.prvCopyDataToQueue
                0x2001573c       0xc4 C:/ISIS/workspace-yarka/yarka12_GlobusSatProject2/satellite-subsystems/demo/../..//hal/freertos/lib\libFreeRTOS.a(queue.o)
 .text.prvCopyDataFromQueue
                0x20015800       0x40 C:/ISIS/workspace-yarka/yarka12_GlobusSatProject2/satellite-subsystems/demo/../..//hal/freertos/lib\libFreeRTOS.a(queue.o)
 .text.prvNotifyQueueSetContainer
                0x20015840       0xb4 C:/ISIS/workspace-yarka/yarka12_GlobusSatProject2/satellite-subsystems/demo/../..//hal/freertos/lib\libFreeRTOS.a(queue.o)
 .text.prvUnlockQueue
                0x200158f4       0xc8 C:/ISIS/workspace-yarka/yarka12_GlobusSatProject2/satellite-subsystems/demo/../..//hal/freertos/lib\libFreeRTOS.a(queue.o)
 .text.xQueueGenericReset
                0x200159bc       0xbc C:/ISIS/workspace-yarka/yarka12_GlobusSatProject2/satellite-subsystems/demo/../..//hal/freertos/lib\libFreeRTOS.a(queue.o)
                0x200159bc                xQueueGenericReset
 .text.xQueueGenericCreate
                0x20015a78       0x8c C:/ISIS/workspace-yarka/yarka12_GlobusSatProject2/satellite-subsystems/demo/../..//hal/freertos/lib\libFreeRTOS.a(queue.o)
                0x20015a78                xQueueGenericCreate
 .text.xQueueGenericSend
                0x20015b04      0x1f8 C:/ISIS/workspace-yarka/yarka12_GlobusSatProject2/satellite-subsystems/demo/../..//hal/freertos/lib\libFreeRTOS.a(queue.o)
                0x20015b04                xQueueGenericSend
 .text.xQueueCreateMutex
                0x20015cfc       0x9c C:/ISIS/workspace-yarka/yarka12_GlobusSatProject2/satellite-subsystems/demo/../..//hal/freertos/lib\libFreeRTOS.a(queue.o)
                0x20015cfc                xQueueCreateMutex
 .text.xQueueGenericSendFromISR
                0x20015d98      0x148 C:/ISIS/workspace-yarka/yarka12_GlobusSatProject2/satellite-subsystems/demo/../..//hal/freertos/lib\libFreeRTOS.a(queue.o)
                0x20015d98                xQueueGenericSendFromISR
 .text.xQueueGenericReceive
                0x20015ee0      0x204 C:/ISIS/workspace-yarka/yarka12_GlobusSatProject2/satellite-subsystems/demo/../..//hal/freertos/lib\libFreeRTOS.a(queue.o)
                0x20015ee0                xQueueGenericReceive
 .text.uxQueueMessagesWaiting
                0x200160e4       0x4c C:/ISIS/workspace-yarka/yarka12_GlobusSatProject2/satellite-subsystems/demo/../..//hal/freertos/lib\libFreeRTOS.a(queue.o)
                0x200160e4                uxQueueMessagesWaiting
 .text.vQueueUnregisterQueue
                0x20016130       0x38 C:/ISIS/workspace-yarka/yarka12_GlobusSatProject2/satellite-subsystems/demo/../..//hal/freertos/lib\libFreeRTOS.a(queue.o)
                0x20016130                vQueueUnregisterQueue
 .text.vQueueDelete
                0x20016168       0x50 C:/ISIS/workspace-yarka/yarka12_GlobusSatProject2/satellite-subsystems/demo/../..//hal/freertos/lib\libFreeRTOS.a(queue.o)
                0x20016168                vQueueDelete
 .text.vQueueWaitForMessageRestricted
                0x200161b8       0x58 C:/ISIS/workspace-yarka/yarka12_GlobusSatProject2/satellite-subsystems/demo/../..//hal/freertos/lib\libFreeRTOS.a(queue.o)
                0x200161b8                vQueueWaitForMessageRestricted
 .text.vListInitialise
                0x20016210       0x24 C:/ISIS/workspace-yarka/yarka12_GlobusSatProject2/satellite-subsystems/demo/../..//hal/freertos/lib\libFreeRTOS.a(list.o)
                0x20016210                vListInitialise
 .text.vListInitialiseItem
                0x20016234        0xc C:/ISIS/workspace-yarka/yarka12_GlobusSatProject2/satellite-subsystems/demo/../..//hal/freertos/lib\libFreeRTOS.a(list.o)
                0x20016234                vListInitialiseItem
 .text.vListInsertEnd
                0x20016240       0x30 C:/ISIS/workspace-yarka/yarka12_GlobusSatProject2/satellite-subsystems/demo/../..//hal/freertos/lib\libFreeRTOS.a(list.o)
                0x20016240                vListInsertEnd
 .text.vListInsert
                0x20016270       0x58 C:/ISIS/workspace-yarka/yarka12_GlobusSatProject2/satellite-subsystems/demo/../..//hal/freertos/lib\libFreeRTOS.a(list.o)
                0x20016270                vListInsert
 .text.uxListRemove
                0x200162c8       0x3c C:/ISIS/workspace-yarka/yarka12_GlobusSatProject2/satellite-subsystems/demo/../..//hal/freertos/lib\libFreeRTOS.a(list.o)
                0x200162c8                uxListRemove
 .text.prvAddCurrentTaskToDelayedList
                0x20016304       0x60 C:/ISIS/workspace-yarka/yarka12_GlobusSatProject2/satellite-subsystems/demo/../..//hal/freertos/lib\libFreeRTOS.a(tasks.o)
 .text.xTaskGenericCreate
                0x20016364      0x3e0 C:/ISIS/workspace-yarka/yarka12_GlobusSatProject2/satellite-subsystems/demo/../..//hal/freertos/lib\libFreeRTOS.a(tasks.o)
                0x20016364                xTaskGenericCreate
 .text.vTaskDelete
                0x20016744       0x88 C:/ISIS/workspace-yarka/yarka12_GlobusSatProject2/satellite-subsystems/demo/../..//hal/freertos/lib\libFreeRTOS.a(tasks.o)
                0x20016744                vTaskDelete
 .text.vTaskStartScheduler
                0x200167cc       0xc8 C:/ISIS/workspace-yarka/yarka12_GlobusSatProject2/satellite-subsystems/demo/../..//hal/freertos/lib\libFreeRTOS.a(tasks.o)
                0x200167cc                vTaskStartScheduler
 .text.vTaskSuspendAll
                0x20016894       0x18 C:/ISIS/workspace-yarka/yarka12_GlobusSatProject2/satellite-subsystems/demo/../..//hal/freertos/lib\libFreeRTOS.a(tasks.o)
                0x20016894                vTaskSuspendAll
 .text.xTaskGetTickCount
                0x200168ac       0x20 C:/ISIS/workspace-yarka/yarka12_GlobusSatProject2/satellite-subsystems/demo/../..//hal/freertos/lib\libFreeRTOS.a(tasks.o)
                0x200168ac                xTaskGetTickCount
 .text.xTaskIncrementTick
                0x200168cc      0x16c C:/ISIS/workspace-yarka/yarka12_GlobusSatProject2/satellite-subsystems/demo/../..//hal/freertos/lib\libFreeRTOS.a(tasks.o)
                0x200168cc                xTaskIncrementTick
 .text.xTaskResumeAll
                0x20016a38      0x140 C:/ISIS/workspace-yarka/yarka12_GlobusSatProject2/satellite-subsystems/demo/../..//hal/freertos/lib\libFreeRTOS.a(tasks.o)
                0x20016a38                xTaskResumeAll
 .text.prvIdleTask
                0x20016b78       0x7c C:/ISIS/workspace-yarka/yarka12_GlobusSatProject2/satellite-subsystems/demo/../..//hal/freertos/lib\libFreeRTOS.a(tasks.o)
 .text.vTaskDelay
                0x20016bf4       0x4c C:/ISIS/workspace-yarka/yarka12_GlobusSatProject2/satellite-subsystems/demo/../..//hal/freertos/lib\libFreeRTOS.a(tasks.o)
                0x20016bf4                vTaskDelay
 .text.vTaskDelayUntil
                0x20016c40       0xe0 C:/ISIS/workspace-yarka/yarka12_GlobusSatProject2/satellite-subsystems/demo/../..//hal/freertos/lib\libFreeRTOS.a(tasks.o)
                0x20016c40                vTaskDelayUntil
 .text.vTaskSwitchContext
                0x20016d20       0xfc C:/ISIS/workspace-yarka/yarka12_GlobusSatProject2/satellite-subsystems/demo/../..//hal/freertos/lib\libFreeRTOS.a(tasks.o)
                0x20016d20                vTaskSwitchContext
 .text.vTaskPlaceOnEventList
                0x20016e1c       0x84 C:/ISIS/workspace-yarka/yarka12_GlobusSatProject2/satellite-subsystems/demo/../..//hal/freertos/lib\libFreeRTOS.a(tasks.o)
                0x20016e1c                vTaskPlaceOnEventList
 .text.vTaskPlaceOnEventListRestricted
                0x20016ea0       0x6c C:/ISIS/workspace-yarka/yarka12_GlobusSatProject2/satellite-subsystems/demo/../..//hal/freertos/lib\libFreeRTOS.a(tasks.o)
                0x20016ea0                vTaskPlaceOnEventListRestricted
 .text.xTaskRemoveFromEventList
                0x20016f0c       0xbc C:/ISIS/workspace-yarka/yarka12_GlobusSatProject2/satellite-subsystems/demo/../..//hal/freertos/lib\libFreeRTOS.a(tasks.o)
                0x20016f0c                xTaskRemoveFromEventList
 .text.vTaskSetTimeOutState
                0x20016fc8       0x54 C:/ISIS/workspace-yarka/yarka12_GlobusSatProject2/satellite-subsystems/demo/../..//hal/freertos/lib\libFreeRTOS.a(tasks.o)
                0x20016fc8                vTaskSetTimeOutState
 .text.xTaskCheckForTimeOut
                0x2001701c       0xd4 C:/ISIS/workspace-yarka/yarka12_GlobusSatProject2/satellite-subsystems/demo/../..//hal/freertos/lib\libFreeRTOS.a(tasks.o)
                0x2001701c                xTaskCheckForTimeOut
 .text.vTaskMissedYield
                0x200170f0       0x14 C:/ISIS/workspace-yarka/yarka12_GlobusSatProject2/satellite-subsystems/demo/../..//hal/freertos/lib\libFreeRTOS.a(tasks.o)
                0x200170f0                vTaskMissedYield
 .text.xTaskGetCurrentTaskHandle
                0x20017104       0x10 C:/ISIS/workspace-yarka/yarka12_GlobusSatProject2/satellite-subsystems/demo/../..//hal/freertos/lib\libFreeRTOS.a(tasks.o)
                0x20017104                xTaskGetCurrentTaskHandle
 .text.xTaskGetSchedulerState
                0x20017114       0x28 C:/ISIS/workspace-yarka/yarka12_GlobusSatProject2/satellite-subsystems/demo/../..//hal/freertos/lib\libFreeRTOS.a(tasks.o)
                0x20017114                xTaskGetSchedulerState
 .text.vTaskPriorityInherit
                0x2001713c       0x98 C:/ISIS/workspace-yarka/yarka12_GlobusSatProject2/satellite-subsystems/demo/../..//hal/freertos/lib\libFreeRTOS.a(tasks.o)
                0x2001713c                vTaskPriorityInherit
 .text.vTaskPriorityDisinherit
                0x200171d4       0x68 C:/ISIS/workspace-yarka/yarka12_GlobusSatProject2/satellite-subsystems/demo/../..//hal/freertos/lib\libFreeRTOS.a(tasks.o)
                0x200171d4                vTaskPriorityDisinherit
 .text.prvCheckForValidListAndQueue
                0x2001723c       0x58 C:/ISIS/workspace-yarka/yarka12_GlobusSatProject2/satellite-subsystems/demo/../..//hal/freertos/lib\libFreeRTOS.a(timers.o)
 .text.prvInsertTimerInActiveList
                0x20017294       0x70 C:/ISIS/workspace-yarka/yarka12_GlobusSatProject2/satellite-subsystems/demo/../..//hal/freertos/lib\libFreeRTOS.a(timers.o)
 .text.xTimerCreateTimerTask
                0x20017304       0x88 C:/ISIS/workspace-yarka/yarka12_GlobusSatProject2/satellite-subsystems/demo/../..//hal/freertos/lib\libFreeRTOS.a(timers.o)
                0x20017304                xTimerCreateTimerTask
 .text.xTimerGenericCommand
                0x2001738c       0x70 C:/ISIS/workspace-yarka/yarka12_GlobusSatProject2/satellite-subsystems/demo/../..//hal/freertos/lib\libFreeRTOS.a(timers.o)
                0x2001738c                xTimerGenericCommand
 .text.prvSwitchTimerLists.isra.1
                0x200173fc       0xd0 C:/ISIS/workspace-yarka/yarka12_GlobusSatProject2/satellite-subsystems/demo/../..//hal/freertos/lib\libFreeRTOS.a(timers.o)
 .text.prvTimerTask
                0x200174cc      0x288 C:/ISIS/workspace-yarka/yarka12_GlobusSatProject2/satellite-subsystems/demo/../..//hal/freertos/lib\libFreeRTOS.a(timers.o)
 .text.vApplicationStackOverflowHook
                0x20017754       0x50 C:/ISIS/workspace-yarka/yarka12_GlobusSatProject2/satellite-subsystems/demo/../..//hal/freertos/lib\libFreeRTOS.a(hooks.o)
                0x20017754                vApplicationStackOverflowHook
 .text.vApplicationIdleHook
                0x200177a4        0x4 C:/ISIS/workspace-yarka/yarka12_GlobusSatProject2/satellite-subsystems/demo/../..//hal/freertos/lib\libFreeRTOS.a(hooks.o)
                0x200177a4                vApplicationIdleHook
 .text.vApplicationMallocFailedHook
                0x200177a8       0x28 C:/ISIS/workspace-yarka/yarka12_GlobusSatProject2/satellite-subsystems/demo/../..//hal/freertos/lib\libFreeRTOS.a(hooks.o)
                0x200177a8                vApplicationMallocFailedHook
 .text.pvPortMalloc
                0x200177d0        0x4 C:/ISIS/workspace-yarka/yarka12_GlobusSatProject2/satellite-subsystems/demo/../..//hal/freertos/lib\libFreeRTOS.a(standardMemMang.o)
                0x200177d0                pvPortMalloc
 .text.vPortFree
                0x200177d4        0x4 C:/ISIS/workspace-yarka/yarka12_GlobusSatProject2/satellite-subsystems/demo/../..//hal/freertos/lib\libFreeRTOS.a(standardMemMang.o)
                0x200177d4                vPortFree
 .text._sbrk    0x200177d8       0x78 C:/ISIS/workspace-yarka/yarka12_GlobusSatProject2/satellite-subsystems/demo/../..//hal/freertos/lib\libFreeRTOS.a(standardMemMang.o)
                0x200177d8                _sbrk
 .text.__malloc_lock
                0x20017850        0x4 C:/ISIS/workspace-yarka/yarka12_GlobusSatProject2/satellite-subsystems/demo/../..//hal/freertos/lib\libFreeRTOS.a(standardMemMang.o)
                0x20017850                __malloc_lock
 .text.__malloc_unlock
                0x20017854        0x4 C:/ISIS/workspace-yarka/yarka12_GlobusSatProject2/satellite-subsystems/demo/../..//hal/freertos/lib\libFreeRTOS.a(standardMemMang.o)
                0x20017854                __malloc_unlock
 .text.pxPortInitialiseStack
                0x20017858       0xb8 C:/ISIS/workspace-yarka/yarka12_GlobusSatProject2/satellite-subsystems/demo/../..//hal/freertos/lib\libFreeRTOS.a(port.o)
                0x20017858                pxPortInitialiseStack
 .text.xPortStartScheduler
                0x20017910       0x94 C:/ISIS/workspace-yarka/yarka12_GlobusSatProject2/satellite-subsystems/demo/../..//hal/freertos/lib\libFreeRTOS.a(port.o)
                0x20017910                xPortStartScheduler
 .text.vPortEnterCritical
                0x200179a4       0x2c C:/ISIS/workspace-yarka/yarka12_GlobusSatProject2/satellite-subsystems/demo/../..//hal/freertos/lib\libFreeRTOS.a(port.o)
                0x200179a4                vPortEnterCritical
 .text.vPortExitCritical
                0x200179d0       0x44 C:/ISIS/workspace-yarka/yarka12_GlobusSatProject2/satellite-subsystems/demo/../..//hal/freertos/lib\libFreeRTOS.a(port.o)
                0x200179d0                vPortExitCritical
 .text._read    0x20017a14       0x54 C:/ISIS/workspace-yarka/yarka12_GlobusSatProject2/satellite-subsystems/demo/../..//hal/at91/lib\libAt91.a(syscalls.o)
                0x20017a14                _read
 .text._write   0x20017a68       0x6c C:/ISIS/workspace-yarka/yarka12_GlobusSatProject2/satellite-subsystems/demo/../..//hal/at91/lib\libAt91.a(syscalls.o)
                0x20017a68                _write
 .text._lseek   0x20017ad4        0x8 C:/ISIS/workspace-yarka/yarka12_GlobusSatProject2/satellite-subsystems/demo/../..//hal/at91/lib\libAt91.a(syscalls.o)
                0x20017ad4                _lseek