Archive member included because of file (symbol)

C:/ISIS/workspace-yarka/yarka12_GlobusSatProject2/satellite-subsystems/demo/..//satellite-subsystems/lib\libSatelliteSubsystems.a(IsisTRXUV.o)
                              ./src/Demos/IsisTRXUVdemo.o (IsisTrxuv_initialize)
C:/ISIS/workspace-yarka/yarka12_GlobusSatProject2/satellite-subsystems/demo/..//satellite-subsystems/lib\libSatelliteSubsystems.a(IsisMTQv2.o)
                              ./src/Demos/IsisMTQv2demo.o (IsisMTQv2_initialize)
C:/ISIS/workspace-yarka/yarka12_GlobusSatProject2/satellite-subsystems/demo/..//satellite-subsystems/lib\libSatelliteSubsystems.a(imepsv2_piu.o)
                              ./src/Demos/isis_eps_demo.o (IMEPSV2_PIU_Init)
C:/ISIS/workspace-yarka/yarka12_GlobusSatProject2/satellite-subsystems/demo/..//satellite-subsystems/lib\libSatelliteSubsystems.a(isis_ants2.o)
                              ./src/Demos/isis_ants2_demo.o (ISIS_ANTS2_Init)
C:/ISIS/workspace-yarka/yarka12_GlobusSatProject2/satellite-subsystems/demo/..//satellite-subsystems/lib\libSatelliteSubsystems.a(IsisAntS.o)
                              ./src/Demos/IsisAntSdemo.o (IsisAntS_initialize)
C:/ISIS/workspace-yarka/yarka12_GlobusSatProject2/satellite-subsystems/demo/..//satellite-subsystems/lib\libSatelliteSubsystems.a(IsisTRXCommon.o)
                              C:/ISIS/workspace-yarka/yarka12_GlobusSatProject2/satellite-subsystems/demo/..//satellite-subsystems/lib\libSatelliteSubsystems.a(IsisTRXUV.o) (IsisTrxCommon_componentReset)
C:/ISIS/workspace-yarka/yarka12_GlobusSatProject2/satellite-subsystems/demo/..//satellite-subsystems/lib\libSatelliteSubsystems.a(GomEPS.o)
                              ./src/Demos/GomEPSdemo.o (GomEpsInitialize)
C:/ISIS/workspace-yarka/yarka12_GlobusSatProject2/satellite-subsystems/demo/..//satellite-subsystems/lib\libSatelliteSubsystems.a(cspaceADCS.o)
                              ./src/Demos/cspaceADCSdemo.o (cspaceADCS_initialize)
C:/ISIS/workspace-yarka/yarka12_GlobusSatProject2/satellite-subsystems/demo/..//satellite-subsystems/lib\libSatelliteSubsystems.a(IsisSolarPanel.o)
                              ./src/Demos/IsisSPdemo.o (IsisSolarPanel_getTemperature)
C:/ISIS/workspace-yarka/yarka12_GlobusSatProject2/satellite-subsystems/demo/..//satellite-subsystems/lib\libSatelliteSubsystems.a(IsisTRXVU.o)
                              ./src/Demos/IsisTRXVUdemo.o (IsisTrxvu_initialize)
C:/ISIS/workspace-yarka/yarka12_GlobusSatProject2/satellite-subsystems/demo/..//satellite-subsystems/lib\libSatelliteSubsystems.a(isis_hstxs.o)
                              ./src/Demos/IsisHSTxSdemo.o (ISIS_HSTXS_Init)
C:/ISIS/workspace-yarka/yarka12_GlobusSatProject2/satellite-subsystems/demo/..//satellite-subsystems/lib\libSatelliteSubsystems.a(IsisMTQv1.o)
                              ./src/Demos/IsisMTQv1demo.o (isisMTQv1_initialize)
C:/ISIS/workspace-yarka/yarka12_GlobusSatProject2/satellite-subsystems/demo/..//satellite-subsystems/lib\libSatelliteSubsystems.a(IsisSolarPanelv2.o)
                              ./src/Demos/IsisSPv2demo.o (IsisSolarPanelv2_initialize)
C:/ISIS/workspace-yarka/yarka12_GlobusSatProject2/satellite-subsystems/demo/..//satellite-subsystems/lib\libSatelliteSubsystems.a(version.o)
                              ./src/main.o (SatelliteSubsystemsVersionRevision)
C:/ISIS/workspace-yarka/yarka12_GlobusSatProject2/satellite-subsystems/demo/..//satellite-subsystems/lib\libSatelliteSubsystems.a(gecko_driver.o)
                              ./src/Demos/ScsGeckoDemo.o (GECKO_SetReg)
C:/ISIS/workspace-yarka/yarka12_GlobusSatProject2/satellite-subsystems/demo/..//satellite-subsystems/lib\libSatelliteSubsystems.a(gecko_use_cases.o)
                              ./src/Demos/ScsGeckoDemo.o (GECKO_UC_Init)
c:/isis/application/toolchain/bin/../lib/gcc/arm-none-eabi/4.7.4/../../../../arm-none-eabi/lib\libm.a(lib_a-w_exp.o)
                              ./src/Demos/common.o (exp)
c:/isis/application/toolchain/bin/../lib/gcc/arm-none-eabi/4.7.4/../../../../arm-none-eabi/lib\libm.a(lib_a-w_log.o)
                              C:/ISIS/workspace-yarka/yarka12_GlobusSatProject2/satellite-subsystems/demo/..//satellite-subsystems/lib\libSatelliteSubsystems.a(gecko_driver.o) (log)
c:/isis/application/toolchain/bin/../lib/gcc/arm-none-eabi/4.7.4/../../../../arm-none-eabi/lib\libm.a(lib_a-e_exp.o)
                              c:/isis/application/toolchain/bin/../lib/gcc/arm-none-eabi/4.7.4/../../../../arm-none-eabi/lib\libm.a(lib_a-w_exp.o) (__ieee754_exp)
c:/isis/application/toolchain/bin/../lib/gcc/arm-none-eabi/4.7.4/../../../../arm-none-eabi/lib\libm.a(lib_a-e_log.o)
                              c:/isis/application/toolchain/bin/../lib/gcc/arm-none-eabi/4.7.4/../../../../arm-none-eabi/lib\libm.a(lib_a-w_log.o) (__ieee754_log)
c:/isis/application/toolchain/bin/../lib/gcc/arm-none-eabi/4.7.4/../../../../arm-none-eabi/lib\libm.a(lib_a-s_finite.o)
[...]
Memory Configuration

Name             Origin             Length             Attributes
sram0            0x00200000         0x00004000         w !xr
sram1            0x00300000         0x00004000         w !xr
sdram            0x20000000         0x02000000         w !xr
*default*        0x00000000         0xffffffff

Linker script and memory map

LOAD c:/isis/application/toolchain/bin/../lib/gcc/arm-none-eabi/4.7.4/../../../../arm-none-eabi/lib\libc.a
LOAD ./src/Demos/GomEPSdemo.o
LOAD ./src/Demos/IsisAntSdemo.o
LOAD ./src/Demos/IsisHSTxSdemo.o
LOAD ./src/Demos/IsisMTQv1demo.o
LOAD ./src/Demos/IsisMTQv2demo.o
LOAD ./src/Demos/IsisSPdemo.o
LOAD ./src/Demos/IsisSPv2demo.o
LOAD ./src/Demos/IsisTRXUVdemo.o
LOAD ./src/Demos/IsisTRXVUdemo.o
LOAD ./src/Demos/ScsGeckoDemo.o
LOAD ./src/Demos/common.o
LOAD ./src/Demos/cspaceADCSdemo.o
LOAD ./src/Demos/input.o
LOAD ./src/Demos/isis_ants2_demo.o
LOAD ./src/Demos/isis_eps_demo.o
LOAD ./src/Demos/tausat2_pdhudemo.o
LOAD ./src/Demos/trxvu_frame_ready.o
LOAD ./src/main.o
LOAD C:/ISIS/workspace-yarka/yarka12_GlobusSatProject2/satellite-subsystems/demo/..//satellite-subsystems/lib\libSatelliteSubsystems.a
LOAD c:/isis/application/toolchain/bin/../lib/gcc/arm-none-eabi/4.7.4/../../../../arm-none-eabi/lib\libm.a
LOAD C:/ISIS/workspace-yarka/yarka12_GlobusSatProject2/satellite-subsystems/demo/../..//hal/hcc/lib\libHCC.a
LOAD C:/ISIS/workspace-yarka/yarka12_GlobusSatProject2/satellite-subsystems/demo/../..//hal/hal/lib\libHAL.a
LOAD C:/ISIS/workspace-yarka/yarka12_GlobusSatProject2/satellite-subsystems/demo/../..//hal/freertos/lib\libFreeRTOS.a
LOAD C:/ISIS/workspace-yarka/yarka12_GlobusSatProject2/satellite-subsystems/demo/../..//hal/at91/lib\libAt91.a
START GROUP
LOAD c:/isis/application/toolchain/bin/../lib/gcc/arm-none-eabi/4.7.4\libgcc.a
LOAD c:/isis/application/toolchain/bin/../lib/gcc/arm-none-eabi/4.7.4/../../../../arm-none-eabi/lib\libc.a
END GROUP

.fixed          0x20000000    0x2ca40
                0x20000000                . = ALIGN (0x4)
                0x20000000                _sfixed = .
 *(.startup)
 .startup       0x20000000      0x184 C:/ISIS/workspace-yarka/yarka12_GlobusSatProject2/satellite-subsystems/demo/../..//hal/at91/lib\libAt91.a(board_cstartup.o)
                0x20000000                entry
 *(.text)
 .text          0x20000184       0x64 C:/ISIS/workspace-yarka/yarka12_GlobusSatProject2/satellite-subsystems/demo/../..//hal/at91/lib\libAt91.a(cp15_asm.o)
                0x20000184                _readControlRegister
                0x20000190                _writeControlRegister
                0x20000198                _waitForInterrupt
                0x200001a4                _writeTTB
                0x200001ac                _writeDomain
                0x200001b4                _writeITLBLockdown
                0x200001bc                _prefetchICacheLine
                0x200001c4                _flushDCache
                0x200001d0                _flushWriteBuffer
                0x200001dc                _invalidateIDTLBs
 .text          0x200001e8      0x114 c:/isis/application/toolchain/bin/../lib/gcc/arm-none-eabi/4.7.4\libgcc.a(_udivsi3.o)
                0x200001e8                __aeabi_uidiv
                0x200001e8                __udivsi3
                0x200002dc                __aeabi_uidivmod
 .text          0x200002fc      0x148 c:/isis/application/toolchain/bin/../lib/gcc/arm-none-eabi/4.7.4\libgcc.a(_divsi3.o)
                0x200002fc                __divsi3
                0x200002fc                __aeabi_idiv
                0x20000424                __aeabi_idivmod
 .text          0x20000444        0x4 c:/isis/application/toolchain/bin/../lib/gcc/arm-none-eabi/4.7.4\libgcc.a(_dvmd_tls.o)
                0x20000444                __aeabi_idiv0
                0x20000444                __aeabi_ldiv0
 .text          0x20000448      0x41c c:/isis/application/toolchain/bin/../lib/gcc/arm-none-eabi/4.7.4\libgcc.a(_arm_addsubdf3.o)
                0x20000448                __aeabi_drsub
                0x20000450                __aeabi_dsub
                0x20000450                __subdf3
                0x20000454                __aeabi_dadd
                0x20000454                __adddf3
                0x20000764                __floatunsidf
                0x20000764                __aeabi_ui2d
                0x20000788                __floatsidf
                0x20000788                __aeabi_i2d
                0x200007b0                __aeabi_f2d
                0x200007b0                __extendsfdf2
                0x200007f0                __floatundidf
                0x200007f0                __aeabi_ul2d
                0x20000804                __floatdidf
                0x20000804                __aeabi_l2d
 .text          0x20000864      0x49c c:/isis/application/toolchain/bin/../lib/gcc/arm-none-eabi/4.7.4\libgcc.a(_arm_muldivdf3.o)
                0x20000864                __aeabi_dmul
                0x20000864                __muldf3
                0x20000af4                __divdf3
                0x20000af4                __aeabi_ddiv
 .text          0x20000d00      0x144 c:/isis/application/toolchain/bin/../lib/gcc/arm-none-eabi/4.7.4\libgcc.a(_arm_cmpdf2.o)
                0x20000d00                __gtdf2
                0x20000d00                __gedf2
                0x20000d08                __ltdf2
                0x20000d08                __ledf2
                0x20000d10                __nedf2
                0x20000d10                __eqdf2
                0x20000d10                __cmpdf2
                0x20000d98                __aeabi_cdrcmple
                0x20000db4                __aeabi_cdcmpeq
                0x20000db4                __aeabi_cdcmple
                0x20000dcc                __aeabi_dcmpeq
                0x20000de4                __aeabi_dcmplt
                0x20000dfc                __aeabi_dcmple
                0x20000e14                __aeabi_dcmpge
                0x20000e2c                __aeabi_dcmpgt
 .text          0x20000e44       0x5c c:/isis/application/toolchain/bin/../lib/gcc/arm-none-eabi/4.7.4\libgcc.a(_arm_fixdfsi.o)
                0x20000e44                __aeabi_d2iz
                0x20000e44                __fixdfsi
 .text          0x20000ea0       0x54 c:/isis/application/toolchain/bin/../lib/gcc/arm-none-eabi/4.7.4\libgcc.a(_arm_fixunsdfsi.o)
                0x20000ea0                __aeabi_d2uiz
                0x20000ea0                __fixunsdfsi
 .text          0x20000ef4       0xa0 c:/isis/application/toolchain/bin/../lib/gcc/arm-none-eabi/4.7.4\libgcc.a(_arm_truncdfsf2.o)
                0x20000ef4                __truncdfsf2
                0x20000ef4                __aeabi_d2f
 .text          0x20000f94      0x2ac c:/isis/application/toolchain/bin/../lib/gcc/arm-none-eabi/4.7.4\libgcc.a(_arm_addsubsf3.o)
                0x20000f94                __aeabi_frsub
                0x20000f9c                __subsf3
                0x20000f9c                __aeabi_fsub
                0x20000fa0                __aeabi_fadd
                0x20000fa0                __addsf3
                0x2000115c                __aeabi_ui2f
                0x2000115c                __floatunsisf
                0x20001164                __aeabi_i2f
                0x20001164                __floatsisf
                0x20001184                __aeabi_ul2f
                0x20001184                __floatundisf
                0x20001194                __aeabi_l2f
                0x20001194                __floatdisf
 .text          0x20001240      0x2f8 c:/isis/application/toolchain/bin/../lib/gcc/arm-none-eabi/4.7.4\libgcc.a(_arm_muldivsf3.o)
                0x20001240                __mulsf3
                0x20001240                __aeabi_fmul
                0x200013d8                __aeabi_fdiv
                0x200013d8                __divsf3
 .text          0x20001538       0x3c c:/isis/application/toolchain/bin/../lib/gcc/arm-none-eabi/4.7.4\libgcc.a(_aeabi_uldivmod.o)
                0x20001538                __aeabi_uldivmod
 .text          0x20001574       0x84 c:/isis/application/toolchain/bin/../lib/gcc/arm-none-eabi/4.7.4\libgcc.a(bpabi.o)
                0x20001574                __gnu_ldivmod_helper
                0x200015b8                __gnu_uldivmod_helper
 .text          0x200015f8      0x4f0 c:/isis/application/toolchain/bin/../lib/gcc/arm-none-eabi/4.7.4\libgcc.a(_divdi3.o)
                0x200015f8                __divdi3
 .text          0x20001ae8      0x488 c:/isis/application/toolchain/bin/../lib/gcc/arm-none-eabi/4.7.4\libgcc.a(_udivdi3.o)
                0x20001ae8                __udivdi3
 .text          0x20001f70       0x48 c:/isis/application/toolchain/bin/../lib/gcc/arm-none-eabi/4.7.4\libgcc.a(_clzsi2.o)
                0x20001f70                __clzsi2
 *(.text*)
 .text.EPS_Get_State
                0x20001fb8       0xdc ./src/Demos/GomEPSdemo.o
                0x20001fb8                EPS_Get_State
 .text.GomEPSdemoInit
                0x20002094       0x5c ./src/Demos/GomEPSdemo.o
                0x20002094                GomEPSdemoInit
 .text.GomEPSdemoLoop
                0x200020f0     0x10d0 ./src/Demos/GomEPSdemo.o
                0x200020f0                GomEPSdemoLoop
 .text.GomEPSdemoMain
                0x200031c0       0x1c ./src/Demos/GomEPSdemo.o
                0x200031c0                GomEPSdemoMain
 .text.GomEPStest
                0x200031dc       0x10 ./src/Demos/GomEPSdemo.o
                0x200031dc                GomEPStest
 .text.printDeploymentStatus
                0x200031ec       0x38 ./src/Demos/IsisAntSdemo.o
 .text.getStatusAntSTest
                0x20003224       0xe8 ./src/Demos/IsisAntSdemo.o
 .text.telemAntSTest
                0x2000330c      0x108 ./src/Demos/IsisAntSdemo.o
 .text.setARMStatus
                0x20003414       0xdc ./src/Demos/IsisAntSdemo.o
 .text.autoDeploymentAntSTest
                0x200034f0       0xb0 ./src/Demos/IsisAntSdemo.o
 .text.manualDeploymentAntSTest
                0x200035a0       0xf8 ./src/Demos/IsisAntSdemo.o
 .text.selectAndExecuteAntSDemoTest
                0x20003698      0x350 ./src/Demos/IsisAntSdemo.o
                0x20003698                selectAndExecuteAntSDemoTest
 .text.AntStest
                0x200039e8       0x80 ./src/Demos/IsisAntSdemo.o
                0x200039e8                AntStest
 .text.IsisHSTxSdemoInit
                0x20003a68       0x64 ./src/Demos/IsisHSTxSdemo.o
                0x20003a68                IsisHSTxSdemoInit
 .text.IsisHSTxSdemoLoop
                0x20003acc      0xb94 ./src/Demos/IsisHSTxSdemo.o
                0x20003acc                IsisHSTxSdemoLoop
 .text.IsisHSTxSdemoMain
                0x20004660       0x1c ./src/Demos/IsisHSTxSdemo.o
                0x20004660                IsisHSTxSdemoMain
 .text.HSTxStest
                0x2000467c       0x10 ./src/Demos/IsisHSTxSdemo.o
                0x2000467c                HSTxStest
 .text._parse_resp
                0x2000468c      0x13c ./src/Demos/IsisMTQv2demo.o
 .text._parse_selftest_step
                0x200047c8      0x388 ./src/Demos/IsisMTQv2demo.o
 .text._get_axis_inputs
                0x20004b50      0x194 ./src/Demos/IsisMTQv2demo.o
 .text._startSelfTest
                0x20004ce4      0x1a8 ./src/Demos/IsisMTQv2demo.o
 .text._getSelftestDataAllAxis
                0x20004e8c      0x190 ./src/Demos/IsisMTQv2demo.o
 .text.IsisMTQv2demoInit
                0x2000501c       0x5c ./src/Demos/IsisMTQv2demo.o
                0x2000501c                IsisMTQv2demoInit
 .text.IsisMTQv2demoLoop
                0x20005078     0x1604 ./src/Demos/IsisMTQv2demo.o
                0x20005078                IsisMTQv2demoLoop
 .text.IsisMTQv2demoMain
                0x2000667c       0x1c ./src/Demos/IsisMTQv2demo.o
                0x2000667c                IsisMTQv2demoMain
 .text.IsisMTQv2test
                0x20006698       0x10 ./src/Demos/IsisMTQv2demo.o
                0x20006698                IsisMTQv2test
 .text.SolarPanelv2_Temperature
                0x200066a8       0x9c ./src/Demos/IsisSPv2demo.o
                0x200066a8                SolarPanelv2_Temperature
 .text.selectAndExecuteSolarPanelsv2DemoTest
                0x20006744       0x6c ./src/Demos/IsisSPv2demo.o
                0x20006744                selectAndExecuteSolarPanelsv2DemoTest
 .text.SolarPanelsv2_mainDemo
                0x200067b0       0x14 ./src/Demos/IsisSPv2demo.o
                0x200067b0                SolarPanelsv2_mainDemo
 .text.SolarPanelv2test
                0x200067c4       0x74 ./src/Demos/IsisSPv2demo.o
                0x200067c4                SolarPanelv2test
 .text.initSPv2
                0x20006838       0x6c ./src/Demos/IsisSPv2demo.o
                0x20006838                initSPv2
 .text.vurc_revDInterruptCallback
                0x200068a4       0x38 ./src/Demos/IsisTRXVUdemo.o
 .text.TransponderTimerTask
                0x200068dc       0x40 ./src/Demos/IsisTRXVUdemo.o
 .text._WatchDogKickTask
                0x2000691c       0x2c ./src/Demos/IsisTRXVUdemo.o
 .text.initSD   0x20006948       0x58 ./src/Demos/IsisTRXVUdemo.o
                0x20006948                initSD
 .text.IsisTRXVUdemoInit
                0x200069a0       0xc0 ./src/Demos/IsisTRXVUdemo.o
                0x200069a0                IsisTRXVUdemoInit
 .text.IsisTRXVUdemoLoop
                0x20006a60      0xff4 ./src/Demos/IsisTRXVUdemo.o
                0x20006a60                IsisTRXVUdemoLoop
 .text.IsisTRXVUdemoMain
                0x20007a54       0x1c ./src/Demos/IsisTRXVUdemo.o
                0x20007a54                IsisTRXVUdemoMain
 .text.TRXVUtest
                0x20007a70       0x10 ./src/Demos/IsisTRXVUdemo.o
                0x20007a70                TRXVUtest
 .text.ing_interact
                0x20007a80      0x24c ./src/Demos/common.o
                0x20007a80                ing_interact
 .text.ing_parse
                0x20007ccc      0x448 ./src/Demos/common.o
                0x20007ccc                ing_parse
 .text.ing      0x20008114       0x5c ./src/Demos/common.o
                0x20008114                ing
 .text.config_param_info
                0x20008170      0x754 ./src/Demos/common.o
                0x20008170                config_param_info
 .text.print_error
                0x200088c4       0x38 ./src/Demos/common.o
                0x200088c4                print_error
 .text._GetInput
                0x200088fc       0x84 ./src/Demos/input.o
 .text.INPUT_GetINT8
                0x20008980       0x98 ./src/Demos/input.o
                0x20008980                INPUT_GetINT8
 .text.INPUT_GetUINT16
                0x20008a18       0x88 ./src/Demos/input.o
                0x20008a18                INPUT_GetUINT16
 .text.INPUT_GetSTRING
                0x20008aa0       0x44 ./src/Demos/input.o
                0x20008aa0                INPUT_GetSTRING
 .text._print_eps_response
                0x20008ae4       0x6c ./src/Demos/isis_eps_demo.o
 .text.isis_eps__demo__init
                0x20008b50       0xac ./src/Demos/isis_eps_demo.o
                0x20008b50                isis_eps__demo__init
 .text.isis_eps__demo__loop
                0x20008bfc      0xbfc ./src/Demos/isis_eps_demo.o
                0x20008bfc                isis_eps__demo__loop
 .text.isis_eps__demo__main
                0x200097f8       0x1c ./src/Demos/isis_eps_demo.o
                0x200097f8                isis_eps__demo__main
 .text.isis_eps__test
                0x20009814        0x4 ./src/Demos/isis_eps_demo.o
                0x20009814                isis_eps__test
 .text.TAUSAT2PdhuDemoInit
                0x20009818       0x20 ./src/Demos/tausat2_pdhudemo.o
                0x20009818                TAUSAT2PdhuDemoInit
 .text.TAUSAT2PdhuDemoLoop
                0x20009838      0x4ec ./src/Demos/tausat2_pdhudemo.o
                0x20009838                TAUSAT2PdhuDemoLoop
 .text.TAUSAT2PdhuDemoMain
                0x20009d24       0x1c ./src/Demos/tausat2_pdhudemo.o
                0x20009d24                TAUSAT2PdhuDemoMain
 .text._Handler
                0x20009d40       0x24 ./src/Demos/trxvu_frame_ready.o
 .text.TRXVU_FR_Enable
                0x20009d64       0x44 ./src/Demos/trxvu_frame_ready.o
                0x20009d64                TRXVU_FR_Enable
 .text.TRXVU_FR_Disable
                0x20009da8        0xc ./src/Demos/trxvu_frame_ready.o
                0x20009da8                TRXVU_FR_Disable
 .text.TRXVU_FR_IsReady
                0x20009db4       0x14 ./src/Demos/trxvu_frame_ready.o
                0x20009db4                TRXVU_FR_IsReady
 .text.selectAndExecuteTest
                0x20009dc8      0x150 ./src/main.o
                0x20009dc8                selectAndExecuteTest
 .text.taskMain
                0x20009f18       0x38 ./src/main.o
                0x20009f18                taskMain
 .text.startup.main
                0x20009f50      0x1f4 ./src/main.o
                0x20009f50                main
 .text._make_isisMTQtransfer.isra.0
                0x2000a144       0x1c C:/ISIS/workspace-yarka/yarka12_GlobusSatProject2/satellite-subsystems/demo/..//satellite-subsystems/lib\libSatelliteSubsystems.a(IsisMTQv2.o)
 .text.IsisMTQv2_initialize
                0x2000a160       0xc0 C:/ISIS/workspace-yarka/yarka12_GlobusSatProject2/satellite-subsystems/demo/..//satellite-subsystems/lib\libSatelliteSubsystems.a(IsisMTQv2.o)
                0x2000a160                IsisMTQv2_initialize
 .text.IsisMTQv2_softReset
                0x2000a220       0x7c C:/ISIS/workspace-yarka/yarka12_GlobusSatProject2/satellite-subsystems/demo/..//satellite-subsystems/lib\libSatelliteSubsystems.a(IsisMTQv2.o)
                0x2000a220                IsisMTQv2_softReset
 .text.IsisMTQv2_noOperation
                0x2000a29c       0x68 C:/ISIS/workspace-yarka/yarka12_GlobusSatProject2/satellite-subsystems/demo/..//satellite-subsystems/lib\libSatelliteSubsystems.a(IsisMTQv2.o)
                0x2000a29c                IsisMTQv2_noOperation
 .text.IsisMTQv2_cancelOperation
                0x2000a304       0x6c C:/ISIS/workspace-yarka/yarka12_GlobusSatProject2/satellite-subsystems/demo/..//satellite-subsystems/lib\libSatelliteSubsystems.a(IsisMTQv2.o)
                0x2000a304                IsisMTQv2_cancelOperation
 .text.IsisMTQv2_startMTMMeasurement
                0x2000a370       0x6c C:/ISIS/workspace-yarka/yarka12_GlobusSatProject2/satellite-subsystems/demo/..//satellite-subsystems/lib\libSatelliteSubsystems.a(IsisMTQv2.o)
                0x2000a370                IsisMTQv2_startMTMMeasurement
 .text.IsisMTQv2_startMTQActuationCurrent
                0x2000a3dc       0x80 C:/ISIS/workspace-yarka/yarka12_GlobusSatProject2/satellite-subsystems/demo/..//satellite-subsystems/lib\libSatelliteSubsystems.a(IsisMTQv2.o)
                0x2000a3dc                IsisMTQv2_startMTQActuationCurrent
 .text.IsisMTQv2_startMTQActuationDipole
                0x2000a45c       0x80 C:/ISIS/workspace-yarka/yarka12_GlobusSatProject2/satellite-subsystems/demo/..//satellite-subsystems/lib\libSatelliteSubsystems.a(IsisMTQv2.o)
                0x2000a45c                IsisMTQv2_startMTQActuationDipole
 .text.IsisMTQv2_startMTQActuationPWM
                0x2000a4dc       0x80 C:/ISIS/workspace-yarka/yarka12_GlobusSatProject2/satellite-subsystems/demo/..//satellite-subsystems/lib\libSatelliteSubsystems.a(IsisMTQv2.o)
                0x2000a4dc                IsisMTQv2_startMTQActuationPWM
 .text.IsisMTQv2_startSelfTest
                0x2000a55c       0x6c C:/ISIS/workspace-yarka/yarka12_GlobusSatProject2/satellite-subsystems/demo/..//satellite-subsystems/lib\libSatelliteSubsystems.a(IsisMTQv2.o)
                0x2000a55c                IsisMTQv2_startSelfTest
 .text.IsisMTQv2_startDetumble
                0x2000a5c8       0x80 C:/ISIS/workspace-yarka/yarka12_GlobusSatProject2/satellite-subsystems/demo/..//satellite-subsystems/lib\libSatelliteSubsystems.a(IsisMTQv2.o)
                0x2000a5c8                IsisMTQv2_startDetumble
 .text.IsisMTQv2_getSystemState
                0x2000a648       0xb8 C:/ISIS/workspace-yarka/yarka12_GlobusSatProject2/satellite-subsystems/demo/..//satellite-subsystems/lib\libSatelliteSubsystems.a(IsisMTQv2.o)
                0x2000a648                IsisMTQv2_getSystemState
 .text.IsisMTQv2_getRawMTMData
                0x2000a700       0xb8 C:/ISIS/workspace-yarka/yarka12_GlobusSatProject2/satellite-subsystems/demo/..//satellite-subsystems/lib\libSatelliteSubsystems.a(IsisMTQv2.o)
                0x2000a700                IsisMTQv2_getRawMTMData
 .text.IsisMTQv2_getCalMTMData
                0x2000a7b8       0xb8 C:/ISIS/workspace-yarka/yarka12_GlobusSatProject2/satellite-subsystems/demo/..//satellite-subsystems/lib\libSatelliteSubsystems.a(IsisMTQv2.o)
                0x2000a7b8                IsisMTQv2_getCalMTMData
 .text.IsisMTQv2_getCoilCurrent
                0x2000a870       0xb0 C:/ISIS/workspace-yarka/yarka12_GlobusSatProject2/satellite-subsystems/demo/..//satellite-subsystems/lib\libSatelliteSubsystems.a(IsisMTQv2.o)
                0x2000a870                IsisMTQv2_getCoilCurrent
 .text.IsisMTQv2_getCoilTemperature
                0x2000a920       0xb0 C:/ISIS/workspace-yarka/yarka12_GlobusSatProject2/satellite-subsystems/demo/..//satellite-subsystems/lib\libSatelliteSubsystems.a(IsisMTQv2.o)
                0x2000a920                IsisMTQv2_getCoilTemperature
 .text.IsisMTQv2_getCmdActuationDipole
                0x2000a9d0       0xb0 C:/ISIS/workspace-yarka/yarka12_GlobusSatProject2/satellite-subsystems/demo/..//satellite-subsystems/lib\libSatelliteSubsystems.a(IsisMTQv2.o)
                0x2000a9d0                IsisMTQv2_getCmdActuationDipole
 .text.IsisMTQv2_getSelftestDataSingleAxis
                0x2000aa80      0x104 C:/ISIS/workspace-yarka/yarka12_GlobusSatProject2/satellite-subsystems/demo/..//satellite-subsystems/lib\libSatelliteSubsystems.a(IsisMTQv2.o)
                0x2000aa80                IsisMTQv2_getSelftestDataSingleAxis
 .text.IsisMTQv2_getSelftestDataAllAxis
                0x2000ab84      0x1dc C:/ISIS/workspace-yarka/yarka12_GlobusSatProject2/satellite-subsystems/demo/..//satellite-subsystems/lib\libSatelliteSubsystems.a(IsisMTQv2.o)
                0x2000ab84                IsisMTQv2_getSelftestDataAllAxis
 .text.IsisMTQv2_getDetumbleData
                0x2000ad60       0xb8 C:/ISIS/workspace-yarka/yarka12_GlobusSatProject2/satellite-subsystems/demo/..//satellite-subsystems/lib\libSatelliteSubsystems.a(IsisMTQv2.o)
                0x2000ad60                IsisMTQv2_getDetumbleData
 .text.IsisMTQv2_getRawHKData
                0x2000ae18       0xb8 C:/ISIS/workspace-yarka/yarka12_GlobusSatProject2/satellite-subsystems/demo/..//satellite-subsystems/lib\libSatelliteSubsystems.a(IsisMTQv2.o)
                0x2000ae18                IsisMTQv2_getRawHKData
 .text.IsisMTQv2_getEngHKData
                0x2000aed0       0xb8 C:/ISIS/workspace-yarka/yarka12_GlobusSatProject2/satellite-subsystems/demo/..//satellite-subsystems/lib\libSatelliteSubsystems.a(IsisMTQv2.o)
                0x2000aed0                IsisMTQv2_getEngHKData
 .text.IsisMTQv2_getParSize
                0x2000af88       0x74 C:/ISIS/workspace-yarka/yarka12_GlobusSatProject2/satellite-subsystems/demo/..//satellite-subsystems/lib\libSatelliteSubsystems.a(IsisMTQv2.o)
                0x2000af88                IsisMTQv2_getParSize
 .text.IsisMTQv2_getParameter
                0x2000affc      0x13c C:/ISIS/workspace-yarka/yarka12_GlobusSatProject2/satellite-subsystems/demo/..//satellite-subsystems/lib\libSatelliteSubsystems.a(IsisMTQv2.o)
                0x2000affc                IsisMTQv2_getParameter
 .text.IsisMTQv2_setParameter
                0x2000b138      0x158 C:/ISIS/workspace-yarka/yarka12_GlobusSatProject2/satellite-subsystems/demo/..//satellite-subsystems/lib\libSatelliteSubsystems.a(IsisMTQv2.o)
                0x2000b138                IsisMTQv2_setParameter
 .text.IsisMTQv2_resetParameter
                0x2000b290      0x13c C:/ISIS/workspace-yarka/yarka12_GlobusSatProject2/satellite-subsystems/demo/..//satellite-subsystems/lib\libSatelliteSubsystems.a(IsisMTQv2.o)
                0x2000b290                IsisMTQv2_resetParameter
 .text._I2C_Send
                0x2000b3cc       0x38 C:/ISIS/workspace-yarka/yarka12_GlobusSatProject2/satellite-subsystems/demo/..//satellite-subsystems/lib\libSatelliteSubsystems.a(imepsv2_piu.o)
 .text.IMEPSV2_PIU_Init
                0x2000b404       0x70 C:/ISIS/workspace-yarka/yarka12_GlobusSatProject2/satellite-subsystems/demo/..//satellite-subsystems/lib\libSatelliteSubsystems.a(imepsv2_piu.o)
                0x2000b404                IMEPSV2_PIU_Init
 .text.imepsv2_piu__cancel
                0x2000b474       0x60 C:/ISIS/workspace-yarka/yarka12_GlobusSatProject2/satellite-subsystems/demo/..//satellite-subsystems/lib\libSatelliteSubsystems.a(imepsv2_piu.o)
                0x2000b474                imepsv2_piu__cancel
 .text.imepsv2_piu__gethousekeepingeng
                0x2000b4d4       0x60 C:/ISIS/workspace-yarka/yarka12_GlobusSatProject2/satellite-subsystems/demo/..//satellite-subsystems/lib\libSatelliteSubsystems.a(imepsv2_piu.o)
                0x2000b4d4                imepsv2_piu__gethousekeepingeng
 .text.imepsv2_piu__gethousekeepingraw
                0x2000b534       0x60 C:/ISIS/workspace-yarka/yarka12_GlobusSatProject2/satellite-subsystems/demo/..//satellite-subsystems/lib\libSatelliteSubsystems.a(imepsv2_piu.o)
                0x2000b534                imepsv2_piu__gethousekeepingraw
 .text.imepsv2_piu__getsystemstatus
                0x2000b594       0x60 C:/ISIS/workspace-yarka/yarka12_GlobusSatProject2/satellite-subsystems/demo/..//satellite-subsystems/lib\libSatelliteSubsystems.a(imepsv2_piu.o)
                0x2000b594                imepsv2_piu__getsystemstatus
 .text.imepsv2_piu__outputbuschanneloff
                0x2000b5f4       0x5c C:/ISIS/workspace-yarka/yarka12_GlobusSatProject2/satellite-subsystems/demo/..//satellite-subsystems/lib\libSatelliteSubsystems.a(imepsv2_piu.o)
                0x2000b5f4                imepsv2_piu__outputbuschanneloff
 .text.imepsv2_piu__outputbuschannelon
                0x2000b650       0x5c C:/ISIS/workspace-yarka/yarka12_GlobusSatProject2/satellite-subsystems/demo/..//satellite-subsystems/lib\libSatelliteSubsystems.a(imepsv2_piu.o)
                0x2000b650                imepsv2_piu__outputbuschannelon
 .text.imepsv2_piu__reset
                0x2000b6ac       0x60 C:/ISIS/workspace-yarka/yarka12_GlobusSatProject2/satellite-subsystems/demo/..//satellite-subsystems/lib\libSatelliteSubsystems.a(imepsv2_piu.o)
                0x2000b6ac                imepsv2_piu__reset
 .text.imepsv2_piu__resetwatchdog
                0x2000b70c       0x60 C:/ISIS/workspace-yarka/yarka12_GlobusSatProject2/satellite-subsystems/demo/..//satellite-subsystems/lib\libSatelliteSubsystems.a(imepsv2_piu.o)
                0x2000b70c                imepsv2_piu__resetwatchdog
 .text.imepsv2_piu__switchtonominal
                0x2000b76c       0x60 C:/ISIS/workspace-yarka/yarka12_GlobusSatProject2/satellite-subsystems/demo/..//satellite-subsystems/lib\libSatelliteSubsystems.a(imepsv2_piu.o)
                0x2000b76c                imepsv2_piu__switchtonominal
 .text.imepsv2_piu__switchtosafety
                0x2000b7cc       0x60 C:/ISIS/workspace-yarka/yarka12_GlobusSatProject2/satellite-subsystems/demo/..//satellite-subsystems/lib\libSatelliteSubsystems.a(imepsv2_piu.o)
                0x2000b7cc                imepsv2_piu__switchtosafety
 .text.checkInputsValid
                0x2000b82c       0x2c C:/ISIS/workspace-yarka/yarka12_GlobusSatProject2/satellite-subsystems/demo/..//satellite-subsystems/lib\libSatelliteSubsystems.a(IsisAntS.o)
 .text.makeAntStransfer.isra.0
                0x2000b858       0x1c C:/ISIS/workspace-yarka/yarka12_GlobusSatProject2/satellite-subsystems/demo/..//satellite-subsystems/lib\libSatelliteSubsystems.a(IsisAntS.o)
 .text.IsisAntS_initialize
                0x2000b874      0x104 C:/ISIS/workspace-yarka/yarka12_GlobusSatProject2/satellite-subsystems/demo/..//satellite-subsystems/lib\libSatelliteSubsystems.a(IsisAntS.o)
                0x2000b874                IsisAntS_initialize
 .text.IsisAntS_setArmStatus
                0x2000b978       0x74 C:/ISIS/workspace-yarka/yarka12_GlobusSatProject2/satellite-subsystems/demo/..//satellite-subsystems/lib\libSatelliteSubsystems.a(IsisAntS.o)
                0x2000b978                IsisAntS_setArmStatus
 .text.IsisAntS_attemptDeployment
                0x2000b9ec       0xa8 C:/ISIS/workspace-yarka/yarka12_GlobusSatProject2/satellite-subsystems/demo/..//satellite-subsystems/lib\libSatelliteSubsystems.a(IsisAntS.o)
                0x2000b9ec                IsisAntS_attemptDeployment
 .text.IsisAntS_getStatusData
                0x2000ba94       0x90 C:/ISIS/workspace-yarka/yarka12_GlobusSatProject2/satellite-subsystems/demo/..//satellite-subsystems/lib\libSatelliteSubsystems.a(IsisAntS.o)
                0x2000ba94                IsisAntS_getStatusData
 .text.IsisAntS_getTemperature
                0x2000bb24       0x90 C:/ISIS/workspace-yarka/yarka12_GlobusSatProject2/satellite-subsystems/demo/..//satellite-subsystems/lib\libSatelliteSubsystems.a(IsisAntS.o)
                0x2000bb24                IsisAntS_getTemperature
 .text.IsisAntS_getUptime
                0x2000bbb4       0x90 C:/ISIS/workspace-yarka/yarka12_GlobusSatProject2/satellite-subsystems/demo/..//satellite-subsystems/lib\libSatelliteSubsystems.a(IsisAntS.o)
                0x2000bbb4                IsisAntS_getUptime
 .text.IsisAntS_getAlltelemetry
                0x2000bc44       0x90 C:/ISIS/workspace-yarka/yarka12_GlobusSatProject2/satellite-subsystems/demo/..//satellite-subsystems/lib\libSatelliteSubsystems.a(IsisAntS.o)
                0x2000bc44                IsisAntS_getAlltelemetry
 .text.IsisAntS_reset
                0x2000bcd4       0x78 C:/ISIS/workspace-yarka/yarka12_GlobusSatProject2/satellite-subsystems/demo/..//satellite-subsystems/lib\libSatelliteSubsystems.a(IsisAntS.o)
                0x2000bcd4                IsisAntS_reset
 .text.IsisAntS_autoDeployment
                0x2000bd4c       0x7c C:/ISIS/workspace-yarka/yarka12_GlobusSatProject2/satellite-subsystems/demo/..//satellite-subsystems/lib\libSatelliteSubsystems.a(IsisAntS.o)
                0x2000bd4c                IsisAntS_autoDeployment
 .text.makeTRXCommonTransfer
                0x2000bdc8       0x1c C:/ISIS/workspace-yarka/yarka12_GlobusSatProject2/satellite-subsystems/demo/..//satellite-subsystems/lib\libSatelliteSubsystems.a(IsisTRXCommon.o)
 .text.IsisTrxCommon_componentReset
                0x2000bde4       0x48 C:/ISIS/workspace-yarka/yarka12_GlobusSatProject2/satellite-subsystems/demo/..//satellite-subsystems/lib\libSatelliteSubsystems.a(IsisTRXCommon.o)
                0x2000bde4                IsisTrxCommon_componentReset
 .text.IsisTrxCommon_TxSendAX25DefClSign
                0x2000be2c       0x88 C:/ISIS/workspace-yarka/yarka12_GlobusSatProject2/satellite-subsystems/demo/..//satellite-subsystems/lib\libSatelliteSubsystems.a(IsisTRXCommon.o)
                0x2000be2c                IsisTrxCommon_TxSendAX25DefClSign
 .text.IsisTrxCommon_TxSetAx25BeaconOvrClSign
                0x2000beb4       0xbc C:/ISIS/workspace-yarka/yarka12_GlobusSatProject2/satellite-subsystems/demo/..//satellite-subsystems/lib\libSatelliteSubsystems.a(IsisTRXCommon.o)
                0x2000beb4                IsisTrxCommon_TxSetAx25BeaconOvrClSign
 .text.IsisTrxCommon_TxClearBeacon
                0x2000bf70       0x44 C:/ISIS/workspace-yarka/yarka12_GlobusSatProject2/satellite-subsystems/demo/..//satellite-subsystems/lib\libSatelliteSubsystems.a(IsisTRXCommon.o)
                0x2000bf70                IsisTrxCommon_TxClearBeacon
 .text.IsisTrxCommon_TxSetIdlestate
                0x2000bfb4       0x48 C:/ISIS/workspace-yarka/yarka12_GlobusSatProject2/satellite-subsystems/demo/..//satellite-subsystems/lib\libSatelliteSubsystems.a(IsisTRXCommon.o)
                0x2000bfb4                IsisTrxCommon_TxSetIdlestate
 .text.IsisTrxCommon_TxSetAx25Bitrate
                0x2000bffc       0x48 C:/ISIS/workspace-yarka/yarka12_GlobusSatProject2/satellite-subsystems/demo/..//satellite-subsystems/lib\libSatelliteSubsystems.a(IsisTRXCommon.o)
                0x2000bffc                IsisTrxCommon_TxSetAx25Bitrate
 .text.IsisTrxCommon_RxGetFrameCount
                0x2000c044       0x4c C:/ISIS/workspace-yarka/yarka12_GlobusSatProject2/satellite-subsystems/demo/..//satellite-subsystems/lib\libSatelliteSubsystems.a(IsisTRXCommon.o)
                0x2000c044                IsisTrxCommon_RxGetFrameCount
 .text.IsisTrxCommon_GetUptime
                0x2000c090       0x50 C:/ISIS/workspace-yarka/yarka12_GlobusSatProject2/satellite-subsystems/demo/..//satellite-subsystems/lib\libSatelliteSubsystems.a(IsisTRXCommon.o)
                0x2000c090                IsisTrxCommon_GetUptime
 .text.makeEPStransfer.isra.0
                0x2000c0e0       0x1c C:/ISIS/workspace-yarka/yarka12_GlobusSatProject2/satellite-subsystems/demo/..//satellite-subsystems/lib\libSatelliteSubsystems.a(GomEPS.o)
 .text.GomEpsInitialize
                0x2000c0fc       0x98 C:/ISIS/workspace-yarka/yarka12_GlobusSatProject2/satellite-subsystems/demo/..//satellite-subsystems/lib\libSatelliteSubsystems.a(GomEPS.o)
                0x2000c0fc                GomEpsInitialize
 .text.GomEpsSoftReset
                0x2000c194       0x7c C:/ISIS/workspace-yarka/yarka12_GlobusSatProject2/satellite-subsystems/demo/..//satellite-subsystems/lib\libSatelliteSubsystems.a(GomEPS.o)
                0x2000c194                GomEpsSoftReset
 .text.GomEpsHardReset
                0x2000c210       0x6c C:/ISIS/workspace-yarka/yarka12_GlobusSatProject2/satellite-subsystems/demo/..//satellite-subsystems/lib\libSatelliteSubsystems.a(GomEPS.o)
                0x2000c210                GomEpsHardReset
 .text.GomEpsGetHkData_param
                0x2000c27c       0xe4 C:/ISIS/workspace-yarka/yarka12_GlobusSatProject2/satellite-subsystems/demo/..//satellite-subsystems/lib\libSatelliteSubsystems.a(GomEPS.o)
                0x2000c27c                GomEpsGetHkData_param
 .text.GomEpsGetHkData_general
                0x2000c360      0x164 C:/ISIS/workspace-yarka/yarka12_GlobusSatProject2/satellite-subsystems/demo/..//satellite-subsystems/lib\libSatelliteSubsystems.a(GomEPS.o)
                0x2000c360                GomEpsGetHkData_general
 .text.GomEpsGetHkData_vi
                0x2000c4c4       0xb8 C:/ISIS/workspace-yarka/yarka12_GlobusSatProject2/satellite-subsystems/demo/..//satellite-subsystems/lib\libSatelliteSubsystems.a(GomEPS.o)
                0x2000c4c4                GomEpsGetHkData_vi
 .text.GomEpsGetHkData_out
                0x2000c57c       0xdc C:/ISIS/workspace-yarka/yarka12_GlobusSatProject2/satellite-subsystems/demo/..//satellite-subsystems/lib\libSatelliteSubsystems.a(GomEPS.o)
                0x2000c57c                GomEpsGetHkData_out
 .text.GomEpsGetHkData_wdt
                0x2000c658      0x104 C:/ISIS/workspace-yarka/yarka12_GlobusSatProject2/satellite-subsystems/demo/..//satellite-subsystems/lib\libSatelliteSubsystems.a(GomEPS.o)
                0x2000c658                GomEpsGetHkData_wdt
 .text.GomEpsGetHkData_basic
                0x2000c75c       0xd4 C:/ISIS/workspace-yarka/yarka12_GlobusSatProject2/satellite-subsystems/demo/..//satellite-subsystems/lib\libSatelliteSubsystems.a(GomEPS.o)
                0x2000c75c                GomEpsGetHkData_basic
 .text.GomEpsSetSingleOutput
                0x2000c830       0x80 C:/ISIS/workspace-yarka/yarka12_GlobusSatProject2/satellite-subsystems/demo/..//satellite-subsystems/lib\libSatelliteSubsystems.a(GomEPS.o)
                0x2000c830                GomEpsSetSingleOutput
 .text.makeTRXVUtransfer.isra.0
                0x2000c8b0       0x1c C:/ISIS/workspace-yarka/yarka12_GlobusSatProject2/satellite-subsystems/demo/..//satellite-subsystems/lib\libSatelliteSubsystems.a(IsisTRXVU.o)
 .text.IsisTrxvu_initialize
                0x2000c8cc      0x134 C:/ISIS/workspace-yarka/yarka12_GlobusSatProject2/satellite-subsystems/demo/..//satellite-subsystems/lib\libSatelliteSubsystems.a(IsisTRXVU.o)
                0x2000c8cc                IsisTrxvu_initialize
 .text.IsisTrxvu_componentSoftReset
                0x2000ca00       0x34 C:/ISIS/workspace-yarka/yarka12_GlobusSatProject2/satellite-subsystems/demo/..//satellite-subsystems/lib\libSatelliteSubsystems.a(IsisTRXVU.o)
                0x2000ca00                IsisTrxvu_componentSoftReset
 .text.IsisTrxvu_componentHardReset
                0x2000ca34       0x70 C:/ISIS/workspace-yarka/yarka12_GlobusSatProject2/satellite-subsystems/demo/..//satellite-subsystems/lib\libSatelliteSubsystems.a(IsisTRXVU.o)
                0x2000ca34                IsisTrxvu_componentHardReset
 .text.IsisTrxvu_tcSendAX25DefClSign
                0x2000caa4       0x70 C:/ISIS/workspace-yarka/yarka12_GlobusSatProject2/satellite-subsystems/demo/..//satellite-subsystems/lib\libSatelliteSubsystems.a(IsisTRXVU.o)
                0x2000caa4                IsisTrxvu_tcSendAX25DefClSign
 .text.IsisTrxvu_tcSetAx25BeaconOvrClSign
                0x2000cb14       0x94 C:/ISIS/workspace-yarka/yarka12_GlobusSatProject2/satellite-subsystems/demo/..//satellite-subsystems/lib\libSatelliteSubsystems.a(IsisTRXVU.o)
                0x2000cb14                IsisTrxvu_tcSetAx25BeaconOvrClSign
 .text.IsisTrxvu_tcClearBeacon
                0x2000cba8       0x48 C:/ISIS/workspace-yarka/yarka12_GlobusSatProject2/satellite-subsystems/demo/..//satellite-subsystems/lib\libSatelliteSubsystems.a(IsisTRXVU.o)
                0x2000cba8                IsisTrxvu_tcClearBeacon
 .text.IsisTrxvu_tcSetIdlestate
                0x2000cbf0       0x54 C:/ISIS/workspace-yarka/yarka12_GlobusSatProject2/satellite-subsystems/demo/..//satellite-subsystems/lib\libSatelliteSubsystems.a(IsisTRXVU.o)
                0x2000cbf0                IsisTrxvu_tcSetIdlestate
 .text.IsisTrxvu_tcSetAx25Bitrate
                0x2000cc44       0x7c C:/ISIS/workspace-yarka/yarka12_GlobusSatProject2/satellite-subsystems/demo/..//satellite-subsystems/lib\libSatelliteSubsystems.a(IsisTRXVU.o)
                0x2000cc44                IsisTrxvu_tcSetAx25Bitrate
 .text.IsisTrxvu_tcGetUptime
                0x2000ccc0       0x60 C:/ISIS/workspace-yarka/yarka12_GlobusSatProject2/satellite-subsystems/demo/..//satellite-subsystems/lib\libSatelliteSubsystems.a(IsisTRXVU.o)
                0x2000ccc0                IsisTrxvu_tcGetUptime
 .text.IsisTrxvu_tcGetTelemetryAll
                0x2000cd20       0x80 C:/ISIS/workspace-yarka/yarka12_GlobusSatProject2/satellite-subsystems/demo/..//satellite-subsystems/lib\libSatelliteSubsystems.a(IsisTRXVU.o)
                0x2000cd20                IsisTrxvu_tcGetTelemetryAll
 .text.IsisTrxvu_rcGetFrameCount
                0x2000cda0       0x5c C:/ISIS/workspace-yarka/yarka12_GlobusSatProject2/satellite-subsystems/demo/..//satellite-subsystems/lib\libSatelliteSubsystems.a(IsisTRXVU.o)
                0x2000cda0                IsisTrxvu_rcGetFrameCount
 .text.IsisTrxvu_rcGetCommandFrame
                0x2000cdfc      0x19c C:/ISIS/workspace-yarka/yarka12_GlobusSatProject2/satellite-subsystems/demo/..//satellite-subsystems/lib\libSatelliteSubsystems.a(IsisTRXVU.o)
                0x2000cdfc                IsisTrxvu_rcGetCommandFrame
 .text.IsisTrxvu_rcGetTelemetryAll
                0x2000cf98       0x7c C:/ISIS/workspace-yarka/yarka12_GlobusSatProject2/satellite-subsystems/demo/..//satellite-subsystems/lib\libSatelliteSubsystems.a(IsisTRXVU.o)
                0x2000cf98                IsisTrxvu_rcGetTelemetryAll
 .text._ISIS_HSTXS_I2C_Send.constprop.0
                0x2000d014       0x38 C:/ISIS/workspace-yarka/yarka12_GlobusSatProject2/satellite-subsystems/demo/..//satellite-subsystems/lib\libSatelliteSubsystems.a(isis_hstxs.o)
 .text.ISIS_HSTXS_Init
                0x2000d04c       0x74 C:/ISIS/workspace-yarka/yarka12_GlobusSatProject2/satellite-subsystems/demo/..//satellite-subsystems/lib\libSatelliteSubsystems.a(isis_hstxs.o)
                0x2000d04c                ISIS_HSTXS_Init
 .text.isis_hstxs__get_engine_status
                0x2000d0c0       0x5c C:/ISIS/workspace-yarka/yarka12_GlobusSatProject2/satellite-subsystems/demo/..//satellite-subsystems/lib\libSatelliteSubsystems.a(isis_hstxs.o)
                0x2000d0c0                isis_hstxs__get_engine_status
 .text.isis_hstxs__get_general_status
                0x2000d11c       0x5c C:/ISIS/workspace-yarka/yarka12_GlobusSatProject2/satellite-subsystems/demo/..//satellite-subsystems/lib\libSatelliteSubsystems.a(isis_hstxs.o)
                0x2000d11c                isis_hstxs__get_general_status
 .text.isis_hstxs__get_telemetry
                0x2000d178       0x60 C:/ISIS/workspace-yarka/yarka12_GlobusSatProject2/satellite-subsystems/demo/..//satellite-subsystems/lib\libSatelliteSubsystems.a(isis_hstxs.o)
                0x2000d178                isis_hstxs__get_telemetry
 .text.isis_hstxs__get_tx_frequency
                0x2000d1d8       0x5c C:/ISIS/workspace-yarka/yarka12_GlobusSatProject2/satellite-subsystems/demo/..//satellite-subsystems/lib\libSatelliteSubsystems.a(isis_hstxs.o)
                0x2000d1d8                isis_hstxs__get_tx_frequency
 .text.isis_hstxs__get_uptime
                0x2000d234       0x5c C:/ISIS/workspace-yarka/yarka12_GlobusSatProject2/satellite-subsystems/demo/..//satellite-subsystems/lib\libSatelliteSubsystems.a(isis_hstxs.o)
                0x2000d234                isis_hstxs__get_uptime
 .text.isis_hstxs__reset
                0x2000d290       0x4c C:/ISIS/workspace-yarka/yarka12_GlobusSatProject2/satellite-subsystems/demo/..//satellite-subsystems/lib\libSatelliteSubsystems.a(isis_hstxs.o)
                0x2000d290                isis_hstxs__reset
 .text.isis_hstxs__set_fecf
                0x2000d2dc       0x4c C:/ISIS/workspace-yarka/yarka12_GlobusSatProject2/satellite-subsystems/demo/..//satellite-subsystems/lib\libSatelliteSubsystems.a(isis_hstxs.o)
                0x2000d2dc                isis_hstxs__set_fecf
 .text.isis_hstxs__set_modulation_scheme
                0x2000d328       0x4c C:/ISIS/workspace-yarka/yarka12_GlobusSatProject2/satellite-subsystems/demo/..//satellite-subsystems/lib\libSatelliteSubsystems.a(isis_hstxs.o)
                0x2000d328                isis_hstxs__set_modulation_scheme
 .text.isis_hstxs__set_sup_mode
                0x2000d374       0x50 C:/ISIS/workspace-yarka/yarka12_GlobusSatProject2/satellite-subsystems/demo/..//satellite-subsystems/lib\libSatelliteSubsystems.a(isis_hstxs.o)
                0x2000d374                isis_hstxs__set_sup_mode
 .text.isis_hstxs__set_symbolrate
                0x2000d3c4       0x4c C:/ISIS/workspace-yarka/yarka12_GlobusSatProject2/satellite-subsystems/demo/..//satellite-subsystems/lib\libSatelliteSubsystems.a(isis_hstxs.o)
                0x2000d3c4                isis_hstxs__set_symbolrate
 .text.isis_hstxs__set_tx_frequency
                0x2000d410       0x58 C:/ISIS/workspace-yarka/yarka12_GlobusSatProject2/satellite-subsystems/demo/..//satellite-subsystems/lib\libSatelliteSubsystems.a(isis_hstxs.o)
                0x2000d410                isis_hstxs__set_tx_frequency
 .text.isis_hstxs__set_tx_mode
                0x2000d468       0x4c C:/ISIS/workspace-yarka/yarka12_GlobusSatProject2/satellite-subsystems/demo/..//satellite-subsystems/lib\libSatelliteSubsystems.a(isis_hstxs.o)
                0x2000d468                isis_hstxs__set_tx_mode
 .text.isis_hstxs__write_and_send_frame
                0x2000d4b4       0xdc C:/ISIS/workspace-yarka/yarka12_GlobusSatProject2/satellite-subsystems/demo/..//satellite-subsystems/lib\libSatelliteSubsystems.a(isis_hstxs.o)
                0x2000d4b4                isis_hstxs__write_and_send_frame
 .text._WaitForStartup
                0x2000d590       0x68 C:/ISIS/workspace-yarka/yarka12_GlobusSatProject2/satellite-subsystems/demo/..//satellite-subsystems/lib\libSatelliteSubsystems.a(IsisSolarPanelv2.o)
 .text._SpiWriteRead.constprop.0
                0x2000d5f8       0x38 C:/ISIS/workspace-yarka/yarka12_GlobusSatProject2/satellite-subsystems/demo/..//satellite-subsystems/lib\libSatelliteSubsystems.a(IsisSolarPanelv2.o)
 .text._AssignAllChannels
                0x2000d630       0x84 C:/ISIS/workspace-yarka/yarka12_GlobusSatProject2/satellite-subsystems/demo/..//satellite-subsystems/lib\libSatelliteSubsystems.a(IsisSolarPanelv2.o)
 .text.IsisSolarPanelv2_initialize
                0x2000d6b4       0x88 C:/ISIS/workspace-yarka/yarka12_GlobusSatProject2/satellite-subsystems/demo/..//satellite-subsystems/lib\libSatelliteSubsystems.a(IsisSolarPanelv2.o)
                0x2000d6b4                IsisSolarPanelv2_initialize
 .text.IsisSolarPanelv2_getTemperature
                0x2000d73c      0x18c C:/ISIS/workspace-yarka/yarka12_GlobusSatProject2/satellite-subsystems/demo/..//satellite-subsystems/lib\libSatelliteSubsystems.a(IsisSolarPanelv2.o)
                0x2000d73c                IsisSolarPanelv2_getTemperature
 .text.IsisSolarPanelv2_sleep
                0x2000d8c8       0x50 C:/ISIS/workspace-yarka/yarka12_GlobusSatProject2/satellite-subsystems/demo/..//satellite-subsystems/lib\libSatelliteSubsystems.a(IsisSolarPanelv2.o)
                0x2000d8c8                IsisSolarPanelv2_sleep
 .text.IsisSolarPanelv2_wakeup
                0x2000d918       0x54 C:/ISIS/workspace-yarka/yarka12_GlobusSatProject2/satellite-subsystems/demo/..//satellite-subsystems/lib\libSatelliteSubsystems.a(IsisSolarPanelv2.o)
                0x2000d918                IsisSolarPanelv2_wakeup
 *fill*         0x2000d96c        0x4 00
 .text.exp      0x2000d970      0x190 c:/isis/application/toolchain/bin/../lib/gcc/arm-none-eabi/4.7.4/../../../../arm-none-eabi/lib\libm.a(lib_a-w_exp.o)
                0x2000d970                exp
 .text.__ieee754_exp
                0x2000db00      0x448 c:/isis/application/toolchain/bin/../lib/gcc/arm-none-eabi/4.7.4/../../../../arm-none-eabi/lib\libm.a(lib_a-e_exp.o)
                0x2000db00                __ieee754_exp
 .text.finite   0x2000df48       0x10 c:/isis/application/toolchain/bin/../lib/gcc/arm-none-eabi/4.7.4/../../../../arm-none-eabi/lib\libm.a(lib_a-s_finite.o)
                0x2000df48                finite
 .text.__fpclassifyd
                0x2000df58       0x6c c:/isis/application/toolchain/bin/../lib/gcc/arm-none-eabi/4.7.4/../../../../arm-none-eabi/lib\libm.a(lib_a-s_fpclassify.o)
                0x2000df58                __fpclassifyd
 .text.matherr  0x2000dfc4        0x8 c:/isis/application/toolchain/bin/../lib/gcc/arm-none-eabi/4.7.4/../../../../arm-none-eabi/lib\libm.a(lib_a-s_matherr.o)
                0x2000dfc4                matherr
 .text.fm_initvolume
                0x2000dfcc       0x4c C:/ISIS/workspace-yarka/yarka12_GlobusSatProject2/satellite-subsystems/demo/../..//hal/hcc/lib\libHCC.a(fat_m.o)
                0x2000dfcc                fm_initvolume
 .text.fm_getdrive
                0x2000e018       0x44 C:/ISIS/workspace-yarka/yarka12_GlobusSatProject2/satellite-subsystems/demo/../..//hal/hcc/lib\libHCC.a(fat_m.o)
                0x2000e018                fm_getdrive
 .text.fm_getfreespace
                0x2000e05c       0x44 C:/ISIS/workspace-yarka/yarka12_GlobusSatProject2/satellite-subsystems/demo/../..//hal/hcc/lib\libHCC.a(fat_m.o)
                0x2000e05c                fm_getfreespace
 .text._get8bit
                0x2000e0a0       0x34 C:/ISIS/workspace-yarka/yarka12_GlobusSatProject2/satellite-subsystems/demo/../..//hal/hcc/lib\libHCC.a(fat_common.o)
 .text._get16bitl
                0x2000e0d4       0x18 C:/ISIS/workspace-yarka/yarka12_GlobusSatProject2/satellite-subsystems/demo/../..//hal/hcc/lib\libHCC.a(fat_common.o)
 .text._f_setcardremoved
                0x2000e0ec       0x58 C:/ISIS/workspace-yarka/yarka12_GlobusSatProject2/satellite-subsystems/demo/../..//hal/hcc/lib\libHCC.a(fat_common.o)
 .text._f_drvreadsector
                0x2000e144       0x58 C:/ISIS/workspace-yarka/yarka12_GlobusSatProject2/satellite-subsystems/demo/../..//hal/hcc/lib\libHCC.a(fat_common.o)
 .text._f_close_drive_files
                0x2000e19c       0x54 C:/ISIS/workspace-yarka/yarka12_GlobusSatProject2/satellite-subsystems/demo/../..//hal/hcc/lib\libHCC.a(fat_common.o)
 .text._f_drvwritesector
                0x2000e1f0       0x70 C:/ISIS/workspace-yarka/yarka12_GlobusSatProject2/satellite-subsystems/demo/../..//hal/hcc/lib\libHCC.a(fat_common.o)
 .text._f_inc_mount_count
                0x2000e260       0x58 C:/ISIS/workspace-yarka/yarka12_GlobusSatProject2/satellite-subsystems/demo/../..//hal/hcc/lib\libHCC.a(fat_common.o)
 .text._f_drvgetphy
                0x2000e2b8       0xb4 C:/ISIS/workspace-yarka/yarka12_GlobusSatProject2/satellite-subsystems/demo/../..//hal/hcc/lib\libHCC.a(fat_common.o)
 .text.fn_init  0x2000e36c      0x164 C:/ISIS/workspace-yarka/yarka12_GlobusSatProject2/satellite-subsystems/demo/../..//hal/hcc/lib\libHCC.a(fat_common.o)
                0x2000e36c                fn_init
 .text.fn_start
                0x2000e4d0        0x8 C:/ISIS/workspace-yarka/yarka12_GlobusSatProject2/satellite-subsystems/demo/../..//hal/hcc/lib\libHCC.a(fat_common.o)
                0x2000e4d0                fn_start
 .text._f_get16bitl
                0x2000e4d8       0x18 C:/ISIS/workspace-yarka/yarka12_GlobusSatProject2/satellite-subsystems/demo/../..//hal/hcc/lib\libHCC.a(fat_common.o)
                0x2000e4d8                _f_get16bitl
 .text._f_set16bitl
                0x2000e4f0       0x10 C:/ISIS/workspace-yarka/yarka12_GlobusSatProject2/satellite-subsystems/demo/../..//hal/hcc/lib\libHCC.a(fat_common.o)
                0x2000e4f0                _f_set16bitl
 .text._f_get32bitl
                0x2000e500       0x24 C:/ISIS/workspace-yarka/yarka12_GlobusSatProject2/satellite-subsystems/demo/../..//hal/hcc/lib\libHCC.a(fat_common.o)
                0x2000e500                _f_get32bitl
 .text._f_set32bitl
                0x2000e524       0x20 C:/ISIS/workspace-yarka/yarka12_GlobusSatProject2/satellite-subsystems/demo/../..//hal/hcc/lib\libHCC.a(fat_common.o)
                0x2000e524                _f_set32bitl
 .text._f_checkstatus
                0x2000e544       0x7c C:/ISIS/workspace-yarka/yarka12_GlobusSatProject2/satellite-subsystems/demo/../..//hal/hcc/lib\libHCC.a(fat_common.o)
                0x2000e544                _f_checkstatus
 .text._f_writesector
                0x2000e5c0      0x140 C:/ISIS/workspace-yarka/yarka12_GlobusSatProject2/satellite-subsystems/demo/../..//hal/hcc/lib\libHCC.a(fat_common.o)
                0x2000e5c0                _f_writesector
 .text._f_readsector
                0x2000e700      0x108 C:/ISIS/workspace-yarka/yarka12_GlobusSatProject2/satellite-subsystems/demo/../..//hal/hcc/lib\libHCC.a(fat_common.o)
                0x2000e700                _f_readsector
 .text._f_getmaxcluster
                0x2000e808       0x3c C:/ISIS/workspace-yarka/yarka12_GlobusSatProject2/satellite-subsystems/demo/../..//hal/hcc/lib\libHCC.a(fat_common.o)
                0x2000e808                _f_getmaxcluster
 .text._f_buildsectors
                0x2000e844       0xe4 C:/ISIS/workspace-yarka/yarka12_GlobusSatProject2/satellite-subsystems/demo/../..//hal/hcc/lib\libHCC.a(fat_common.o)
 .text._f_flushcffiles
                0x2000e928       0xc0 C:/ISIS/workspace-yarka/yarka12_GlobusSatProject2/satellite-subsystems/demo/../..//hal/hcc/lib\libHCC.a(fat_common.o)
                0x2000e928                _f_flushcffiles
 .text._f_fatcache_flush
                0x2000e9e8      0x134 C:/ISIS/workspace-yarka/yarka12_GlobusSatProject2/satellite-subsystems/demo/../..//hal/hcc/lib\libHCC.a(fat_common.o)
                0x2000e9e8                _f_fatcache_flush
 .text._f_writefatsector
                0x2000eb1c       0x7c C:/ISIS/workspace-yarka/yarka12_GlobusSatProject2/satellite-subsystems/demo/../..//hal/hcc/lib\libHCC.a(fat_common.o)
                0x2000eb1c                _f_writefatsector
 .text._f_getfatsector
                0x2000eb98      0x1d0 C:/ISIS/workspace-yarka/yarka12_GlobusSatProject2/satellite-subsystems/demo/../..//hal/hcc/lib\libHCC.a(fat_common.o)
 .text._f_setclustervalue
                0x2000ed68      0x1d8 C:/ISIS/workspace-yarka/yarka12_GlobusSatProject2/satellite-subsystems/demo/../..//hal/hcc/lib\libHCC.a(fat_common.o)
                0x2000ed68                _f_setclustervalue
 .text._f_getclustervalue
                0x2000ef40      0x18c C:/ISIS/workspace-yarka/yarka12_GlobusSatProject2/satellite-subsystems/demo/../..//hal/hcc/lib\libHCC.a(fat_common.o)
                0x2000ef40                _f_getclustervalue
 .text.fn_createdriver
                0x2000f0cc       0x78 C:/ISIS/workspace-yarka/yarka12_GlobusSatProject2/satellite-subsystems/demo/../..//hal/hcc/lib\libHCC.a(fat_common.o)
                0x2000f0cc                fn_createdriver
 .text._f_clustertopos
                0x2000f144       0x68 C:/ISIS/workspace-yarka/yarka12_GlobusSatProject2/satellite-subsystems/demo/../..//hal/hcc/lib\libHCC.a(fat_common.o)
                0x2000f144                _f_clustertopos
 .text._f_getdecluster
                0x2000f1ac       0x44 C:/ISIS/workspace-yarka/yarka12_GlobusSatProject2/satellite-subsystems/demo/../..//hal/hcc/lib\libHCC.a(fat_common.o)
                0x2000f1ac                _f_getdecluster
 .text._f_setdecluster
                0x2000f1f0       0x34 C:/ISIS/workspace-yarka/yarka12_GlobusSatProject2/satellite-subsystems/demo/../..//hal/hcc/lib\libHCC.a(fat_common.o)
                0x2000f1f0                _f_setdecluster
 .text.fn_getdrive
                0x2000f224       0x10 C:/ISIS/workspace-yarka/yarka12_GlobusSatProject2/satellite-subsystems/demo/../..//hal/hcc/lib\libHCC.a(fat_common.o)
                0x2000f224                fn_getdrive
 .text._f_getcurrenttimedate
                0x2000f234       0x78 C:/ISIS/workspace-yarka/yarka12_GlobusSatProject2/satellite-subsystems/demo/../..//hal/hcc/lib\libHCC.a(fat_common.o)
                0x2000f234                _f_getcurrenttimedate
 .text._f_initentry
                0x2000f2ac       0x6c C:/ISIS/workspace-yarka/yarka12_GlobusSatProject2/satellite-subsystems/demo/../..//hal/hcc/lib\libHCC.a(fat_common.o)
                0x2000f2ac                _f_initentry
 .text._f_alloccluster
                0x2000f318      0x178 C:/ISIS/workspace-yarka/yarka12_GlobusSatProject2/satellite-subsystems/demo/../..//hal/hcc/lib\libHCC.a(fat_common.o)
                0x2000f318                _f_alloccluster
 .text.fnGetTask
                0x2000f490       0x78 C:/ISIS/workspace-yarka/yarka12_GlobusSatProject2/satellite-subsystems/demo/../..//hal/hcc/lib\libHCC.a(fat_common.o)
                0x2000f490                fnGetTask
 .text.f_enterFS
                0x2000f508       0x9c C:/ISIS/workspace-yarka/yarka12_GlobusSatProject2/satellite-subsystems/demo/../..//hal/hcc/lib\libHCC.a(fat_common.o)
                0x2000f508                f_enterFS
 .text._f_mutex_get
                0x2000f5a4       0x5c C:/ISIS/workspace-yarka/yarka12_GlobusSatProject2/satellite-subsystems/demo/../..//hal/hcc/lib\libHCC.a(fat_common.o)
                0x2000f5a4                _f_mutex_get
 .text._f_getvolume
                0x2000f600      0x638 C:/ISIS/workspace-yarka/yarka12_GlobusSatProject2/satellite-subsystems/demo/../..//hal/hcc/lib\libHCC.a(fat_common.o)
                0x2000f600                _f_getvolume
 .text.fn_getfreespace
                0x2000fc38      0x264 C:/ISIS/workspace-yarka/yarka12_GlobusSatProject2/satellite-subsystems/demo/../..//hal/hcc/lib\libHCC.a(fat_common.o)
                0x2000fc38                fn_getfreespace
 .text.fn_initvolumepartition_sub
                0x2000fe9c       0x74 C:/ISIS/workspace-yarka/yarka12_GlobusSatProject2/satellite-subsystems/demo/../..//hal/hcc/lib\libHCC.a(fat_common.o)
 .text.fn_initvolumepartition
                0x2000ff10       0x5c C:/ISIS/workspace-yarka/yarka12_GlobusSatProject2/satellite-subsystems/demo/../..//hal/hcc/lib\libHCC.a(fat_common.o)
                0x2000ff10                fn_initvolumepartition
 .text.fn_initvolume
                0x2000ff6c       0x70 C:/ISIS/workspace-yarka/yarka12_GlobusSatProject2/satellite-subsystems/demo/../..//hal/hcc/lib\libHCC.a(fat_common.o)
                0x2000ff6c                fn_initvolume
 .text._f_mutex_put
                0x2000ffdc       0x20 C:/ISIS/workspace-yarka/yarka12_GlobusSatProject2/satellite-subsystems/demo/../..//hal/hcc/lib\libHCC.a(fat_common.o)
                0x2000ffdc                _f_mutex_put
 .text._s_getnextsector
                0x2000fffc       0x70 C:/ISIS/workspace-yarka/yarka12_GlobusSatProject2/satellite-subsystems/demo/../..//hal/hcc/lib\libHCC.a(safefat.o)
 .text._s_clearclustercontent
                0x2001006c       0x9c C:/ISIS/workspace-yarka/yarka12_GlobusSatProject2/satellite-subsystems/demo/../..//hal/hcc/lib\libHCC.a(safefat.o)
 .text._s_checkzeroclusteratend
                0x20010108       0x9c C:/ISIS/workspace-yarka/yarka12_GlobusSatProject2/satellite-subsystems/demo/../..//hal/hcc/lib\libHCC.a(safefat.o)
 .text._s_writedirsector
                0x200101a4       0x64 C:/ISIS/workspace-yarka/yarka12_GlobusSatProject2/satellite-subsystems/demo/../..//hal/hcc/lib\libHCC.a(safefat.o)
 .text._s_getdirsector
                0x20010208       0x90 C:/ISIS/workspace-yarka/yarka12_GlobusSatProject2/satellite-subsystems/demo/../..//hal/hcc/lib\libHCC.a(safefat.o)
 .text._s_findfile
                0x20010298      0x17c C:/ISIS/workspace-yarka/yarka12_GlobusSatProject2/satellite-subsystems/demo/../..//hal/hcc/lib\libHCC.a(safefat.o)
 .text._s_open  0x20010414       0x8c C:/ISIS/workspace-yarka/yarka12_GlobusSatProject2/satellite-subsystems/demo/../..//hal/hcc/lib\libHCC.a(safefat.o)
 .text._s_open_saf
                0x200104a0       0x8c C:/ISIS/workspace-yarka/yarka12_GlobusSatProject2/satellite-subsystems/demo/../..//hal/hcc/lib\libHCC.a(safefat.o)
 .text._s_flush
                0x2001052c       0x3c C:/ISIS/workspace-yarka/yarka12_GlobusSatProject2/satellite-subsystems/demo/../..//hal/hcc/lib\libHCC.a(safefat.o)
 .text._s_read  0x20010568      0x110 C:/ISIS/workspace-yarka/yarka12_GlobusSatProject2/satellite-subsystems/demo/../..//hal/hcc/lib\libHCC.a(safefat.o)
 .text._s_cmd_validatecfn
                0x20010678      0x1b8 C:/ISIS/workspace-yarka/yarka12_GlobusSatProject2/satellite-subsystems/demo/../..//hal/hcc/lib\libHCC.a(safefat.o)
 .text._s_write
                0x20010830      0x25c C:/ISIS/workspace-yarka/yarka12_GlobusSatProject2/satellite-subsystems/demo/../..//hal/hcc/lib\libHCC.a(safefat.o)
 .text._s_seek  0x20010a8c      0x108 C:/ISIS/workspace-yarka/yarka12_GlobusSatProject2/satellite-subsystems/demo/../..//hal/hcc/lib\libHCC.a(safefat.o)
 .text._s_cmd_seteof
                0x20010b94      0x1f8 C:/ISIS/workspace-yarka/yarka12_GlobusSatProject2/satellite-subsystems/demo/../..//hal/hcc/lib\libHCC.a(safefat.o)
 .text._s_addentry.part.3
                0x20010d8c      0x1cc C:/ISIS/workspace-yarka/yarka12_GlobusSatProject2/satellite-subsystems/demo/../..//hal/hcc/lib\libHCC.a(safefat.o)
 .text._s_createfile
                0x20010f58      0x104 C:/ISIS/workspace-yarka/yarka12_GlobusSatProject2/satellite-subsystems/demo/../..//hal/hcc/lib\libHCC.a(safefat.o)
 .text._s_findsaffile
                0x2001105c      0x10c C:/ISIS/workspace-yarka/yarka12_GlobusSatProject2/satellite-subsystems/demo/../..//hal/hcc/lib\libHCC.a(safefat.o)
 .text._s_restoreclusters
                0x20011168      0x150 C:/ISIS/workspace-yarka/yarka12_GlobusSatProject2/satellite-subsystems/demo/../..//hal/hcc/lib\libHCC.a(safefat.o)
                0x20011168                _s_restoreclusters
 .text.safe_entercommand
                0x200112b8       0x2c C:/ISIS/workspace-yarka/yarka12_GlobusSatProject2/satellite-subsystems/demo/../..//hal/hcc/lib\libHCC.a(safefat.o)
                0x200112b8                safe_entercommand
 .text.safe_ready
                0x200112e4       0x84 C:/ISIS/workspace-yarka/yarka12_GlobusSatProject2/satellite-subsystems/demo/../..//hal/hcc/lib\libHCC.a(safefat.o)
                0x200112e4                safe_ready
 .text.safe_copycfn
                0x20011368       0x64 C:/ISIS/workspace-yarka/yarka12_GlobusSatProject2/satellite-subsystems/demo/../..//hal/hcc/lib\libHCC.a(safefat.o)
                0x20011368                safe_copycfn
 .text.safe_cfremove
                0x200113cc       0x64 C:/ISIS/workspace-yarka/yarka12_GlobusSatProject2/satellite-subsystems/demo/../..//hal/hcc/lib\libHCC.a(safefat.o)
                0x200113cc                safe_cfremove
 .text.safe_writede
                0x20011430       0x8c C:/ISIS/workspace-yarka/yarka12_GlobusSatProject2/satellite-subsystems/demo/../..//hal/hcc/lib\libHCC.a(safefat.o)
                0x20011430                safe_writede
 .text.safe_deletechain
                0x200114bc      0x108 C:/ISIS/workspace-yarka/yarka12_GlobusSatProject2/satellite-subsystems/demo/../..//hal/hcc/lib\libHCC.a(safefat.o)
                0x200114bc                safe_deletechain
 .text.safe_reset
                0x200115c4       0x48 C:/ISIS/workspace-yarka/yarka12_GlobusSatProject2/satellite-subsystems/demo/../..//hal/hcc/lib\libHCC.a(safefat.o)
                0x200115c4                safe_reset
 .text.safe_loadcommands
                0x2001160c       0x24 C:/ISIS/workspace-yarka/yarka12_GlobusSatProject2/satellite-subsystems/demo/../..//hal/hcc/lib\libHCC.a(safefat.o)
                0x2001160c                safe_loadcommands
 .text.cf_copyclustercontent
                0x20011630       0xb4 C:/ISIS/workspace-yarka/yarka12_GlobusSatProject2/satellite-subsystems/demo/../..//hal/hcc/lib\libHCC.a(safefat.o)
                0x20011630                cf_copyclustercontent
 .text.cf_copycfn
                0x200116e4      0x2dc C:/ISIS/workspace-yarka/yarka12_GlobusSatProject2/satellite-subsystems/demo/../..//hal/hcc/lib\libHCC.a(safefat.o)
                0x200116e4                cf_copycfn
 .text.cf_remove
                0x200119c0      0x20c C:/ISIS/workspace-yarka/yarka12_GlobusSatProject2/satellite-subsystems/demo/../..//hal/hcc/lib\libHCC.a(safefat.o)
                0x200119c0                cf_remove
 .text.safe_docommands
                0x20011bcc      0x388 C:/ISIS/workspace-yarka/yarka12_GlobusSatProject2/satellite-subsystems/demo/../..//hal/hcc/lib\libHCC.a(safefat.o)
                0x20011bcc                safe_docommands
 .text.safe_poweron
                0x20011f54      0x3f4 C:/ISIS/workspace-yarka/yarka12_GlobusSatProject2/satellite-subsystems/demo/../..//hal/hcc/lib\libHCC.a(safefat.o)
                0x20011f54                safe_poweron
 .text.cf_flush
                0x20012348       0x20 C:/ISIS/workspace-yarka/yarka12_GlobusSatProject2/satellite-subsystems/demo/../..//hal/hcc/lib\libHCC.a(safefat.o)
                0x20012348                cf_flush
 .text.mcipdc_cmd
                0x20012368      0x10c C:/ISIS/workspace-yarka/yarka12_GlobusSatProject2/satellite-subsystems/demo/../..//hal/hcc/lib\libHCC.a(atmel_mcipdc.o)
 .text.mcipdc_set_speed
                0x20012474       0x58 C:/ISIS/workspace-yarka/yarka12_GlobusSatProject2/satellite-subsystems/demo/../..//hal/hcc/lib\libHCC.a(atmel_mcipdc.o)
 .text._get_csd_bits
                0x200124cc       0x78 C:/ISIS/workspace-yarka/yarka12_GlobusSatProject2/satellite-subsystems/demo/../..//hal/hcc/lib\libHCC.a(atmel_mcipdc.o)
 .text.mcipdc_release
                0x20012544       0x30 C:/ISIS/workspace-yarka/yarka12_GlobusSatProject2/satellite-subsystems/demo/../..//hal/hcc/lib\libHCC.a(atmel_mcipdc.o)
 .text.mcipdc_getphy
                0x20012574       0x50 C:/ISIS/workspace-yarka/yarka12_GlobusSatProject2/satellite-subsystems/demo/../..//hal/hcc/lib\libHCC.a(atmel_mcipdc.o)
 .text.mcipdc_getstatus
                0x200125c4      0x594 C:/ISIS/workspace-yarka/yarka12_GlobusSatProject2/satellite-subsystems/demo/../..//hal/hcc/lib\libHCC.a(atmel_mcipdc.o)
 .text.mcipdc_stop
                0x20012b58       0x90 C:/ISIS/workspace-yarka/yarka12_GlobusSatProject2/satellite-subsystems/demo/../..//hal/hcc/lib\libHCC.a(atmel_mcipdc.o)
                0x20012b58                mcipdc_stop
 .text.mcipdc_write.isra.2
                0x20012be8      0x178 C:/ISIS/workspace-yarka/yarka12_GlobusSatProject2/satellite-subsystems/demo/../..//hal/hcc/lib\libHCC.a(atmel_mcipdc.o)
 .text.mcipdc_writemultiplesector
                0x20012d60       0x98 C:/ISIS/workspace-yarka/yarka12_GlobusSatProject2/satellite-subsystems/demo/../..//hal/hcc/lib\libHCC.a(atmel_mcipdc.o)
                0x20012d60                mcipdc_writemultiplesector
 .text.mcipdc_writesector
                0x20012df8       0x3c C:/ISIS/workspace-yarka/yarka12_GlobusSatProject2/satellite-subsystems/demo/../..//hal/hcc/lib\libHCC.a(atmel_mcipdc.o)
                0x20012df8                mcipdc_writesector
 .text.mcipdc_read.isra.5
                0x20012e34      0x160 C:/ISIS/workspace-yarka/yarka12_GlobusSatProject2/satellite-subsystems/demo/../..//hal/hcc/lib\libHCC.a(atmel_mcipdc.o)
 .text.mcipdc_readmultiplesector
                0x20012f94       0x9c C:/ISIS/workspace-yarka/yarka12_GlobusSatProject2/satellite-subsystems/demo/../..//hal/hcc/lib\libHCC.a(atmel_mcipdc.o)
                0x20012f94                mcipdc_readmultiplesector
 .text.mcipdc_readsector
                0x20013030       0x58 C:/ISIS/workspace-yarka/yarka12_GlobusSatProject2/satellite-subsystems/demo/../..//hal/hcc/lib\libHCC.a(atmel_mcipdc.o)
                0x20013030                mcipdc_readsector
 .text.atmel_mcipdc_initfunc
                0x20013088       0xf4 C:/ISIS/workspace-yarka/yarka12_GlobusSatProject2/satellite-subsystems/demo/../..//hal/hcc/lib\libHCC.a(atmel_mcipdc.o)
                0x20013088                atmel_mcipdc_initfunc
 .text.oal_task_get_id
                0x2001317c        0x4 C:/ISIS/workspace-yarka/yarka12_GlobusSatProject2/satellite-subsystems/demo/../..//hal/hcc/lib\libHCC.a(oalp_task.o)
                0x2001317c                oal_task_get_id
 .text.oal_mutex_create
                0x20013180       0x20 C:/ISIS/workspace-yarka/yarka12_GlobusSatProject2/satellite-subsystems/demo/../..//hal/hcc/lib\libHCC.a(oalp_mutex.o)
                0x20013180                oal_mutex_create
 .text.oal_mutex_delete
                0x200131a0       0x14 C:/ISIS/workspace-yarka/yarka12_GlobusSatProject2/satellite-subsystems/demo/../..//hal/hcc/lib\libHCC.a(oalp_mutex.o)
                0x200131a0                oal_mutex_delete
 .text.oal_mutex_get
                0x200131b4       0x28 C:/ISIS/workspace-yarka/yarka12_GlobusSatProject2/satellite-subsystems/demo/../..//hal/hcc/lib\libHCC.a(oalp_mutex.o)
                0x200131b4                oal_mutex_get
 .text.oal_mutex_put
                0x200131dc       0x28 C:/ISIS/workspace-yarka/yarka12_GlobusSatProject2/satellite-subsystems/demo/../..//hal/hcc/lib\libHCC.a(oalp_mutex.o)
                0x200131dc                oal_mutex_put
 .text.mcipdc_hw_init
                0x20013204       0xac C:/ISIS/workspace-yarka/yarka12_GlobusSatProject2/satellite-subsystems/demo/../..//hal/hcc/lib\libHCC.a(atmel_mcipdc_hw.o)
                0x20013204                mcipdc_hw_init
 .text.mcipdc_hw_delete
                0x200132b0       0x4c C:/ISIS/workspace-yarka/yarka12_GlobusSatProject2/satellite-subsystems/demo/../..//hal/hcc/lib\libHCC.a(atmel_mcipdc_hw.o)
                0x200132b0                mcipdc_hw_delete
 .text.mcipdc_hw_card_plugged
                0x200132fc       0x14 C:/ISIS/workspace-yarka/yarka12_GlobusSatProject2/satellite-subsystems/demo/../..//hal/hcc/lib\libHCC.a(atmel_mcipdc_hw.o)
                0x200132fc                mcipdc_hw_card_plugged
 .text.mcipdc_hw_card_writeprotect
                0x20013310       0x14 C:/ISIS/workspace-yarka/yarka12_GlobusSatProject2/satellite-subsystems/demo/../..//hal/hcc/lib\libHCC.a(atmel_mcipdc_hw.o)
                0x20013310                mcipdc_hw_card_writeprotect
 .text.psp_getcurrenttimedate
                0x20013324       0x50 C:/ISIS/workspace-yarka/yarka12_GlobusSatProject2/satellite-subsystems/demo/../..//hal/hcc/lib\libHCC.a(psp_rtc.o)
                0x20013324                psp_getcurrenttimedate
 .text._hcc_get_buf_dsc
                0x20013374       0x24 C:/ISIS/workspace-yarka/yarka12_GlobusSatProject2/satellite-subsystems/demo/../..//hal/hcc/lib\libHCC.a(hcc_mem.o)
 .text._hcc_check_free_pages
                0x20013398       0xa8 C:/ISIS/workspace-yarka/yarka12_GlobusSatProject2/satellite-subsystems/demo/../..//hal/hcc/lib\libHCC.a(hcc_mem.o)
 .text._hcc_mark_pages
                0x20013440       0x78 C:/ISIS/workspace-yarka/yarka12_GlobusSatProject2/satellite-subsystems/demo/../..//hal/hcc/lib\libHCC.a(hcc_mem.o)
 .text._hcc_clear_lock_dsc
                0x200134b8       0x44 C:/ISIS/workspace-yarka/yarka12_GlobusSatProject2/satellite-subsystems/demo/../..//hal/hcc/lib\libHCC.a(hcc_mem.o)
 .text._hcc_unlock_access
                0x200134fc        0xc C:/ISIS/workspace-yarka/yarka12_GlobusSatProject2/satellite-subsystems/demo/../..//hal/hcc/lib\libHCC.a(hcc_mem.o)
 .text._hcc_lock_access
                0x20013508       0x98 C:/ISIS/workspace-yarka/yarka12_GlobusSatProject2/satellite-subsystems/demo/../..//hal/hcc/lib\libHCC.a(hcc_mem.o)
 .text.hcc_mem_alloc
                0x200135a0      0x2a0 C:/ISIS/workspace-yarka/yarka12_GlobusSatProject2/satellite-subsystems/demo/../..//hal/hcc/lib\libHCC.a(hcc_mem.o)
                0x200135a0                hcc_mem_alloc
 .text.hcc_mem_free
                0x20013840       0xb8 C:/ISIS/workspace-yarka/yarka12_GlobusSatProject2/satellite-subsystems/demo/../..//hal/hcc/lib\libHCC.a(hcc_mem.o)
                0x20013840                hcc_mem_free
 .text.hcc_mem_add
                0x200138f8      0x13c C:/ISIS/workspace-yarka/yarka12_GlobusSatProject2/satellite-subsystems/demo/../..//hal/hcc/lib\libHCC.a(hcc_mem.o)
                0x200138f8                hcc_mem_add
 .text.hcc_mem_init
                0x20013a34       0xa0 C:/ISIS/workspace-yarka/yarka12_GlobusSatProject2/satellite-subsystems/demo/../..//hal/hcc/lib\libHCC.a(hcc_mem.o)
                0x20013a34                hcc_mem_init
 .text.hcc_mem_buf_alloc
                0x20013ad4       0x70 C:/ISIS/workspace-yarka/yarka12_GlobusSatProject2/satellite-subsystems/demo/../..//hal/hcc/lib\libHCC.a(psp_hcc_mem.o)
                0x20013ad4                hcc_mem_buf_alloc
 .text.Supervisor_prepareAndCommunicateSPI
                0x20013b44       0x80 C:/ISIS/workspace-yarka/yarka12_GlobusSatProject2/satellite-subsystems/demo/../..//hal/hal/lib\libHAL.a(supervisor.o)
 .text.Supervisor_performCommunication
                0x20013bc4      0x260 C:/ISIS/workspace-yarka/yarka12_GlobusSatProject2/satellite-subsystems/demo/../..//hal/hal/lib\libHAL.a(supervisor.o)
 .text.Supervisor_start
                0x20013e24      0x16c C:/ISIS/workspace-yarka/yarka12_GlobusSatProject2/satellite-subsystems/demo/../..//hal/hal/lib\libHAL.a(supervisor.o)
                0x20013e24                Supervisor_start
 .text.Supervisor_getHousekeeping
                0x20013f90       0x18 C:/ISIS/workspace-yarka/yarka12_GlobusSatProject2/satellite-subsystems/demo/../..//hal/hal/lib\libHAL.a(supervisor.o)
                0x20013f90                Supervisor_getHousekeeping
 .text.Supervisor_calculateAdcValues
                0x20013fa8      0x1b4 C:/ISIS/workspace-yarka/yarka12_GlobusSatProject2/satellite-subsystems/demo/../..//hal/hal/lib\libHAL.a(supervisor.o)
                0x20013fa8                Supervisor_calculateAdcValues
 .text.checksum_calculateCRC8
                0x2001415c       0x6c C:/ISIS/workspace-yarka/yarka12_GlobusSatProject2/satellite-subsystems/demo/../..//hal/hal/lib\libHAL.a(checksum.o)
                0x2001415c                checksum_calculateCRC8
 .text.checksum_prepareLUTCRC8
                0x200141c8       0x44 C:/ISIS/workspace-yarka/yarka12_GlobusSatProject2/satellite-subsystems/demo/../..//hal/hal/lib\libHAL.a(checksum.o)
                0x200141c8                checksum_prepareLUTCRC8
 .text.clearPDCtransfers
                0x2001420c       0x48 C:/ISIS/workspace-yarka/yarka12_GlobusSatProject2/satellite-subsystems/demo/../..//hal/hal/lib\libHAL.a(SPI.o)
 .text.waitForTransfer.part.0
                0x20014254       0x44 C:/ISIS/workspace-yarka/yarka12_GlobusSatProject2/satellite-subsystems/demo/../..//hal/hal/lib\libHAL.a(SPI.o)
 .text.SPI_internalCallback
                0x20014298       0x3c C:/ISIS/workspace-yarka/yarka12_GlobusSatProject2/satellite-subsystems/demo/../..//hal/hal/lib\libHAL.a(SPI.o)
 .text.SPI_stop
                0x200142d4      0x16c C:/ISIS/workspace-yarka/yarka12_GlobusSatProject2/satellite-subsystems/demo/../..//hal/hal/lib\libHAL.a(SPI.o)
                0x200142d4                SPI_stop
 .text.SPI_start
                0x20014440      0x2b4 C:/ISIS/workspace-yarka/yarka12_GlobusSatProject2/satellite-subsystems/demo/../..//hal/hal/lib\libHAL.a(SPI.o)
                0x20014440                SPI_start
 .text.SPI_queueTransfer
                0x200146f4       0xec C:/ISIS/workspace-yarka/yarka12_GlobusSatProject2/satellite-subsystems/demo/../..//hal/hal/lib\libHAL.a(SPI.o)
                0x200146f4                SPI_queueTransfer
 .text.SPI_writeRead
                0x200147e0      0x100 C:/ISIS/workspace-yarka/yarka12_GlobusSatProject2/satellite-subsystems/demo/../..//hal/hal/lib\libHAL.a(SPI.o)
                0x200147e0                SPI_writeRead
 .text.SPI_getDriverState
                0x200148e0       0x1c C:/ISIS/workspace-yarka/yarka12_GlobusSatProject2/satellite-subsystems/demo/../..//hal/hal/lib\libHAL.a(SPI.o)
                0x200148e0                SPI_getDriverState
 .text.uSdelay.constprop.0
                0x200148fc       0x4c C:/ISIS/workspace-yarka/yarka12_GlobusSatProject2/satellite-subsystems/demo/../..//hal/hal/lib\libHAL.a(LED.o)
 .text.LED_start
                0x20014948       0x10 C:/ISIS/workspace-yarka/yarka12_GlobusSatProject2/satellite-subsystems/demo/../..//hal/hal/lib\libHAL.a(LED.o)
                0x20014948                LED_start
 .text.LED_glow
                0x20014958       0x30 C:/ISIS/workspace-yarka/yarka12_GlobusSatProject2/satellite-subsystems/demo/../..//hal/hal/lib\libHAL.a(LED.o)
                0x20014958                LED_glow
 .text.LED_dark
                0x20014988       0x30 C:/ISIS/workspace-yarka/yarka12_GlobusSatProject2/satellite-subsystems/demo/../..//hal/hal/lib\libHAL.a(LED.o)
                0x20014988                LED_dark
 .text.LED_toggle
                0x200149b8       0x1c C:/ISIS/workspace-yarka/yarka12_GlobusSatProject2/satellite-subsystems/demo/../..//hal/hal/lib\libHAL.a(LED.o)
                0x200149b8                LED_toggle
 .text.LED_wave
                0x200149d4       0x80 C:/ISIS/workspace-yarka/yarka12_GlobusSatProject2/satellite-subsystems/demo/../..//hal/hal/lib\libHAL.a(LED.o)
                0x200149d4                LED_wave
 .text.LED_waveReverse
                0x20014a54       0x80 C:/ISIS/workspace-yarka/yarka12_GlobusSatProject2/satellite-subsystems/demo/../..//hal/hal/lib\libHAL.a(LED.o)
                0x20014a54                LED_waveReverse
 .text.I2C_internalCallback
                0x20014ad4       0x3c C:/ISIS/workspace-yarka/yarka12_GlobusSatProject2/satellite-subsystems/demo/../..//hal/hal/lib\libHAL.a(I2C.o)
 .text.I2C_queueTransfer
                0x20014b10      0x110 C:/ISIS/workspace-yarka/yarka12_GlobusSatProject2/satellite-subsystems/demo/../..//hal/hal/lib\libHAL.a(I2C.o)
                0x20014b10                I2C_queueTransfer
 .text.I2C_doBlockingTransfer
                0x20014c20      0x110 C:/ISIS/workspace-yarka/yarka12_GlobusSatProject2/satellite-subsystems/demo/../..//hal/hal/lib\libHAL.a(I2C.o)
 .text.I2C_write
                0x20014d30       0x60 C:/ISIS/workspace-yarka/yarka12_GlobusSatProject2/satellite-subsystems/demo/../..//hal/hal/lib\libHAL.a(I2C.o)
                0x20014d30                I2C_write
 .text.I2C_writeRead
                0x20014d90       0xa0 C:/ISIS/workspace-yarka/yarka12_GlobusSatProject2/satellite-subsystems/demo/../..//hal/hal/lib\libHAL.a(I2C.o)
                0x20014d90                I2C_writeRead
 .text.I2C_stop
                0x20014e30       0xf8 C:/ISIS/workspace-yarka/yarka12_GlobusSatProject2/satellite-subsystems/demo/../..//hal/hal/lib\libHAL.a(I2C.o)
                0x20014e30                I2C_stop
 .text.I2C_setTransferTimeout
                0x20014f28       0x1c C:/ISIS/workspace-yarka/yarka12_GlobusSatProject2/satellite-subsystems/demo/../..//hal/hal/lib\libHAL.a(I2C.o)
                0x20014f28                I2C_setTransferTimeout
 .text.I2C_start
                0x20014f44      0x200 C:/ISIS/workspace-yarka/yarka12_GlobusSatProject2/satellite-subsystems/demo/../..//hal/hal/lib\libHAL.a(I2C.o)
                0x20014f44                I2C_start
 .text.I2C_getDriverState
                0x20015144       0x10 C:/ISIS/workspace-yarka/yarka12_GlobusSatProject2/satellite-subsystems/demo/../..//hal/hal/lib\libHAL.a(I2C.o)
                0x20015144                I2C_getDriverState
 .text.Time_isLeapYear
                0x20015154       0x4c C:/ISIS/workspace-yarka/yarka12_GlobusSatProject2/satellite-subsystems/demo/../..//hal/hal/lib\libHAL.a(Time.o)
                0x20015154                Time_isLeapYear
 .text.Time_calculateSecondsOfYear
                0x200151a0       0x78 C:/ISIS/workspace-yarka/yarka12_GlobusSatProject2/satellite-subsystems/demo/../..//hal/hal/lib\libHAL.a(Time.o)
 .text.Time_get
                0x20015218      0x200 C:/ISIS/workspace-yarka/yarka12_GlobusSatProject2/satellite-subsystems/demo/../..//hal/hal/lib\libHAL.a(Time.o)
                0x20015218                Time_get
 .text.WDT_start
                0x20015418       0x3c C:/ISIS/workspace-yarka/yarka12_GlobusSatProject2/satellite-subsystems/demo/../..//hal/hal/lib\libHAL.a(WatchDogTimerNoOS.o)
                0x20015418                WDT_start
 .text.RTT_GetTime
                0x20015454        0xc C:/ISIS/workspace-yarka/yarka12_GlobusSatProject2/satellite-subsystems/demo/../..//hal/hal/lib\libHAL.a(RTT.o)
                0x20015454                RTT_GetTime
 .text.WDT_startWatchdogKickTask
                0x20015460       0x88 C:/ISIS/workspace-yarka/yarka12_GlobusSatProject2/satellite-subsystems/demo/../..//hal/hal/lib\libHAL.a(WatchDogTimerOS.o)
                0x20015460                WDT_startWatchdogKickTask
 .text.WDT_forceKickEveryNms
                0x200154e8       0x34 C:/ISIS/workspace-yarka/yarka12_GlobusSatProject2/satellite-subsystems/demo/../..//hal/hal/lib\libHAL.a(WatchDogTimerOS.o)
                0x200154e8                WDT_forceKickEveryNms
 .text.UTIL_DbguGetInteger
                0x2001551c       0xd8 C:/ISIS/workspace-yarka/yarka12_GlobusSatProject2/satellite-subsystems/demo/../..//hal/hal/lib\libHAL.a(util.o)
                0x2001551c                UTIL_DbguGetInteger
 .text.UTIL_DbguGetIntegerMinMax
                0x200155f4       0x74 C:/ISIS/workspace-yarka/yarka12_GlobusSatProject2/satellite-subsystems/demo/../..//hal/hal/lib\libHAL.a(util.o)
                0x200155f4                UTIL_DbguGetIntegerMinMax
 .text.UTIL_DbguGetHexa32
                0x20015668       0xcc C:/ISIS/workspace-yarka/yarka12_GlobusSatProject2/satellite-subsystems/demo/../..//hal/hal/lib\libHAL.a(util.o)
                0x20015668                UTIL_DbguGetHexa32
 .text.prvCopyDataToQueue
                0x20015734       0xc4 C:/ISIS/workspace-yarka/yarka12_GlobusSatProject2/satellite-subsystems/demo/../..//hal/freertos/lib\libFreeRTOS.a(queue.o)
 .text.prvCopyDataFromQueue
                0x200157f8       0x40 C:/ISIS/workspace-yarka/yarka12_GlobusSatProject2/satellite-subsystems/demo/../..//hal/freertos/lib\libFreeRTOS.a(queue.o)
 .text.prvNotifyQueueSetContainer
                0x20015838       0xb4 C:/ISIS/workspace-yarka/yarka12_GlobusSatProject2/satellite-subsystems/demo/../..//hal/freertos/lib\libFreeRTOS.a(queue.o)
 .text.prvUnlockQueue
                0x200158ec       0xc8 C:/ISIS/workspace-yarka/yarka12_GlobusSatProject2/satellite-subsystems/demo/../..//hal/freertos/lib\libFreeRTOS.a(queue.o)
 .text.xQueueGenericReset
                0x200159b4       0xbc C:/ISIS/workspace-yarka/yarka12_GlobusSatProject2/satellite-subsystems/demo/../..//hal/freertos/lib\libFreeRTOS.a(queue.o)
                0x200159b4                xQueueGenericReset
 .text.xQueueGenericCreate
                0x20015a70       0x8c C:/ISIS/workspace-yarka/yarka12_GlobusSatProject2/satellite-subsystems/demo/../..//hal/freertos/lib\libFreeRTOS.a(queue.o)
                0x20015a70                xQueueGenericCreate
 .text.xQueueGenericSend
                0x20015afc      0x1f8 C:/ISIS/workspace-yarka/yarka12_GlobusSatProject2/satellite-subsystems/demo/../..//hal/freertos/lib\libFreeRTOS.a(queue.o)
                0x20015afc                xQueueGenericSend
 .text.xQueueCreateMutex
                0x20015cf4       0x9c C:/ISIS/workspace-yarka/yarka12_GlobusSatProject2/satellite-subsystems/demo/../..//hal/freertos/lib\libFreeRTOS.a(queue.o)
                0x20015cf4                xQueueCreateMutex
 .text.xQueueGenericSendFromISR
                0x20015d90      0x148 C:/ISIS/workspace-yarka/yarka12_GlobusSatProject2/satellite-subsystems/demo/../..//hal/freertos/lib\libFreeRTOS.a(queue.o)
                0x20015d90                xQueueGenericSendFromISR
 .text.xQueueGenericReceive
                0x20015ed8      0x204 C:/ISIS/workspace-yarka/yarka12_GlobusSatProject2/satellite-subsystems/demo/../..//hal/freertos/lib\libFreeRTOS.a(queue.o)
                0x20015ed8                xQueueGenericReceive
 .text.uxQueueMessagesWaiting
                0x200160dc       0x4c C:/ISIS/workspace-yarka/yarka12_GlobusSatProject2/satellite-subsystems/demo/../..//hal/freertos/lib\libFreeRTOS.a(queue.o)
                0x200160dc                uxQueueMessagesWaiting
 .text.vQueueUnregisterQueue
                0x20016128       0x38 C:/ISIS/workspace-yarka/yarka12_GlobusSatProject2/satellite-subsystems/demo/../..//hal/freertos/lib\libFreeRTOS.a(queue.o)
                0x20016128                vQueueUnregisterQueue
 .text.vQueueDelete
                0x20016160       0x50 C:/ISIS/workspace-yarka/yarka12_GlobusSatProject2/satellite-subsystems/demo/../..//hal/freertos/lib\libFreeRTOS.a(queue.o)
                0x20016160                vQueueDelete
 .text.vQueueWaitForMessageRestricted
                0x200161b0       0x58 C:/ISIS/workspace-yarka/yarka12_GlobusSatProject2/satellite-subsystems/demo/../..//hal/freertos/lib\libFreeRTOS.a(queue.o)
                0x200161b0                vQueueWaitForMessageRestricted
 .text.vListInitialise
                0x20016208       0x24 C:/ISIS/workspace-yarka/yarka12_GlobusSatProject2/satellite-subsystems/demo/../..//hal/freertos/lib\libFreeRTOS.a(list.o)
                0x20016208                vListInitialise
 .text.vListInitialiseItem
                0x2001622c        0xc C:/ISIS/workspace-yarka/yarka12_GlobusSatProject2/satellite-subsystems/demo/../..//hal/freertos/lib\libFreeRTOS.a(list.o)
                0x2001622c                vListInitialiseItem
 .text.vListInsertEnd
                0x20016238       0x30 C:/ISIS/workspace-yarka/yarka12_GlobusSatProject2/satellite-subsystems/demo/../..//hal/freertos/lib\libFreeRTOS.a(list.o)
                0x20016238                vListInsertEnd
 .text.vListInsert
                0x20016268       0x58 C:/ISIS/workspace-yarka/yarka12_GlobusSatProject2/satellite-subsystems/demo/../..//hal/freertos/lib\libFreeRTOS.a(list.o)
                0x20016268                vListInsert
 .text.uxListRemove
                0x200162c0       0x3c C:/ISIS/workspace-yarka/yarka12_GlobusSatProject2/satellite-subsystems/demo/../..//hal/freertos/lib\libFreeRTOS.a(list.o)
                0x200162c0                uxListRemove
 .text.prvAddCurrentTaskToDelayedList
                0x200162fc       0x60 C:/ISIS/workspace-yarka/yarka12_GlobusSatProject2/satellite-subsystems/demo/../..//hal/freertos/lib\libFreeRTOS.a(tasks.o)
 .text.xTaskGenericCreate
                0x2001635c      0x3e0 C:/ISIS/workspace-yarka/yarka12_GlobusSatProject2/satellite-subsystems/demo/../..//hal/freertos/lib\libFreeRTOS.a(tasks.o)
                0x2001635c                xTaskGenericCreate
 .text.vTaskDelete
                0x2001673c       0x88 C:/ISIS/workspace-yarka/yarka12_GlobusSatProject2/satellite-subsystems/demo/../..//hal/freertos/lib\libFreeRTOS.a(tasks.o)
                0x2001673c                vTaskDelete
 .text.vTaskStartScheduler
                0x200167c4       0xc8 C:/ISIS/workspace-yarka/yarka12_GlobusSatProject2/satellite-subsystems/demo/../..//hal/freertos/lib\libFreeRTOS.a(tasks.o)
                0x200167c4                vTaskStartScheduler
 .text.vTaskSuspendAll
                0x2001688c       0x18 C:/ISIS/workspace-yarka/yarka12_GlobusSatProject2/satellite-subsystems/demo/../..//hal/freertos/lib\libFreeRTOS.a(tasks.o)
                0x2001688c                vTaskSuspendAll
 .text.xTaskGetTickCount
                0x200168a4       0x20 C:/ISIS/workspace-yarka/yarka12_GlobusSatProject2/satellite-subsystems/demo/../..//hal/freertos/lib\libFreeRTOS.a(tasks.o)
                0x200168a4                xTaskGetTickCount
 .text.xTaskIncrementTick
                0x200168c4      0x16c C:/ISIS/workspace-yarka/yarka12_GlobusSatProject2/satellite-subsystems/demo/../..//hal/freertos/lib\libFreeRTOS.a(tasks.o)
                0x200168c4                xTaskIncrementTick
 .text.xTaskResumeAll
                0x20016a30      0x140 C:/ISIS/workspace-yarka/yarka12_GlobusSatProject2/satellite-subsystems/demo/../..//hal/freertos/lib\libFreeRTOS.a(tasks.o)
                0x20016a30                xTaskResumeAll
 .text.prvIdleTask
                0x20016b70       0x7c C:/ISIS/workspace-yarka/yarka12_GlobusSatProject2/satellite-subsystems/demo/../..//hal/freertos/lib\libFreeRTOS.a(tasks.o)
 .text.vTaskDelay
                0x20016bec       0x4c C:/ISIS/workspace-yarka/yarka12_GlobusSatProject2/satellite-subsystems/demo/../..//hal/freertos/lib\libFreeRTOS.a(tasks.o)
                0x20016bec                vTaskDelay
 .text.vTaskDelayUntil
                0x20016c38       0xe0 C:/ISIS/workspace-yarka/yarka12_GlobusSatProject2/satellite-subsystems/demo/../..//hal/freertos/lib\libFreeRTOS.a(tasks.o)
                0x20016c38                vTaskDelayUntil
 .text.vTaskSwitchContext
                0x20016d18       0xfc C:/ISIS/workspace-yarka/yarka12_GlobusSatProject2/satellite-subsystems/demo/../..//hal/freertos/lib\libFreeRTOS.a(tasks.o)
                0x20016d18                vTaskSwitchContext
 .text.vTaskPlaceOnEventList
                0x20016e14       0x84 C:/ISIS/workspace-yarka/yarka12_GlobusSatProject2/satellite-subsystems/demo/../..//hal/freertos/lib\libFreeRTOS.a(tasks.o)
                0x20016e14                vTaskPlaceOnEventList
 .text.vTaskPlaceOnEventListRestricted
                0x20016e98       0x6c C:/ISIS/workspace-yarka/yarka12_GlobusSatProject2/satellite-subsystems/demo/../..//hal/freertos/lib\libFreeRTOS.a(tasks.o)
                0x20016e98                vTaskPlaceOnEventListRestricted
 .text.xTaskRemoveFromEventList
                0x20016f04       0xbc C:/ISIS/workspace-yarka/yarka12_GlobusSatProject2/satellite-subsystems/demo/../..//hal/freertos/lib\libFreeRTOS.a(tasks.o)
                0x20016f04                xTaskRemoveFromEventList
 .text.vTaskSetTimeOutState
                0x20016fc0       0x54 C:/ISIS/workspace-yarka/yarka12_GlobusSatProject2/satellite-subsystems/demo/../..//hal/freertos/lib\libFreeRTOS.a(tasks.o)
                0x20016fc0                vTaskSetTimeOutState
 .text.xTaskCheckForTimeOut
                0x20017014       0xd4 C:/ISIS/workspace-yarka/yarka12_GlobusSatProject2/satellite-subsystems/demo/../..//hal/freertos/lib\libFreeRTOS.a(tasks.o)
                0x20017014                xTaskCheckForTimeOut
 .text.vTaskMissedYield
                0x200170e8       0x14 C:/ISIS/workspace-yarka/yarka12_GlobusSatProject2/satellite-subsystems/demo/../..//hal/freertos/lib\libFreeRTOS.a(tasks.o)
                0x200170e8                vTaskMissedYield
 .text.xTaskGetCurrentTaskHandle
                0x200170fc       0x10 C:/ISIS/workspace-yarka/yarka12_GlobusSatProject2/satellite-subsystems/demo/../..//hal/freertos/lib\libFreeRTOS.a(tasks.o)
                0x200170fc                xTaskGetCurrentTaskHandle
 .text.xTaskGetSchedulerState
                0x2001710c       0x28 C:/ISIS/workspace-yarka/yarka12_GlobusSatProject2/satellite-subsystems/demo/../..//hal/freertos/lib\libFreeRTOS.a(tasks.o)
                0x2001710c                xTaskGetSchedulerState
 .text.vTaskPriorityInherit
                0x20017134       0x98 C:/ISIS/workspace-yarka/yarka12_GlobusSatProject2/satellite-subsystems/demo/../..//hal/freertos/lib\libFreeRTOS.a(tasks.o)
                0x20017134                vTaskPriorityInherit
 .text.vTaskPriorityDisinherit
                0x200171cc       0x68 C:/ISIS/workspace-yarka/yarka12_GlobusSatProject2/satellite-subsystems/demo/../..//hal/freertos/lib\libFreeRTOS.a(tasks.o)
                0x200171cc                vTaskPriorityDisinherit
 .text.prvCheckForValidListAndQueue
                0x20017234       0x58 C:/ISIS/workspace-yarka/yarka12_GlobusSatProject2/satellite-subsystems/demo/../..//hal/freertos/lib\libFreeRTOS.a(timers.o)
 .text.prvInsertTimerInActiveList
                0x2001728c       0x70 C:/ISIS/workspace-yarka/yarka12_GlobusSatProject2/satellite-subsystems/demo/../..//hal/freertos/lib\libFreeRTOS.a(timers.o)
 .text.xTimerCreateTimerTask
                0x200172fc       0x88 C:/ISIS/workspace-yarka/yarka12_GlobusSatProject2/satellite-subsystems/demo/../..//hal/freertos/lib\libFreeRTOS.a(timers.o)
                0x200172fc                xTimerCreateTimerTask
 .text.xTimerGenericCommand
                0x20017384       0x70 C:/ISIS/workspace-yarka/yarka12_GlobusSatProject2/satellite-subsystems/demo/../..//hal/freertos/lib\libFreeRTOS.a(timers.o)
                0x20017384                xTimerGenericCommand
 .text.prvSwitchTimerLists.isra.1
                0x200173f4       0xd0 C:/ISIS/workspace-yarka/yarka12_GlobusSatProject2/satellite-subsystems/demo/../..//hal/freertos/lib\libFreeRTOS.a(timers.o)
 .text.prvTimerTask
                0x200174c4      0x288 C:/ISIS/workspace-yarka/yarka12_GlobusSatProject2/satellite-subsystems/demo/../..//hal/freertos/lib\libFreeRTOS.a(timers.o)
 .text.vApplicationStackOverflowHook
                0x2001774c       0x50 C:/ISIS/workspace-yarka/yarka12_GlobusSatProject2/satellite-subsystems/demo/../..//hal/freertos/lib\libFreeRTOS.a(hooks.o)
                0x2001774c                vApplicationStackOverflowHook
 .text.vApplicationIdleHook
                0x2001779c        0x4 C:/ISIS/workspace-yarka/yarka12_GlobusSatProject2/satellite-subsystems/demo/../..//hal/freertos/lib\libFreeRTOS.a(hooks.o)
                0x2001779c                vApplicationIdleHook
 .text.vApplicationMallocFailedHook
                0x200177a0       0x28 C:/ISIS/workspace-yarka/yarka12_GlobusSatProject2/satellite-subsystems/demo/../..//hal/freertos/lib\libFreeRTOS.a(hooks.o)
                0x200177a0                vApplicationMallocFailedHook
 .text.pvPortMalloc
                0x200177c8        0x4 C:/ISIS/workspace-yarka/yarka12_GlobusSatProject2/satellite-subsystems/demo/../..//hal/freertos/lib\libFreeRTOS.a(standardMemMang.o)
                0x200177c8                pvPortMalloc
 .text.vPortFree
                0x200177cc        0x4 C:/ISIS/workspace-yarka/yarka12_GlobusSatProject2/satellite-subsystems/demo/../..//hal/freertos/lib\libFreeRTOS.a(standardMemMang.o)
                0x200177cc                vPortFree
 .text._sbrk    0x200177d0       0x78 C:/ISIS/workspace-yarka/yarka12_GlobusSatProject2/satellite-subsystems/demo/../..//hal/freertos/lib\libFreeRTOS.a(standardMemMang.o)
                0x200177d0                _sbrk
 .text.__malloc_lock
                0x20017848        0x4 C:/ISIS/workspace-yarka/yarka12_GlobusSatProject2/satellite-subsystems/demo/../..//hal/freertos/lib\libFreeRTOS.a(standardMemMang.o)
                0x20017848                __malloc_lock
 .text.__malloc_unlock
                0x2001784c        0x4 C:/ISIS/workspace-yarka/yarka12_GlobusSatProject2/satellite-subsystems/demo/../..//hal/freertos/lib\libFreeRTOS.a(standardMemMang.o)
                0x2001784c                __malloc_unlock
 .text.pxPortInitialiseStack
                0x20017850       0xb8 C:/ISIS/workspace-yarka/yarka12_GlobusSatProject2/satellite-subsystems/demo/../..//hal/freertos/lib\libFreeRTOS.a(port.o)
                0x20017850                pxPortInitialiseStack
 .text.xPortStartScheduler
                0x20017908       0x94 C:/ISIS/workspace-yarka/yarka12_GlobusSatProject2/satellite-subsystems/demo/../..//hal/freertos/lib\libFreeRTOS.a(port.o)
                0x20017908                xPortStartScheduler
 .text.vPortEnterCritical
                0x2001799c       0x2c C:/ISIS/workspace-yarka/yarka12_GlobusSatProject2/satellite-subsystems/demo/../..//hal/freertos/lib\libFreeRTOS.a(port.o)
                0x2001799c                vPortEnterCritical
 .text.vPortExitCritical
                0x200179c8       0x44 C:/ISIS/workspace-yarka/yarka12_GlobusSatProject2/satellite-subsystems/demo/../..//hal/freertos/lib\libFreeRTOS.a(port.o)
                0x200179c8                vPortExitCritical
 .text._read    0x20017a0c       0x54 C:/ISIS/workspace-yarka/yarka12_GlobusSatProject2/satellite-subsystems/demo/../..//hal/at91/lib\libAt91.a(syscalls.o)
                0x20017a0c                _read
 .text._write   0x20017a60       0x6c C:/ISIS/workspace-yarka/yarka12_GlobusSatProject2/satellite-subsystems/demo/../..//hal/at91/lib\libAt91.a(syscalls.o)
                0x20017a60                _write
 .text._lseek   0x20017acc        0x8 C:/ISIS/workspace-yarka/yarka12_GlobusSatProject2/satellite-subsystems/demo/../..//hal/at91/lib\libAt91.a(syscalls.o)
                0x20017acc                _lseek